08-24 13:27:21.329 W/unknown:ViewManagerPropertyUpdater(12224): Could not find generated setter for class com.facebook.react.views.textinput.ReactTextInputManager
08-24 13:27:21.334 W/unknown:ViewManagerPropertyUpdater(12224): Could not find generated setter for class com.facebook.react.views.textinput.ReactTextInputShadowNode
08-24 13:27:21.337 W/unknown:ViewManagerPropertyUpdater(12224): Could not find generated setter for class com.facebook.react.views.text.ReactTextViewManager
08-24 13:27:21.339 W/unknown:ViewManagerPropertyUpdater(12224): Could not find generated setter for class com.facebook.react.views.text.ReactTextShadowNode
08-24 13:27:21.340 W/unknown:ViewManagerPropertyUpdater(12224): Could not find generated setter for class com.facebook.react.views.view.ReactViewManager
08-24 13:27:21.341 W/unknown:ViewManagerPropertyUpdater(12224): Could not find generated setter for class com.facebook.react.views.text.ReactVirtualTextViewManager
08-24 13:27:21.341 W/unknown:ViewManagerPropertyUpdater(12224): Could not find generated setter for class com.facebook.react.views.text.ReactVirtualTextShadowNode
08-24 13:27:21.342 W/unknown:ViewManagerPropertyUpdater(12224): Could not find generated setter for class com.facebook.react.views.unimplementedview.ReactUnimplementedViewManager
08-24 13:27:21.343 W/unknown:ViewManagerPropertyUpdater(12224): Could not find generated setter for class expo.modules.kotlin.views.GroupViewManagerWrapper
08-24 13:27:21.347 W/unknown:ViewManagerPropertyUpdater(12224): Could not find generated setter for class com.th3rdwave.safeareacontext.SafeAreaProviderManager
08-24 13:27:21.348 W/unknown:ViewManagerPropertyUpdater(12224): Could not find generated setter for class com.th3rdwave.safeareacontext.SafeAreaViewManager
08-24 13:27:21.348 W/unknown:ViewManagerPropertyUpdater(12224): Could not find generated setter for class com.th3rdwave.safeareacontext.SafeAreaViewShadowNode
08-24 13:27:21.379 D/ViewRootImplExtImpl(12224): wrapConfigInfoIntoFlags rotation=0, smallestScreenWidthDp=360, relayoutAsync=true, flags=0, newFlags=23592960, residentWS=false, title=com.nareshkumarbalamurugan.YuvaUpdate/com.nareshkumarbalamurugan.YuvaUpdate.MainActivity
08-24 13:27:21.380 D/WindowManagerServiceExtImpl( 1863): extractConfigInfoAndRealFlags rotation=0, screenDp=360, residentWS:0, win=Window{c58fdaa u0 com.nareshkumarbalamurugan.YuvaUpdate/com.nareshkumarbalamurugan.YuvaUpdate.MainActivity}
08-24 13:27:21.380 D/VRI[MainActivity](12224): relayoutWindow result, sizeChanged:false, surfaceControlChanged:false, transformHintChanged:false, mSurfaceSize:Point(720, 1612), mLastSurfaceSize:Point(720, 1612), mWidth:720, mHeight:1612, requestedWidth:720, requestedHeight:1612, transformHint:0, installOrientation:0, displayRotation:0, isSurfaceValid:true, attr.flag:-2122252032, tmpFrames:ClientWindowFrames{frame=[0,0][720,1612] display=[0,0][720,1612] parentFrame=[0,0][720,1612]}, relayoutAsync:true, mSyncSeqId:0
08-24 13:27:21.380 V/WindowManager( 1863): Relayout Window{c58fdaa u0 com.nareshkumarbalamurugan.YuvaUpdate/com.nareshkumarbalamurugan.YuvaUpdate.MainActivity}: viewVisibility=0, oldvis=0, req=720x1612, vsysui=, x=0, y=0
08-24 13:27:21.381 W/VRI[MainActivity](12224): updateBlastSurfaceIfNeeded, surfaceSize:Point(720, 1612), lastSurfaceSize:Point(720, 1612), format:-1, blastBufferQueue:android.graphics.BLASTBufferQueue@e8eca25
08-24 13:27:21.381 I/SurfaceControl(12224):  setExtendedRangeBrightness sc=Surface(name=com.nareshkumarbalamurugan.YuvaUpdate/com.nareshkumarbalamurugan.YuvaUpdate.MainActivity)/@0xe781ec6,currentBufferRatio=1.0,desiredRatio=1.0
08-24 13:27:21.399 D/Auth    (12224): instance-initialized
08-24 13:27:21.604 I/mtkpower_client( 1863): perf_lock_acq, hdl:14031, dur:3000, num:4, pid:1863, tid:2250
08-24 13:27:21.605 I/mtkpower_client( 1863): ret_hdl:14197
08-24 13:27:21.605 I/mtkpower_client( 1863): perf_lock_rel, hdl:14197, tid:2250
08-24 13:27:21.606 I/libPowerHal(  954): [perfLockAcq] idx:2 hdl:14197 hint:-1 pid:1863 tid:2250 duration:3000 lock_user:system_server => ret_hdl:14197
08-24 13:27:21.606 I/libPowerHal(  954): end_default_hold_time HindID : 57
08-24 13:27:21.606 I/libPowerHal(  954): [disableScenarioByHintId] Disable HindID : 21
08-24 13:27:21.606 I/libPowerHal(  954): [disableScenarioByHintId] disableScenarioByHintId: HindID : 21
08-24 13:27:21.606 I/[UAH_CLIENT](  954): UahRelease, handle:34925
08-24 13:27:21.606 I/libPowerHal(  954): [perfScnUpdate] release powerhal handle 14195
08-24 13:27:21.607 I/libPowerHal(  954): [PD] MTKPOWER_HINT_PROCESS_CREATE update cmd:1408300 param:40, pr:3
08-24 13:27:21.607 I/libPowerHal(  954): [PD] MTKPOWER_HINT_PROCESS_CREATE update cmd:300c000 param:0, pr:6
08-24 13:27:21.609 I/libPowerHal(  954): [disableScenarioByHintId] Disable HindID : 57
08-24 13:27:21.609 I/libPowerHal(  954): [PE] system_server update ONESHOT(set) cmd:3410300 param:57 pr:3
08-24 13:27:21.609 I/libPowerHal(  954): [perfLockAcq] Done for hdl : 14197
08-24 13:27:21.609 I/libPowerHal(  954): [perfLockRel] hdl:14197, idx:2
08-24 13:27:21.609 I/libPowerHal(  954): [perfScnUpdate] release powerhal handle 14197
08-24 13:27:21.610 I/libPowerHal(  954): end_default_hold_time HindID : 57
08-24 13:27:21.610 I/libPowerHal(  954): [disableScenarioByHintId] Disable HindID : 21
08-24 13:27:21.610 I/libPowerHal(  954): [disableScenarioByHintId] Disable HindID : 57
08-24 13:27:21.610 I/libPowerHal(  954): [PD] system_server update ONESHOT(unset) cmd:3410300 param:57 pr:3
08-24 13:27:21.610 I/libPowerHal(  954): [perfLockRel] Done for hdl : 14197
08-24 13:27:21.631 D/CommonApp-154-10189( 2684): transport layer data is invalid
08-24 13:27:21.632 D/CommonApp-154-10094( 2684): transport layer data is invalid
08-24 13:27:21.635 D/OplusScrollToTopManager(12224): com.nareshkumarbalamurugan.YuvaUpdate/com.nareshkumarbalamurugan.YuvaUpdate.MainActivity,This com.android.internal.policy.DecorView{6e30ff0 V.E...... R....... 0,0-720,1612 aid=0 alpha=1.0 viewInfo = }[MainActivity] change focus to true
08-24 13:27:21.653 D/nativeloader(12224): Load /data/app/~~0JqkRpiz0w6tc-C98DLYPg==/com.nareshkumarbalamurugan.YuvaUpdate-CywwvbOF4TGouM7miNPBWg==/base.apk!/lib/arm64-v8a/libexpo-modules-core.so using class loader ns clns-7 (caller=/data/app/~~0JqkRpiz0w6tc-C98DLYPg==/com.nareshkumarbalamurugan.YuvaUpdate-CywwvbOF4TGouM7miNPBWg==/base.apk!classes6.dex): ok
08-24 13:27:21.663 I/ExpoModulesCore(12224):  JSI interop was installed
08-24 13:27:21.677 I/ExpoModulesCore(12224):  Constants were exported
08-24 13:27:21.719 V/AsyncStorageExpoMigration(12224): No scoped database found
08-24 13:27:21.765 E/NetlinkUtils( 2647): receiveNetlinkAck, errmsg=NetlinkErrorMessage{ nlmsghdr{StructNlMsgHdr{ nlmsg_len{100}, nlmsg_type{2()}, nlmsg_flags{0()}, nlmsg_seq{1}, nlmsg_pid{-188424671} }}, nlmsgerr{StructNlMsgErr{ error{-2}, msg{StructNlMsgHdr{ nlmsg_len{80}, nlmsg_type{256()}, nlmsg_flags{261(NLM_F_REQUEST|NLM_F_ACK|NLM_F_ROOT)}, nlmsg_seq{1}, nlmsg_pid{0} }} }} }
08-24 13:27:21.765 W/Tethering( 2647): [BpfCoordinator] WARN Failed to update conntrack entry (proto: 6, src4: /10.126.137.155, srcPort: 54540, dst4: /35.223.238.178, dstPort: 443), msg: 50000000000105010100000000000000020000003400018014000180080001000A7E899B0800020023DFEEB21C000280050001000600000006000200D50C00000600030001BB00000800070000069780, e: android.system.ErrnoException: NetlinkErrorMessage{ nlmsghdr{StructNlMsgHdr{ nlmsg_len{100}, nlmsg_type{2()}, nlmsg_flags{0()}, nlmsg_seq{1}, nlmsg_pid{-188424671} }}, nlmsgerr{StructNlMsgErr{ error{-2}, msg{StructNlMsgHdr{ nlmsg_len{80}, nlmsg_type{256()}, nlmsg_flags{261(NLM_F_REQUEST|NLM_F_ACK|NLM_F_ROOT)}, nlmsg_seq{1}, nlmsg_pid{0} }} }} } failed: ENOENT (No such file or directory)
08-24 13:27:21.787 D/AtCmdParser( 2801): [PHONE0]< com.oplus.telephony.AtCmdParser$2@fff2a17 urc ind:+ECSQ: 79,49,-416,1,1,-15,-429,32768,24,78,32767,32767,32767
08-24 13:27:21.836 E/NetlinkUtils( 2647): receiveNetlinkAck, errmsg=NetlinkErrorMessage{ nlmsghdr{StructNlMsgHdr{ nlmsg_len{100}, nlmsg_type{2()}, nlmsg_flags{0()}, nlmsg_seq{1}, nlmsg_pid{-40323143} }}, nlmsgerr{StructNlMsgErr{ error{-2}, msg{StructNlMsgHdr{ nlmsg_len{80}, nlmsg_type{256()}, nlmsg_flags{261(NLM_F_REQUEST|NLM_F_ACK|NLM_F_ROOT)}, nlmsg_seq{1}, nlmsg_pid{0} }} }} }
08-24 13:27:21.837 W/Tethering( 2647): [BpfCoordinator] WARN Failed to update conntrack entry (proto: 6, src4: /10.126.137.155, srcPort: 54540, dst4: /35.223.238.178, dstPort: 443), msg: 50000000000105010100000000000000020000003400018014000180080001000A7E899B0800020023DFEEB21C000280050001000600000006000200D50C00000600030001BB00000800070000069780, e: android.system.ErrnoException: NetlinkErrorMessage{ nlmsghdr{StructNlMsgHdr{ nlmsg_len{100}, nlmsg_type{2()}, nlmsg_flags{0()}, nlmsg_seq{1}, nlmsg_pid{-40323143} }}, nlmsgerr{StructNlMsgErr{ error{-2}, msg{StructNlMsgHdr{ nlmsg_len{80}, nlmsg_type{256()}, nlmsg_flags{261(NLM_F_REQUEST|NLM_F_ACK|NLM_F_ROOT)}, nlmsg_seq{1}, nlmsg_pid{0} }} }} } failed: ENOENT (No such file or directory)
08-24 13:27:21.946 E/NhsAppRILAidl/0( 2699): onEventIndication: 2
08-24 13:27:21.948 D/AtCmdParser( 2801): parserAtcmdUrc can not find parser for +EDMFAPP
08-24 13:27:21.962 E/NhsAppRILAidl/0( 2699): onEventIndication: 2
08-24 13:27:21.963 D/AtCmdParser( 2801): parserAtcmdUrc can not find parser for +EDMFAPP
08-24 13:27:21.970 I/[0]DCS-UploadThread(30115): uploadAppEnterLaunchInfo: data list size = 0
08-24 13:27:21.971 I/[0]DCS-UploadThread(30115): uploadAppEnterLaunchInfo: data list size = 0
08-24 13:27:21.977 E/NhsAppRILAidl/0( 2699): onEventIndication: 2
08-24 13:27:21.978 D/AtCmdParser( 2801): parserAtcmdUrc can not find parser for +EDMFAPP
08-24 13:27:21.981 D/UlPriorityPred( 2684): rsrp -106 ,ulbsr: 183 ,ulpdcptput: 759 nextLimit: 210.0 flag: false mTimes: 0 inLimit: false
08-24 13:27:22.018 D/ULogGuard( 1387): Monitoring: 2 threads, 0 requests, 0 time-bombs; 2 guards. ResetFlags = 0x7
08-24 13:27:22.224 E/horae   ( 3592): 0: back:35012,frame:33259,front:34852, 4, +(2609), 1 ,34500,37621,36325,36381,36000, target_temp:35012, algo:0
08-24 13:27:22.225 D/Acc-OplusLinkBoostCommon( 2684): notifyThermalBroadCast level = 4 temp = 350,lastTemp: 349
08-24 13:27:22.225 D/ShellSubscriberWorkerThread( 5962): the first 8 bytes empty, and RestData length > 8 
08-24 13:27:22.253 W/ReactNativeJS(12224): getReactNativePersistence not found; falling back to getAuth
08-24 13:27:22.257 W/ReactNativeJS(12224): '[2025-08-24T07:57:22.254Z]  @firebase/auth:', 'Auth (12.1.0): \nYou are initializing Firebase Auth for React Native without providing\nAsyncStorage. Auth state will default to memory persistence and will not\npersist between sessions. In order to persist auth state, install the package\n"@react-native-async-storage/async-storage" and provide it to\ninitializeAuth:\n\nimport { initializeAuth, getReactNativePersistence } from \'firebase/auth\';\nimport ReactNativeAsyncStorage from \'@react-native-async-storage/async-storage\';\nconst auth = initializeAuth(app, {\n  persistence: getReactNativePersistence(ReactNativeAsyncStorage)\n});\n'
08-24 13:27:22.265 W/ReactNativeJS(12224): '[2025-08-24T07:57:22.265Z]  @firebase/analytics:', 'Analytics: Firebase Analytics is not supported in this environment. Wrap initialization of analytics in analytics.isSupported() to prevent initialization in unsupported environments. Details: (1) Cookies are not available. (analytics/invalid-analytics-context).'
08-24 13:27:22.268 I/dnsmasq (32372): sig_handler errno = 4
08-24 13:27:22.273 W/ReactNativeJS(12224): '[2025-08-24T07:57:22.272Z]  @firebase/analytics:', 'Analytics: IndexedDB unavailable or restricted in this environment. Wrap initialization of analytics in analytics.isSupported() to prevent initialization in unsupported environments. Details: IndexedDB is not available in this environment. (analytics/indexeddb-unavailable).'
08-24 13:27:22.293 D/MBrainLocalService( 1863): isVendorFreezeConditionPass is false
08-24 13:27:22.293 D/MBrainLocalService( 1863): notifyNetworkChange failed
08-24 13:27:22.294 I/dnsmasq (32372): sig_handler errno = 4
08-24 13:27:22.295 D/OplusTelephonyController( 2665): onSignalStrengthChanged: SignalStrength=SignalStrength:{mCdma=CellSignalStrengthCdma: cdmaDbm=2147483647 cdmaEcio=2147483647 evdoDbm=2147483647 evdoEcio=2147483647 evdoSnr=2147483647 level=0,mGsm=CellSignalStrengthGsm: rssi=2147483647 ber=2147483647 mTa=2147483647 mLevel=0,mWcdma=CellSignalStrengthWcdma: ss=2147483647 ber=2147483647 rscp=2147483647 ecno=2147483647 level=0,mTdscdma=CellSignalStrengthTdscdma: rssi=2147483647 ber=2147483647 rscp=2147483647 level=0,mLte=CellSignalStrengthLte: rssi=2147483647 rsrp=-104 rsrq=2147483647 rssnr=2147483647 cqiTableIndex=2147483647 cqi=2147483647 ta=2147483647 level=2 parametersUseForLevel=0,mNr=CellSignalStrengthNr:{ csiRsrp = -107 csiRsrq = 2147483647 csiCqiTableIndex = 2147483647 csiCqiReport = [] ssRsrp = -107 ssRsrq = 2147483647 ssSinr = 2147483647 level = 1 parametersUseForLevel = 0 timingAdvance = 2147483647 },primary=CellSignalStrengthLte}
08-24 13:27:22.297 D/SubsysEventListenerManager-SubsysTelephonyCallback[0]( 2801): onSignalStrengthsChanged
08-24 13:27:22.297 D/SubsysEventListenerManager-SubsysTelephonyCallback[1]( 2801): onSignalStrengthsChanged
08-24 13:27:22.299 I/SystemUi--Statusbar( 2310): MobileConnectionRepositoryImpl-->subId:1 isSoftSimCard:false slotId:0
08-24 13:27:22.329 I/dnsmasq (32372): sig_handler errno = 4
08-24 13:27:22.329 I/dnsmasq (32372): sig_handler errno = 4
08-24 13:27:22.331 I/dnsmasq (32372): sig_handler errno = 4
08-24 13:27:22.333 E/vold    (12329): [cherry] mount func exit: Bad file descriptor
08-24 13:27:22.335 E/vold    (12330): [cherry] timer_pid: Bad file descriptor
08-24 13:27:22.338 E/vold    (12328): [cherry] mount func exec success: No such file or directory
08-24 13:27:22.356 I/SystemUi--Statusbar( 2310): OplusNetworkSpeedControllExImpl-->updateNetworkSpeed: isConnected:true,isSwitchOn:true
08-24 13:27:22.359 I/SystemUi--Statusbar( 2310): OplusNetworkSpeedControllExImpl-->getTotalByte: totalRxBytes:29998727063,totalTxBytes:5053733141,loopbackTxBytes:941555,loopbackRxBytes:941135 ,totalBytes:35050577514
08-24 13:27:22.393 I/BufferQueueProducer( 1073): [StatusBar#98](this:0xb400007be17959e0,id:-1,api:0,p:-1,c:1073) queueBuffer: fps=7.33 dur=1227.31 max=1095.87 min=15.45
08-24 13:27:22.399 I/BufferQueueProducer( 1073): [FramebufferSurface](this:0xb400007c37b18ed0,id:-1,api:1,p:1073,c:1073) queueBuffer: fps=25.96 dur=1926.29 max=980.08 min=10.04
08-24 13:27:22.400 I/hwcomposer(  929): [HWCDisplay] (0 updateFps():4192), (type:1, mode:2) fps:25.953979,dur:1926.49,max:980.38,min:10.05  
08-24 13:27:22.447 E/TaskPersister( 1863): File error accessing recents directory (directory doesn't exist?).
08-24 13:27:22.507 I/thermal_repeater( 1392): [recvMdThermalInfo] ret=27, strLen=127,  4, 128, 6, 0, 32767, 10354
08-24 13:27:22.530 D/TelephonyImpl( 2684): getRealNrState start:0
08-24 13:27:22.533 D/TelephonyImpl( 2684): getRealNrState start:0
08-24 13:27:22.534 E/ReactNativeJS(12224): Error: Cannot find native module 'ExponentAV', js engine: hermes
08-24 13:27:22.543 D/TelephonyImpl( 2684): getRealNrState start:0
08-24 13:27:22.548 I/ReactNativeJS(12224): Running "main"
08-24 13:27:22.549 E/ReactNativeJS(12224): Invariant Violation: "main" has not been registered. This can happen if:
08-24 13:27:22.549 E/ReactNativeJS(12224): * Metro (the local dev server) is run from the wrong folder. Check if Metro is running, stop it and restart it in the current project.
08-24 13:27:22.549 E/ReactNativeJS(12224): * A module failed to load due to an error and `AppRegistry.registerComponent` wasn't called., js engine: hermes
08-24 13:27:22.551 E/unknown:ReactNative(12224): Exception in native call from JS
08-24 13:27:22.551 E/unknown:ReactNative(12224): com.facebook.react.common.JavascriptException: Error: Cannot find native module 'ExponentAV', js engine: hermes, stack:
08-24 13:27:22.551 E/unknown:ReactNative(12224): anonymous@590:157
08-24 13:27:22.551 E/unknown:ReactNative(12224): anonymous@5412:143
08-24 13:27:22.551 E/unknown:ReactNative(12224): h@2:1856
08-24 13:27:22.551 E/unknown:ReactNative(12224): d@2:1309
08-24 13:27:22.551 E/unknown:ReactNative(12224): i@2:548
08-24 13:27:22.551 E/unknown:ReactNative(12224): anonymous@5410:481
08-24 13:27:22.551 E/unknown:ReactNative(12224): h@2:1856
08-24 13:27:22.551 E/unknown:ReactNative(12224): d@2:1309
08-24 13:27:22.551 E/unknown:ReactNative(12224): i@2:548
08-24 13:27:22.551 E/unknown:ReactNative(12224): anonymous@5409:692
08-24 13:27:22.551 E/unknown:ReactNative(12224): h@2:1856
08-24 13:27:22.551 E/unknown:ReactNative(12224): d@2:1309
08-24 13:27:22.551 E/unknown:ReactNative(12224): i@2:548
08-24 13:27:22.551 E/unknown:ReactNative(12224): anonymous@5408:162
08-24 13:27:22.551 E/unknown:ReactNative(12224): h@2:1856
08-24 13:27:22.551 E/unknown:ReactNative(12224): d@2:1309
08-24 13:27:22.551 E/unknown:ReactNative(12224): i@2:548
08-24 13:27:22.551 E/unknown:ReactNative(12224): anonymous@5407:13527
08-24 13:27:22.551 E/unknown:ReactNative(12224): h@2:1856
08-24 13:27:22.551 E/unknown:ReactNative(12224): d@2:1309
08-24 13:27:22.551 E/unknown:ReactNative(12224): i@2:548
08-24 13:27:22.551 E/unknown:ReactNative(12224): anonymous@5406:502
08-24 13:27:22.551 E/unknown:ReactNative(12224): h@2:1856
08-24 13:27:22.551 E/unknown:ReactNative(12224): d@2:1309
08-24 13:27:22.551 E/unknown:ReactNative(12224): i@2:548
08-24 13:27:22.551 E/unknown:ReactNative(12224): anonymous@634:15889
08-24 13:27:22.551 E/unknown:ReactNative(12224): h@2:1856
08-24 13:27:22.551 E/unknown:ReactNative(12224): d@2:1309
08-24 13:27:22.551 E/unknown:ReactNative(12224): i@2:548
08-24 13:27:22.551 E/unknown:ReactNative(12224): anonymous@618:3786
08-24 13:27:22.551 E/unknown:ReactNative(12224): h@2:1856
08-24 13:27:22.551 E/unknown:ReactNative(12224): d@2:1309
08-24 13:27:22.551 E/unknown:ReactNative(12224): i@2:548
08-24 13:27:22.551 E/unknown:ReactNative(12224): anonymous@5:57
08-24 13:27:22.551 E/unknown:ReactNative(12224): h@2:1856
08-24 13:27:22.551 E/unknown:ReactNative(12224): d@2:1239
08-24 13:27:22.551 E/unknown:ReactNative(12224): i@2:548
08-24 13:27:22.551 E/unknown:ReactNative(12224): global@5428:3
08-24 13:27:22.551 E/unknown:ReactNative(12224): 
08-24 13:27:22.551 E/unknown:ReactNative(12224): 	at com.facebook.react.modules.core.ExceptionsManagerModule.reportException(ExceptionsManagerModule.kt:52)
08-24 13:27:22.551 E/unknown:ReactNative(12224): 	at java.lang.reflect.Method.invoke(Native Method)
08-24 13:27:22.551 E/unknown:ReactNative(12224): 	at com.facebook.react.bridge.JavaMethodWrapper.invoke(JavaMethodWrapper.java:372)
08-24 13:27:22.551 E/unknown:ReactNative(12224): 	at com.facebook.react.bridge.JavaModuleWrapper.invoke(JavaModuleWrapper.java:146)
08-24 13:27:22.551 E/unknown:ReactNative(12224): 	at com.facebook.jni.NativeRunnable.run(Native Method)
08-24 13:27:22.551 E/unknown:ReactNative(12224): 	at android.os.Handler.handleCallback(Handler.java:973)
08-24 13:27:22.551 E/unknown:ReactNative(12224): 	at android.os.Handler.dispatchMessage(Handler.java:100)
08-24 13:27:22.551 E/unknown:ReactNative(12224): 	at com.facebook.react.bridge.queue.MessageQueueThreadHandler.dispatchMessage(MessageQueueThreadHandler.kt:20)
08-24 13:27:22.551 E/unknown:ReactNative(12224): 	at android.os.Looper.loopOnce(Looper.java:282)
08-24 13:27:22.551 E/unknown:ReactNative(12224): 	at android.os.Looper.loop(Looper.java:387)
08-24 13:27:22.551 E/unknown:ReactNative(12224): 	at com.facebook.react.bridge.queue.MessageQueueThreadImpl$Companion.startNewBackgroundThread$lambda$1(MessageQueueThreadImpl.kt:175)
08-24 13:27:22.551 E/unknown:ReactNative(12224): 	at com.facebook.react.bridge.queue.MessageQueueThreadImpl$Companion.$r8$lambda$ldnZnqelhYFctGaUKkOKYj5rxo4(Unknown Source:0)
08-24 13:27:22.551 E/unknown:ReactNative(12224): 	at com.facebook.react.bridge.queue.MessageQueueThreadImpl$Companion$$ExternalSyntheticLambda0.run(D8$$SyntheticClass:0)
08-24 13:27:22.551 E/unknown:ReactNative(12224): 	at java.lang.Thread.run(Thread.java:1119)
08-24 13:27:22.566 E/unknown:ReactNative(12224): Exception in native call from JS
08-24 13:27:22.566 E/unknown:ReactNative(12224): com.facebook.react.common.JavascriptException: Invariant Violation: "main" has not been registered. This can happen if:
08-24 13:27:22.566 E/unknown:ReactNative(12224): * Metro (the local dev server) is run from the wrong folder. Check if Metro is running, stop it and restart it in the current project.
08-24 13:27:22.566 E/unknown:ReactNative(12224): * A module failed to load due to an error and `AppRegistry.registerComponent` wasn't called., js engine: hermes, stack:
08-24 13:27:22.566 E/unknown:ReactNative(12224): anonymous@61:289
08-24 13:27:22.566 E/unknown:ReactNative(12224): runApplication@302:1516
08-24 13:27:22.566 E/unknown:ReactNative(12224): value@64:4032
08-24 13:27:22.566 E/unknown:ReactNative(12224): anonymous@64:895
08-24 13:27:22.566 E/unknown:ReactNative(12224): value@64:2719
08-24 13:27:22.566 E/unknown:ReactNative(12224): value@64:867
08-24 13:27:22.566 E/unknown:ReactNative(12224): 
08-24 13:27:22.566 E/unknown:ReactNative(12224): 	at com.facebook.react.modules.core.ExceptionsManagerModule.reportException(ExceptionsManagerModule.kt:52)
08-24 13:27:22.566 E/unknown:ReactNative(12224): 	at java.lang.reflect.Method.invoke(Native Method)
08-24 13:27:22.566 E/unknown:ReactNative(12224): 	at com.facebook.react.bridge.JavaMethodWrapper.invoke(JavaMethodWrapper.java:372)
08-24 13:27:22.566 E/unknown:ReactNative(12224): 	at com.facebook.react.bridge.JavaModuleWrapper.invoke(JavaModuleWrapper.java:146)
08-24 13:27:22.566 E/unknown:ReactNative(12224): 	at com.facebook.jni.NativeRunnable.run(Native Method)
08-24 13:27:22.566 E/unknown:ReactNative(12224): 	at android.os.Handler.handleCallback(Handler.java:973)
08-24 13:27:22.566 E/unknown:ReactNative(12224): 	at android.os.Handler.dispatchMessage(Handler.java:100)
08-24 13:27:22.566 E/unknown:ReactNative(12224): 	at com.facebook.react.bridge.queue.MessageQueueThreadHandler.dispatchMessage(MessageQueueThreadHandler.kt:20)
08-24 13:27:22.566 E/unknown:ReactNative(12224): 	at android.os.Looper.loopOnce(Looper.java:282)
08-24 13:27:22.566 E/unknown:ReactNative(12224): 	at android.os.Looper.loop(Looper.java:387)
08-24 13:27:22.566 E/unknown:ReactNative(12224): 	at com.facebook.react.bridge.queue.MessageQueueThreadImpl$Companion.startNewBackgroundThread$lambda$1(MessageQueueThreadImpl.kt:175)
08-24 13:27:22.566 E/unknown:ReactNative(12224): 	at com.facebook.react.bridge.queue.MessageQueueThreadImpl$Companion.$r8$lambda$ldnZnqelhYFctGaUKkOKYj5rxo4(Unknown Source:0)
08-24 13:27:22.566 E/unknown:ReactNative(12224): 	at com.facebook.react.bridge.queue.MessageQueueThreadImpl$Companion$$ExternalSyntheticLambda0.run(D8$$SyntheticClass:0)
08-24 13:27:22.566 E/unknown:ReactNative(12224): 	at java.lang.Thread.run(Thread.java:1119)
08-24 13:27:22.571 E/OplusCustomizeRestrictionManager(12224): sInstance is null, start a new sInstance
08-24 13:27:22.574 D/CompatChangeReporter(12224): Compat change id reported: 63938206; UID 10694; state: ENABLED
08-24 13:27:22.597 I/SurfaceFlinger( 1073): [SF client] NEW(0xb400007be9355480) for (12224:com.nareshkumarbalamurugan.YuvaUpdate)
08-24 13:27:22.599 D/WindowManager(12224): Add to mViews: com.android.internal.policy.DecorView{ed0611e V.ED..... R.....ID 0,0-0,0 alpha=1.0 viewInfo = }[MainActivity],pkg= com.nareshkumarbalamurugan.YuvaUpdate
08-24 13:27:22.599 D/skia    (12224): setRusSupported enable 0
08-24 13:27:22.603 D/WindowManager( 1863): NFW_findFocusedWindowIfNeeded:Window{f001c3f u0 com.nareshkumarbalamurugan.YuvaUpdate/com.nareshkumarbalamurugan.YuvaUpdate.MainActivity} mCurrentFocus:Window{c58fdaa u0 com.nareshkumarbalamurugan.YuvaUpdate/com.nareshkumarbalamurugan.YuvaUpdate.MainActivity}
08-24 13:27:22.603 E/OplusUIFirst_WS( 1863): unknown window type: -1
08-24 13:27:22.604 E/UAH-Framework( 1863): invalid window type -1, return
08-24 13:27:22.604 V/WindowManager( 1863): Changing focus from Window{c58fdaa u0 com.nareshkumarbalamurugan.YuvaUpdate/com.nareshkumarbalamurugan.YuvaUpdate.MainActivity} to Window{f001c3f u0 com.nareshkumarbalamurugan.YuvaUpdate/com.nareshkumarbalamurugan.YuvaUpdate.MainActivity},diplayid=0
08-24 13:27:22.605 D/WindowManager( 1863): setFrameRateStart invalid typeId return!
08-24 13:27:22.606 D/WindowManager( 1863): setFrameRateStart invalid typeId return!
08-24 13:27:22.607 D/Theia.NoFocusWindow( 1863): FocusWindowErrorScene cancelCheckFreezeScreen
08-24 13:27:22.607 D/Theia.TransparentWindow( 1863): TransparentWindow cancelCheckFreezeScreen
08-24 13:27:22.607 W/TheiaWindowMonitor( 1863): [check] focusedWindow is null or enable is false
08-24 13:27:22.607 I/WindowManager( 1863): addWindow: New client android.os.BinderProxy@cf7a05e : window=Window{f001c3f u0 com.nareshkumarbalamurugan.YuvaUpdate/com.nareshkumarbalamurugan.YuvaUpdate.MainActivity}
08-24 13:27:22.609 D/ViewRootImplExtImpl(12224): onDisplayChanged -1 for VRI android.view.ViewRootImpl@350da15
08-24 13:27:22.610 E/OplusBracketLog(12224): [OplusViewMirrorManager] updateHostViewRootIfNeeded, not support android.view.ViewRootImpl@350da15
08-24 13:27:22.616 D/CoreBackPreview( 1863): Window{f001c3f u0 com.nareshkumarbalamurugan.YuvaUpdate/com.nareshkumarbalamurugan.YuvaUpdate.MainActivity}: Setting back callback OnBackInvokedCallbackInfo{mCallback=android.window.IOnBackInvokedCallback$Stub$Proxy@5f7fed1, mPriority=0, mIsAnimationCallback=false}
08-24 13:27:22.635 D/ViewRootImplExtImpl(12224): wrapConfigInfoIntoFlags rotation=0, smallestScreenWidthDp=360, relayoutAsync=false, flags=0, newFlags=23592960, residentWS=false, title=com.nareshkumarbalamurugan.YuvaUpdate/com.nareshkumarbalamurugan.YuvaUpdate.MainActivity
08-24 13:27:22.636 D/WindowManagerServiceExtImpl( 1863): extractConfigInfoAndRealFlags rotation=0, screenDp=360, residentWS:0, win=Window{f001c3f u0 com.nareshkumarbalamurugan.YuvaUpdate/com.nareshkumarbalamurugan.YuvaUpdate.MainActivity}
08-24 13:27:22.637 V/WindowManager( 1863): Relayout Window{f001c3f u0 com.nareshkumarbalamurugan.YuvaUpdate/com.nareshkumarbalamurugan.YuvaUpdate.MainActivity}: viewVisibility=0, oldvis=0, req=720x1612, vsysui=, x=0, y=0
08-24 13:27:22.637 I/WindowManager( 1863): Window{f001c3f u0 com.nareshkumarbalamurugan.YuvaUpdate/com.nareshkumarbalamurugan.YuvaUpdate.MainActivity} state from NO_SURFACE to DRAW_PENDING; reason: resetDrawState
08-24 13:27:22.638 D/OplusLayer( 1073): setProcInfo (30388,com.nareshkumarbalamurugan.YuvaUpdate/com.nareshkumarbalamurugan.YuvaUpdate.MainActivity#30388,com.nareshkumarbalamurugan.YuvaUpdate,0x2296F7D5)
08-24 13:27:22.640 D/WindowManager( 1863): NFW_findFocusedWindowIfNeeded:Window{f001c3f u0 com.nareshkumarbalamurugan.YuvaUpdate/com.nareshkumarbalamurugan.YuvaUpdate.MainActivity} mCurrentFocus:Window{f001c3f u0 com.nareshkumarbalamurugan.YuvaUpdate/com.nareshkumarbalamurugan.YuvaUpdate.MainActivity}
08-24 13:27:22.642 I/WebViewFactory(12224): Loading com.google.android.webview version 139.0.7258.94 (code 725809433)
08-24 13:27:22.642 W/VRI[MainActivity](12224): updateBlastSurfaceIfNeeded, surfaceSize:Point(720, 1612), lastSurfaceSize:Point(0, 0), format:-1, blastBufferQueue:null
08-24 13:27:22.643 D/[OSIE]  ( 1073): scltmLayer_name VRI[MainActivity][com.nareshkumarbalamurugan.YuvaUpdate/com.nareshkumarbalamurugan.YuvaUpdate.MainActivity]
08-24 13:27:22.643 D/[OSIE]  ( 1073): IsSCLTMLayer=0 
08-24 13:27:22.643 D/BufferQueueConsumer(12224): [](id:2fc000000001,api:0,p:-1,c:12224) connect: controlledByApp=false
08-24 13:27:22.656 D/CommonApp-154-10189( 2684): transport layer data is invalid
08-24 13:27:22.657 D/CommonApp-154-10094( 2684): transport layer data is invalid
08-24 13:27:22.659 D/SurfaceComposerClient( 1863): Transaction::apply InputWindowCommands.focusRequests timestamp=170685934331096, windowName=f001c3f com.nareshkumarbalamurugan.YuvaUpdate/com.nareshkumarbalamurugan.YuvaUpdate.MainActivity
08-24 13:27:22.667 W/ugan.YuvaUpdate(12224): Failed to find entry 'classes.dex': Entry not found
08-24 13:27:22.669 D/nativeloader(12224): Configuring clns-8 for other apk /data/app/~~XIAxrIFXYBb-2pMZzwTdVw==/com.google.android.trichromelibrary_725809433-GFykO48EvBTTwvUgFHHD5w==/base.apk. target_sdk_version=35, uses_libraries=ALL, library_path=/data/app/~~Z2N6AuXKL00W-pGG8cvoCg==/com.google.android.webview-ODeskPBm8HA3iNhB6m3jMg==/lib/arm64:/data/app/~~Z2N6AuXKL00W-pGG8cvoCg==/com.google.android.webview-ODeskPBm8HA3iNhB6m3jMg==/base.apk!/lib/arm64-v8a:/data/app/~~XIAxrIFXYBb-2pMZzwTdVw==/com.google.android.trichromelibrary_725809433-GFykO48EvBTTwvUgFHHD5w==/base.apk!/lib/arm64-v8a, permitted_path=/data:/mnt/expand
08-24 13:27:22.669 D/nativeloader(12224): Extending system_exposed_libraries: libapuwareapusys.mtk.so:libapuwareapusys_v2.mtk.so:libapuwarexrp.mtk.so:libapuwarexrp_v2.mtk.so:libapuwareutils.mtk.so:libapuwareutils_v2.mtk.so:libapuwarehmp.mtk.so:libneuron_graph_delegate.mtk.so:libneuronusdk_adapter.mtk.so:libtflite_mtk.mtk.so:libarmnn_ndk.mtk.so:libcmdl_ndk.mtk.so:libnir_neon_driver_ndk.mtk.so:libmvpu_runtime.mtk.so:libmvpu_runtime_pub.mtk.so:libmvpu_engine_pub.mtk.so:libmvpu_pattern_pub.mtk.so:libmvpuop_mtk_cv.mtk.so:libmvpuop_mtk_nn.mtk.so:libmvpu_runtime_25.mtk.so:libmvpu_runtime_25_pub.mtk.so:libmvpu_engine_25_pub.mtk.so:libmvpu_pattern_25_pub.mtk.so:libmvpuop25_mtk_cv.mtk.so:libmvpuop25_mtk_nn.mtk.so:libaol_jni.oplus.so:libbleoffload_jni.oplus.so:libSloganJni.oplus.so:libsuperNight.oplus.so:libAPSClient-cmd-jni-extension.oplus.so:libsatellite_audio_jni.oplus.so:libortc_so.oplus.so:libsoundtouch.oplus.so:libsoundtouch_jni.oplus.so:libOplusStringJNI-extension.oplus.so:libapssuspend-jni.oplus.so
08-24 13:27:22.672 D/ApplicationLoaders(12224): Returning zygote-cached class loader: /system_ext/framework/androidx.window.extensions.jar
08-24 13:27:22.672 D/AtCmdParser( 2801): [PHONE0]< com.oplus.telephony.AtCmdParser$2@fff2a17 urc ind:+ECSQ: 17,36,-372,1,1,-45,-417,4096,25,3
08-24 13:27:22.676 D/SurfaceFlinger( 1073): Focus addInputWindowCommands timestamp=170685934331096, windowName=f001c3f com.nareshkumarbalamurugan.YuvaUpdate/com.nareshkumarbalamurugan.YuvaUpdate.MainActivity
08-24 13:27:22.676 W/ugan.YuvaUpdate(12224): Loading /data/app/~~Z2N6AuXKL00W-pGG8cvoCg==/com.google.android.webview-ODeskPBm8HA3iNhB6m3jMg==/oat/arm64/base.odex non-executable as it requires an image which we failed to load
08-24 13:27:22.680 D/SurfaceFlinger( 1073): updateWinowInfo=1, setFocusedWindow timestamp=170685934331096, windowName=f001c3f com.nareshkumarbalamurugan.YuvaUpdate/com.nareshkumarbalamurugan.YuvaUpdate.MainActivity
08-24 13:27:22.680 D/nativeloader(12224): Configuring clns-9 for other apk /data/app/~~Z2N6AuXKL00W-pGG8cvoCg==/com.google.android.webview-ODeskPBm8HA3iNhB6m3jMg==/base.apk. target_sdk_version=35, uses_libraries=, library_path=/data/app/~~Z2N6AuXKL00W-pGG8cvoCg==/com.google.android.webview-ODeskPBm8HA3iNhB6m3jMg==/lib/arm64:/data/app/~~Z2N6AuXKL00W-pGG8cvoCg==/com.google.android.webview-ODeskPBm8HA3iNhB6m3jMg==/base.apk!/lib/arm64-v8a:/data/app/~~XIAxrIFXYBb-2pMZzwTdVw==/com.google.android.trichromelibrary_725809433-GFykO48EvBTTwvUgFHHD5w==/base.apk!/lib/arm64-v8a, permitted_path=/data:/mnt/expand
08-24 13:27:22.681 I/InputDispatcher( 1863): NFW_setFocusedWindow, f001c3f com.nareshkumarbalamurugan.YuvaUpdate/com.nareshkumarbalamurugan.YuvaUpdate.MainActivity on display 0, same as the previous:0
08-24 13:27:22.681 I/InputDispatcher( 1863): updateFocusedWindow,  on display 0, reason: Waiting for window because NOT_VISIBLE, result:   FocusedWindows: <none>
08-24 13:27:22.686 I/SurfaceControl(12224):  setExtendedRangeBrightness sc=Surface(name=com.nareshkumarbalamurugan.YuvaUpdate/com.nareshkumarbalamurugan.YuvaUpdate.MainActivity)/@0x6be110b,currentBufferRatio=1.0,desiredRatio=1.0
08-24 13:27:22.743 I/cr_WVCFactoryProvider(12224): version=139.0.7258.94 (725809433) minSdkVersion=29 multiprocess=true packageId=2 splits=<none>
08-24 13:27:22.749 D/nativeloader(12224): Load /data/app/~~XIAxrIFXYBb-2pMZzwTdVw==/com.google.android.trichromelibrary_725809433-GFykO48EvBTTwvUgFHHD5w==/base.apk!/lib/arm64-v8a/libmonochrome_64.so using class loader ns clns-9 (caller=/data/app/~~Z2N6AuXKL00W-pGG8cvoCg==/com.google.android.webview-ODeskPBm8HA3iNhB6m3jMg==/base.apk): ok
08-24 13:27:22.761 D/nativeloader(12224): Load /system/lib64/libwebviewchromium_plat_support.so using class loader ns clns-9 (caller=/data/app/~~Z2N6AuXKL00W-pGG8cvoCg==/com.google.android.webview-ODeskPBm8HA3iNhB6m3jMg==/base.apk): ok
08-24 13:27:22.782 I/chromium(12224): [0824/132722.768586:INFO:android_webview/browser/variations/variations_seed_loader.cc:67] Failed to open file for reading.: No such file or directory (2)
08-24 13:27:22.787 I/chromium(12224): [0824/132722.787822:INFO:android_webview/browser/variations/variations_seed_loader.cc:67] Failed to open file for reading.: No such file or directory (2)
08-24 13:27:22.801 D/AudioPolicyService( 1044): updateUidStates_l() current->uid=99000 current->pid=7839 allowCapture=1 UidState=5 apmStat=1
08-24 13:27:22.801 D/AudioPolicyService( 1044): updateUidStates_l() current->uid=99000 current->pid=7839 allowCapture=1 UidState=5 apmStat=1
08-24 13:27:22.801 E/TetherController(  902): property_get sys.radio.data.modem_share_flag return 0, 1!
08-24 13:27:22.825 I/cr_LibraryLoader(12224): Successfully loaded native library
08-24 13:27:22.833 I/cr_CachingUmaRecorder(12224): Flushed 13 samples from 13 histograms, 0 samples were dropped.
08-24 13:27:22.963 I/Osense-BaseDecisionMaker( 1863): notifySceneToAthenaPolicy: SCENE_RES_IO_PSI, bundle: Bundle[{ioLevel=3}]
08-24 13:27:22.963 I/Osense-BaseDecisionMaker( 1863): OSense not supported scene! SCENE_RES_IO_PSI
08-24 13:27:22.974 E/statsd  (  901): Could not find a broadcast receiver for (1000 1002)
08-24 13:27:22.974 E/statsd  (  901): Could not find a broadcast receiver for (1000 100000)
08-24 13:27:22.974 E/statsd  (  901): Could not find a broadcast receiver for (1000 1049)
08-24 13:27:22.980 E/NhsAppRILAidl/0( 2699): onEventIndication: 2
08-24 13:27:22.982 D/AtCmdParser( 2801): parserAtcmdUrc can not find parser for +EDMFAPP
08-24 13:27:22.984 D/UlPriorityPred( 2684): rsrp -107 ,ulbsr: 389 ,ulpdcptput: 2192 nextLimit: 210.0 flag: false mTimes: 0 inLimit: false
08-24 13:27:23.070 D/BLASTBufferQueue(12224): [VRI[MainActivity][com.nareshkumarbalamurugan.YuvaUpdate/com.nareshkumarbalamurugan.YuvaUpdate.MainActivity]#1](f:0,a:1) acquireNextBufferLocked size=720x1612 mFrameNumber=1 applyTransaction=true mTimestamp=170686362605557(auto) mPendingTransactions.size=0 graphicBufferId=52501680226315 transform=0
08-24 13:27:23.070 D/VRI[MainActivity](12224): Received frameCommittedCallback lastAttemptedDrawFrameNum=1 didProduceBuffer=true syncBuffer=false
08-24 13:27:23.070 D/VRI[MainActivity](12224): draw finished. seqId=0
08-24 13:27:23.071 D/ViewRootImplExtImpl(12224): setMaxDequeuedBufferCount: 2
08-24 13:27:23.071 I/WindowManager( 1863): Window{f001c3f u0 com.nareshkumarbalamurugan.YuvaUpdate/com.nareshkumarbalamurugan.YuvaUpdate.MainActivity} state from DRAW_PENDING to COMMIT_DRAW_PENDING; reason: finishDrawingLocked
08-24 13:27:23.071 D/VRI[MainActivity](12224): onFocusEvent false
08-24 13:27:23.071 D/OplusTransitionAnimationManager( 1863): skipFinishDrawingIfNeed clientRotation=0, currentRotation=0, hasFixedRotationApp=false, requestedOrientation=1, win=Window{f001c3f u0 com.nareshkumarbalamurugan.YuvaUpdate/com.nareshkumarbalamurugan.YuvaUpdate.MainActivity}, activity=ActivityRecord{1a66d7 u0 com.nareshkumarbalamurugan.YuvaUpdate/.MainActivity t1178}, currentConfig={1.0 ??mcc??mnc [en_IN,en_GB] ldltr sw360dp w360dp h806dp 320dpi nrml long port night finger -keyb/v/h -nav/h winConfig={ mBounds=Rect(0, 0 - 720, 1612) mAppBounds=Rect(0, 0 - 720, 1612) mMaxBounds=Rect(0, 0 - 720, 1612) mDisplayRotation=ROTATION_0 mWindowingMode=fullscreen mActivityType=standard mAlwaysOnTop=undefined mRotation=ROTATION_0} s.2 fontWeightAdjustment=0mThemeChanged= 1, mThemeChangedFlags= 11, mFlipFont= 0, mScenario= 0, mAccessibleChanged= -1, mUxIconConfig= 3468918229140783377, mMaterialColor= 3, mUserId= 0, mFontUserId= 0, mFontVariationSettings= 1226, mFoldingAngle = -1.0, mIconPackName= , mDarkModeBackgroundMaxL= 0.0, mDarkModeDialogBgMaxL= 27.0, mDarkModeForegroundMinL= 100.0, mOplusConfigType= 1, mOplusChangedConfigs= 0, OpSans= -1, mBurmeseFontFlag= 2, mFlag= 0, mFlexibleActivitySuitable= -1, mPuttDisplayFlag= -1}
08-24 13:27:23.072 I/SurfaceFlinger( 1073): onHandleDestroyed: name=Surface(name=514cde8 NavigationBar_displayId_0)/@0x34309c5 - animation-leash of insets_animation#30380, layerId=30380, parentId=0
08-24 13:27:23.072 I/SurfaceFlinger( 1073): onHandleDestroyed: name=Surface(name=a330e5e StatusBar)/@0x4f7d41 - animation-leash of insets_animation#30381, layerId=30381, parentId=0
08-24 13:27:23.073 D/callGcSupression(12224): java.lang.NullPointerException: Attempt to invoke virtual method 'java.lang.Object java.lang.reflect.Method.invoke(java.lang.Object, java.lang.Object[])' on a null object reference
08-24 13:27:23.073 W/VRI[MainActivity](12224): handleResized, msg:, frameChanged:false, configChanged:false, displayChanged:false, attachedFrameChanged:false, compatScaleChanged:false, pendingDragResizing=false
08-24 13:27:23.074 I/WindowManager( 1863): Window{f001c3f u0 com.nareshkumarbalamurugan.YuvaUpdate/com.nareshkumarbalamurugan.YuvaUpdate.MainActivity} state from COMMIT_DRAW_PENDING to READY_TO_SHOW; reason: commitFinishDrawingLocked
08-24 13:27:23.074 D/OplusAppQuickStart_AppQuickStartController( 1863): onFirstWindowDrawn ar=ActivityRecord{1a66d7 u0 com.nareshkumarbalamurugan.YuvaUpdate/.MainActivity t1178}
08-24 13:27:23.074 D/ActivityTaskManager( 1863): Clearing startingData for activity=ActivityRecord{1a66d7 u0 com.nareshkumarbalamurugan.YuvaUpdate/.MainActivity t1178} mStartingData=null mStartingSurface=null
08-24 13:27:23.076 I/BufferQueueDebug( 1073): [Surface(name=514cde8 NavigationBar_displayId_0)/@0x34309c5 - animation-leash of insets_animation#30380](this:0xb400007bddc369e0,id:-1,api:0,p:-1,c:1073) onDestructor()
08-24 13:27:23.076 I/BufferQueueDebug( 1073): [Surface(name=a330e5e StatusBar)/@0x4f7d41 - animation-leash of insets_animation#30381](this:0xb400007bddc499e0,id:-1,api:0,p:-1,c:1073) onDestructor()
08-24 13:27:23.077 D/WindowManager( 1863): setFrameRateStart invalid typeId return!
08-24 13:27:23.077 I/WindowManager( 1863): Window{f001c3f u0 com.nareshkumarbalamurugan.YuvaUpdate/com.nareshkumarbalamurugan.YuvaUpdate.MainActivity} state from READY_TO_SHOW to HAS_DRAWN; reason: performShowLocked
08-24 13:27:23.078 I/ExpoModulesCore(12224):  ModuleRegistry was destroyed
08-24 13:27:23.081 I/ExpoModulesCore(12224):  AppContext was destroyed
08-24 13:27:23.082 I/ExpoModulesCore(12224):  KotlinInteropModuleRegistry was destroyed
08-24 13:27:23.083 D/Auth    (12224): instance-destroyed
08-24 13:27:23.087 W/unknown:ReactNative(12224): Tried to enqueue runnable on already finished thread: 'js... dropping Runnable.
08-24 13:27:23.088 D/VRI[MainActivity](12224): Received frameCommittedCallback lastAttemptedDrawFrameNum=2 didProduceBuffer=false syncBuffer=false
08-24 13:27:23.088 D/VRI[MainActivity](12224): draw finished. seqId=0
08-24 13:27:23.089 D/OplusTransitionAnimationManager( 1863): skipFinishDrawingIfNeed clientRotation=0, currentRotation=0, hasFixedRotationApp=false, requestedOrientation=1, win=Window{f001c3f u0 com.nareshkumarbalamurugan.YuvaUpdate/com.nareshkumarbalamurugan.YuvaUpdate.MainActivity}, activity=ActivityRecord{1a66d7 u0 com.nareshkumarbalamurugan.YuvaUpdate/.MainActivity t1178}, currentConfig={1.0 ??mcc??mnc [en_IN,en_GB] ldltr sw360dp w360dp h806dp 320dpi nrml long port night finger -keyb/v/h -nav/h winConfig={ mBounds=Rect(0, 0 - 720, 1612) mAppBounds=Rect(0, 0 - 720, 1612) mMaxBounds=Rect(0, 0 - 720, 1612) mDisplayRotation=ROTATION_0 mWindowingMode=fullscreen mActivityType=standard mAlwaysOnTop=undefined mRotation=ROTATION_0} s.2 fontWeightAdjustment=0mThemeChanged= 1, mThemeChangedFlags= 11, mFlipFont= 0, mScenario= 0, mAccessibleChanged= -1, mUxIconConfig= 3468918229140783377, mMaterialColor= 3, mUserId= 0, mFontUserId= 0, mFontVariationSettings= 1226, mFoldingAngle = -1.0, mIconPackName= , mDarkModeBackgroundMaxL= 0.0, mDarkModeDialogBgMaxL= 27.0, mDarkModeForegroundMinL= 100.0, mOplusConfigType= 1, mOplusChangedConfigs= 0, OpSans= -1, mBurmeseFontFlag= 2, mFlag= 0, mFlexibleActivitySuitable= -1, mPuttDisplayFlag= -1}
08-24 13:27:23.090 D/callGcSupression( 1863): java.lang.NullPointerException: Attempt to invoke virtual method 'java.lang.Object java.lang.reflect.Method.invoke(java.lang.Object, java.lang.Object[])' on a null object reference
08-24 13:27:23.090 D/SurfaceAnimationRunner( 1863): onAnimationStart:Surface(name=Surface(name=f001c3f com.nareshkumarbalamurugan.YuvaUpdate/com.nareshkumarbalamurugan.YuvaUpdate.MainActivity)/@0x5972d3c - animation-leash of window_animation)/@0x98ebac5
08-24 13:27:23.094 D/AudioPolicyService( 1044): updateUidStates_l() current->uid=99000 current->pid=7839 allowCapture=1 UidState=5 apmStat=1
08-24 13:27:23.104 W/unknown:ReactNative(12224): CatalystInstanceImpl.destroy() end
08-24 13:27:23.133 I/InputDispatcher( 1863): updateFocusedWindow, f001c3f com.nareshkumarbalamurugan.YuvaUpdate/com.nareshkumarbalamurugan.YuvaUpdate.MainActivity on display 0, reason: Window became focusable. Previous reason: NOT_VISIBLE, result:   FocusedWindows:
08-24 13:27:23.133 I/InputDispatcher( 1863):     displayId=0, name='f001c3f com.nareshkumarbalamurugan.YuvaUpdate/com.nareshkumarbalamurugan.YuvaUpdate.MainActivity'
08-24 13:27:23.134 D/VRI[MainActivity](12224): onFocusEvent true
08-24 13:27:23.136 D/InputMethodManagerService( 1863): isSecurity: attribute.packageName = com.nareshkumarbalamurugan.YuvaUpdate mCurMethodId = com.google.android.inputmethod.latin/com.android.inputmethod.latin.LatinIME isSecurity = false ( enable = false needShow = false inBlackList = false isExist = true )
08-24 13:27:23.136 I/ImeTracker( 1863): com.nareshkumarbalamurugan.YuvaUpdate:30eadee0: onRequestHide at ORIGIN_SERVER reason HIDE_UNSPECIFIED_WINDOW fromUser false
08-24 13:27:23.136 I/ImeTracker( 1863): com.nareshkumarbalamurugan.YuvaUpdate:30eadee0: onCancelled at PHASE_SERVER_SHOULD_HIDE
08-24 13:27:23.139 I/GoogleInputMethodService( 5404): GoogleInputMethodService.onFinishInput():2054 
08-24 13:27:23.139 I/Module  ( 5404): DeviceLockedStatusModuleProvider$Module.updateDeviceLockedStatus():100 repeatCheckTimes = 0, locked = false
08-24 13:27:23.140 I/GoogleInputMethodService( 5404): GoogleInputMethodService.onStartInput():1315 onStartInput(EditorInfo{EditorInfo{packageName=com.nareshkumarbalamurugan.YuvaUpdate, inputType=0, inputTypeString=NULL, enableLearning=false, autoCorrection=false, autoComplete=false, imeOptions=0, privateImeOptions=null, actionName=UNSPECIFIED, actionLabel=null, initialSelStart=-1, initialSelEnd=-1, initialCapsMode=0, label=null, fieldId=0, fieldName=null, extras=Bundle[{com.oplus.im.WINDOW_MODE=1, com.oplus.im.SCENES=0}], hintText=null, hintLocales=[]}}, false)
08-24 13:27:23.140 D/WindowManager( 1863): setFrameRateStart invalid typeId return!
08-24 13:27:23.140 I/Module  ( 5404): DeviceLockedStatusModuleProvider$Module.updateDeviceLockedStatus():100 repeatCheckTimes = 1, locked = false
08-24 13:27:23.141 W/PackageConfigPersister( 1863): App-specific configuration not found for packageName: com.nareshkumarbalamurugan.YuvaUpdate and userId: 0
08-24 13:27:23.166 W/PTC.DATATRANS.g( 5580): [com.nareshkumarbalamurugan.YuvaUpdate] removed. Stop sending intent
08-24 13:27:23.175 I/SurfaceFlinger( 1073): onHandleDestroyed: name=Surface(name=b1300c4 InputMethod)/@0x7a13e06 - animation-leash of insets_animation#30383, layerId=30383, parentId=0
08-24 13:27:23.185 W/UserAwareMgr( 1863): event can not be released, id: 1014, count: 2, releasePid: 1863
08-24 13:27:23.191 I/BufferQueueDebug( 1073): [Surface(name=b1300c4 InputMethod)/@0x7a13e06 - animation-leash of insets_animation#30383](this:0xb400007bddc819e0,id:-1,api:0,p:-1,c:1073) onDestructor()
08-24 13:27:23.226 E/NhsAppRILAidl/0( 2699): onEventIndication: 2
08-24 13:27:23.228 D/AtCmdParser( 2801): parserAtcmdUrc can not find parser for +EDMFAPP
08-24 13:27:23.233 D/AtCmdParser( 2801): [PHONE1]< com.oplus.telephony.AtCmdParser$2@fff2a17 urc ind:+ECSQ: 17,35,-377,1,1,-45,-422,4096,49,1
08-24 13:27:23.239 I/SystemUi--Statusbar( 2310): MobileConnectionRepositoryImpl-->subId:4 isSoftSimCard:false slotId:1
08-24 13:27:23.242 E/NhsAppRILAidl/0( 2699): onEventIndication: 2
08-24 13:27:23.244 D/AtCmdParser( 2801): parserAtcmdUrc can not find parser for +EDMFAPP
08-24 13:27:23.306 D/callGcDesupression( 1863): java.lang.NullPointerException: Attempt to invoke virtual method 'java.lang.Object java.lang.reflect.Method.invoke(java.lang.Object, java.lang.Object[])' on a null object reference
08-24 13:27:23.306 D/SurfaceAnimationRunner( 1863): onAnimationEnd:Surface(name=Surface(name=f001c3f com.nareshkumarbalamurugan.YuvaUpdate/com.nareshkumarbalamurugan.YuvaUpdate.MainActivity)/@0x5972d3c - animation-leash of window_animation)/@0x98ebac5
08-24 13:27:23.341 I/SurfaceFlinger( 1073): onHandleDestroyed: name=Surface(name=f001c3f com.nareshkumarbalamurugan.YuvaUpdate/com.nareshkumarbalamurugan.YuvaUpdate.MainActivity)/@0x5972d3c - animation-leash of window_animation#30389, layerId=30389, parentId=0
08-24 13:27:23.357 I/BufferQueueDebug( 1073): [Surface(name=f001c3f com.nareshkumarbalamurugan.YuvaUpdate/com.nareshkumarbalamurugan.YuvaUpdate.MainActivity)/@0x5972d3c - animation-leash of window_animation#30389](this:0xb400007bddd119e0,id:-1,api:0,p:-1,c:1073) onDestructor()
08-24 13:27:23.610 I/mtkpower@impl(  954): [powerd_req] TIMER_MSG_PERF_LOCK_TIMEOUT hdl:14195
08-24 13:27:23.610 I/libPowerHal(  954): [perfLockRel] hdl:14195, idx:-1
08-24 13:27:23.679 D/CommonApp-154-10189( 2684): transport layer data is invalid
08-24 13:27:23.681 D/CommonApp-154-10094( 2684): transport layer data is invalid
08-24 13:27:23.750 D/COSA->GameServiceSyncUtil(17742): [m] sync config to GMS
08-24 13:27:23.755 E/AppFeatureProviderUtils(17742): getString: getStringForFeature return null
08-24 13:27:23.762 E/AppFeatureProviderUtils(17742): getString: getStringForFeature return null
08-24 13:27:23.762 W/ContextImpl(12082): Calling a method in the system process without a qualified user: android.app.ContextImpl.startService:1958 android.content.ContextWrapper.startService:837 com.heytap.mcs.biz.statistics.StaticProcessTrackStatusManager.exitCurrentProcess:11 com.heytap.mcs.biz.statistics.StaticProcessTrackStatusManager$1.handleMessage:3 android.os.Handler.dispatchMessage:103 
08-24 13:27:23.766 I/Process (12082): Sending signal. PID: 12082 SIG: 9
08-24 13:27:23.770 E/AppFeatureProviderUtils(17742): getString: getStringForFeature return null
08-24 13:27:23.774 E/AppFeatureProviderUtils(17742): getString: getStringForFeature return null
08-24 13:27:23.779 E/AppFeatureProviderUtils(17742): getString: getStringForFeature return null
08-24 13:27:23.783 I/ActivityManager( 1863): Death received, pid = 12082, processName = com.heytap.mcs.statistics for thread android.os.BinderProxy@89e5d6c
08-24 13:27:23.783 D/ConnectivityService( 1863): releasing NetworkRequest [ REQUEST id=6538, [ Capabilities: INTERNET&NOT_RESTRICTED&TRUSTED&NOT_VCN_MANAGED&NOT_BANDWIDTH_CONSTRAINED Uid: 1000 RequestorUid: 1000 RequestorPkg: com.heytap.mcs UnderlyingNetworks: Null] ] (release request)
08-24 13:27:23.783 I/Zygote  (  903): Process 12082 exited due to signal 9 (Killed)
08-24 13:27:23.784 I/ActivityManager( 1863): Process com.heytap.mcs.statistics (pid 12082) has died: vis IMPF
08-24 13:27:23.784 D/OplusAppStartupManager( 1863): prevent restart service, pkgName = com.heytap.mcs, scenePriority = -1
08-24 13:27:23.785 I/libprocessgroup( 1863): Removed cgroup /sys/fs/cgroup/uid_1000/pid_12082
08-24 13:27:23.785 I/mtkpower_client( 1863): [PowerHal_Wrap_notifyAppState] com.heytap.mcs/com.heytap.mcs pid=12082 activityId:12082 state:3
08-24 13:27:23.785 I/ActivityThread(30147): Removing dead content provider:android.content.ContentProviderProxy@13f864c
08-24 13:27:23.785 I/vendor.mediatek.hardware.mtkpower_applist-service.mediatek(  952): packName: com.heytap.mcs actName: com.heytap.mcs pid: 12082 activityId: 12082 uid: 1000 state: 3
08-24 13:27:23.785 I/MTK_APPList(  952): [notifyAPPstate] com.heytap.mcs/com.heytap.mcs, pid=12082, activityId=12082, uid=1000, state:DEAD, fps:-1, win:0
08-24 13:27:23.785 I/MTK_APPList(  952): [notifyAPPstate] multi_resumed_app_count: 1
08-24 13:27:23.785 I/MTK_APPList(  952): [notifyAPPstate] multi_resumed_app_info[0] com.nareshkumarbalamurugan.YuvaUpdate/com.nareshkumarbalamurugan.YuvaUpdate.MainActivity, pid:12224, activityId:1730263, fps:-1, isMultiWindow:0
08-24 13:27:23.785 I/MTK_APPList(  952): [getForegroundAPPCount] 1
08-24 13:27:23.785 I/MTK_APPList(  952): [notifyAPPstate] pack:com.heytap.mcs, pid:12082, STATE_DEAD
08-24 13:27:23.785 I/MTK_APPList(  952): [notifyNetdUID] 10694
08-24 13:27:23.786 E/AppFeatureProviderUtils(17742): getString: getStringForFeature return null
08-24 13:27:23.789 D/ShellSubscriberWorkerThread( 5962): the first 8 bytes empty, and RestData length > 8 
08-24 13:27:23.789 I/MTK_APPList(  952): [notifyPID] 12224
08-24 13:27:23.790 I/libPowerHal(  954): [perfSetSysInfo] pid type:24, 12224
08-24 13:27:23.790 I/ProcessManager( 2684): onProcessDied pid:12082, uid:1000
08-24 13:27:23.790 D/AppSceneEventManager( 2684): handleMessage: 101
08-24 13:27:23.790 I/DispatcherPolicy( 2684): onBaseEvent EventId=22	INPUT_PROCESS_DIED	TimeStamp =1756022243790	Intent =null	Content =null	Pid =12082	PkgName =com.heytap.mcs
08-24 13:27:23.790 I/GamingScene( 2684): onInputEvent : INPUT_PROCESS_DIED
08-24 13:27:23.792 E/AppFeatureProviderUtils(17742): getString: getStringForFeature return null
