08-24 13:27:23.798 E/AppFeatureProviderUtils(17742): getString: getStringForFeature return null
08-24 13:27:23.805 E/AppFeatureProviderUtils(17742): getString: getStringForFeature return null
08-24 13:27:23.815 E/AppFeatureProviderUtils(17742): getString: getStringForFeature return null
08-24 13:27:23.825 D/AudioPolicyService( 1044): updateUidStates_l() current->uid=99000 current->pid=7839 allowCapture=1 UidState=5 apmStat=1
08-24 13:27:23.827 E/TetherController(  902): property_get sys.radio.data.modem_share_flag return 0, 1!
08-24 13:27:23.966 D/SurfaceFlinger( 1073): calculateTimeoutTime, triggerInterval = 2 sec + 125836616 nsec
08-24 13:27:23.977 E/NhsAppRILAidl/0( 2699): onEventIndication: 2
08-24 13:27:23.978 D/AtCmdParser( 2801): parserAtcmdUrc can not find parser for +EDMFAPP
08-24 13:27:23.980 D/UlPriorityPred( 2684): rsrp -107 ,ulbsr: 280 ,ulpdcptput: 3735 nextLimit: 210.0 flag: false mTimes: 0 inLimit: false
08-24 13:27:24.047 I/Osense-BaseDecisionMaker( 1863): notifySceneToAthenaPolicy: SCENE_RES_IO_PSI, bundle: Bundle[{ioLevel=3}]
08-24 13:27:24.047 I/Osense-BaseDecisionMaker( 1863): OSense not supported scene! SCENE_RES_IO_PSI
08-24 13:27:24.079 D/OplusScrollToTopManager(12224): com.nareshkumarbalamurugan.YuvaUpdate/com.nareshkumarbalamurugan.YuvaUpdate.MainActivity,This com.android.internal.policy.DecorView{6e30ff0 V.E...... R....... 0,0-720,1612 aid=0 alpha=1.0 viewInfo = }[MainActivity] change focus to false
08-24 13:27:24.135 D/OplusScrollToTopManager(12224): com.nareshkumarbalamurugan.YuvaUpdate/com.nareshkumarbalamurugan.YuvaUpdate.MainActivity,This com.android.internal.policy.DecorView{ed0611e V.ED..... R....... 0,0-720,1612 aid=1073741824 alpha=1.0 viewInfo = }[MainActivity] change focus to true
08-24 13:27:24.149 D/AppSwitchObserverHelper( 4631): packageName: com.android.launcher,com.android.launcher
08-24 13:27:24.282 D/AudioPolicyService( 1044): updateUidStates_l() current->uid=99000 current->pid=7839 allowCapture=1 UidState=5 apmStat=1
08-24 13:27:24.286 D/AtCmdParser( 2801): [PHONE0]< com.oplus.telephony.AtCmdParser$2@fff2a17 urc ind:+ECSQ: 79,48,-420,1,1,-15,-436,32768,18,78,32767,32767,32767
08-24 13:27:24.361 D/gaia-GaiaConnectChecker( 5509): start connect check++
08-24 13:27:24.368 D/gaia-GaiaConnectChecker( 5509): start connect check++
08-24 13:27:24.505 E/NhsAppRILAidl/0( 2699): onEventIndication: 2
08-24 13:27:24.508 D/AtCmdParser( 2801): parserAtcmdUrc can not find parser for +EDMFAPP
08-24 13:27:24.523 E/NhsAppRILAidl/0( 2699): onEventIndication: 2
08-24 13:27:24.525 D/AtCmdParser( 2801): parserAtcmdUrc can not find parser for +EDMFAPP
08-24 13:27:24.703 D/CommonApp-154-10189( 2684): transport layer data is invalid
08-24 13:27:24.704 D/CommonApp-154-10094( 2684): transport layer data is invalid
08-24 13:27:24.889 I/TcpSyn  ( 2684): onIfNameChange: foregroundAppChange
08-24 13:27:24.890 I/TcpSyn  ( 2684): onIfNameChange: foregroundAppChange appUid=[10694]
08-24 13:27:24.890 I/TcpSyn  ( 2684): updateAllUids
08-24 13:27:24.977 E/NhsAppRILAidl/0( 2699): onEventIndication: 2
08-24 13:27:24.978 D/AtCmdParser( 2801): parserAtcmdUrc can not find parser for +EDMFAPP
08-24 13:27:24.980 D/UlPriorityPred( 2684): rsrp -108 ,ulbsr: 18 ,ulpdcptput: 1175 nextLimit: 210.0 flag: false mTimes: 0 inLimit: false
08-24 13:27:25.019 D/ULogGuard( 1387): Monitoring: 2 threads, 0 requests, 0 time-bombs; 2 guards. ResetFlags = 0x7
08-24 13:27:25.096 I/dnsmasq (32372): sig_handler errno = 13
08-24 13:27:25.105 V/AlarmManager( 1863): sending alarm Alarm{75b5fca type 2 origWhen 343960894 whenElapsed 343960894 com.google.android.gms} uid 10100 whenElapsed 343960894 windowLength 3750 maxWhenElapsed 343964644 repeatInterval 0 action com.google.android.location.ALARM_WAKEUP_ACTIVITY_DETECTION component null flags 0x0 procName com.google.android.gms.persistent
08-24 13:27:25.113 D/SensorService( 1863): 	>>> actuating h/w flush 1
08-24 13:27:25.113 I/OriginChannel(  938): flush: [1]
08-24 13:27:25.116 I/HfLooper(  938): [1] flush complete
08-24 13:27:25.119 I/ActivityScheduler(14128): nextTriggerTime: 343992708, in 28050ms, detectorType: 2, TILT alarmWindowMillis: 3750
08-24 13:27:25.229 D/AtCmdParser( 2801): [PHONE0]< com.oplus.telephony.AtCmdParser$2@fff2a17 urc ind:+ECSQ: 17,37,-369,1,1,-46,-415,4096,26,3
08-24 13:27:25.237 I/dnsmasq (32372): sig_handler errno = 4
08-24 13:27:25.252 I/dnsmasq (32372): sig_handler errno = 4
08-24 13:27:25.295 D/SubsysEventListenerManager-SubsysTelephonyCallback[0]( 2801): onSignalStrengthsChanged
08-24 13:27:25.295 D/OplusTelephonyController( 2665): onSignalStrengthChanged: SignalStrength=SignalStrength:{mCdma=CellSignalStrengthCdma: cdmaDbm=2147483647 cdmaEcio=2147483647 evdoDbm=2147483647 evdoEcio=2147483647 evdoSnr=2147483647 level=0,mGsm=CellSignalStrengthGsm: rssi=2147483647 ber=2147483647 mTa=2147483647 mLevel=0,mWcdma=CellSignalStrengthWcdma: ss=2147483647 ber=2147483647 rscp=2147483647 ecno=2147483647 level=0,mTdscdma=CellSignalStrengthTdscdma: rssi=2147483647 ber=2147483647 rscp=2147483647 level=0,mLte=CellSignalStrengthLte: rssi=2147483647 rsrp=-104 rsrq=2147483647 rssnr=2147483647 cqiTableIndex=2147483647 cqi=2147483647 ta=2147483647 level=2 parametersUseForLevel=0,mNr=CellSignalStrengthNr:{ csiRsrp = -108 csiRsrq = 2147483647 csiCqiTableIndex = 2147483647 csiCqiReport = [] ssRsrp = -108 ssRsrq = 2147483647 ssSinr = 2147483647 level = 1 parametersUseForLevel = 0 timingAdvance = 2147483647 },primary=CellSignalStrengthLte}
08-24 13:27:25.297 I/SystemUi--Statusbar( 2310): MobileConnectionRepositoryImpl-->subId:1 isSoftSimCard:false slotId:0
08-24 13:27:25.297 D/SubsysEventListenerManager-SubsysTelephonyCallback[1]( 2801): onSignalStrengthsChanged
08-24 13:27:25.300 I/os.phonemanager( 2275): Explicit concurrent mark compact GC freed 6516KB AllocSpace bytes, 50(21MB) LOS objects, 25% free, 21MB/28MB, paused 1.510ms,7.839ms total 203.528ms
08-24 13:27:25.551 D/TelephonyImpl( 2684): getRealNrState start:0
08-24 13:27:25.553 D/TelephonyImpl( 2684): getRealNrState start:0
08-24 13:27:25.559 D/TelephonyImpl( 2684): getRealNrState start:0
08-24 13:27:25.561 I/os.phonemanager( 2275): Explicit concurrent mark compact GC freed 1120KB AllocSpace bytes, 0(0B) LOS objects, 25% free, 21MB/28MB, paused 1.519ms,6.900ms total 201.950ms
08-24 13:27:25.591 D/CommonApp-154-10189( 2684): DefaultState EVENT_SCENARIOS_CHANGE
08-24 13:27:25.591 D/CommonApp-154-10189( 2684): scene=COMMON pn=com.google.android.packageinstaller
08-24 13:27:25.591 D/CommonApp-154-10094( 2684): DefaultState EVENT_SCENARIOS_CHANGE
08-24 13:27:25.591 D/CommonApp-154-10094( 2684): scene=COMMON pn=com.android.vending
08-24 13:27:25.727 D/CommonApp-154-10189( 2684): transport layer data is invalid
08-24 13:27:25.728 D/CommonApp-154-10094( 2684): transport layer data is invalid
08-24 13:27:25.787 E/NhsAppRILAidl/0( 2699): onEventIndication: 2
08-24 13:27:25.789 D/AtCmdParser( 2801): parserAtcmdUrc can not find parser for +EDMFAPP
08-24 13:27:25.804 E/NhsAppRILAidl/0( 2699): onEventIndication: 2
08-24 13:27:25.805 D/AtCmdParser( 2801): parserAtcmdUrc can not find parser for +EDMFAPP
08-24 13:27:25.828 D/healthd (  932): system healthd: battery l=91 v=4 t=34.4 h=2 st=2 c=-68 fc=4864000 cc=104 chg=u
08-24 13:27:25.911 D/healthd (  932): system healthd: battery l=91 v=4 t=34.4 h=2 st=2 c=-91 fc=4864000 cc=104 chg=u
08-24 13:27:25.977 E/NhsAppRILAidl/0( 2699): onEventIndication: 2
08-24 13:27:25.979 D/AtCmdParser( 2801): parserAtcmdUrc can not find parser for +EDMFAPP
08-24 13:27:25.980 D/UlPriorityPred( 2684): rsrp -106 ,ulbsr: 4328 ,ulpdcptput: 324 nextLimit: 810.0 flag: true mTimes: 1 inLimit: false
08-24 13:27:26.099 D/vendor.oplus.hardware.charger-V6-service(  988): get_ui_charge_icon_type 0 0 0 0 0
08-24 13:27:26.100 D/vendor.oplus.hardware.charger-V6-service(  988): oplus_chg_get_cpa_power 2500 charge_online 1 retention_topic 0
08-24 13:27:26.100 D/vendor.oplus.hardware.charger-V6-service(  988): oplus_chg_get_cpa_power 2500 charge_online 1 retention_topic 0
08-24 13:27:26.100 D/vendor.oplus.hardware.charger-V6-service(  988): getIsSingleHyperSupport=2, cpa_power=2
08-24 13:27:26.253 D/vendor.oplus.hardware.charger-V6-service(  988): get_ui_charge_icon_type 0 0 0 0 0
08-24 13:27:26.254 D/vendor.oplus.hardware.charger-V6-service(  988): oplus_chg_get_cpa_power 2500 charge_online 1 retention_topic 0
08-24 13:27:26.254 D/vendor.oplus.hardware.charger-V6-service(  988): oplus_chg_get_cpa_power 2500 charge_online 1 retention_topic 0
08-24 13:27:26.254 D/vendor.oplus.hardware.charger-V6-service(  988): getIsSingleHyperSupport=2, cpa_power=2
08-24 13:27:26.260 D/OplusDisplayBrightnessBroadcastReceiver( 1863): onReceive action = android.intent.action.BATTERY_CHANGED , listeners = [com.android.server.display.OplusFeatureHDREnhanceBrightness$PhoneInfoReceiver@9051253, com.android.server.display.OplusFeatureEdrEnhanceBrightness$PhoneInfoReceiver@bc480af]
08-24 13:27:26.259 I/SystemUi--Statusbar( 2310): BatteryControllerExt-->updateBatteryChangeIntent():broadcast=android.intent.action.BATTERY_CHANGED,level=91,scale=100
08-24 13:27:26.260 I/SystemUi--Statusbar( 2310): BatteryRepository-->level: 91 -- isSavingMode: true
08-24 13:27:26.261 D/SubsysBroadcastManager( 2801): onReceive action:android.intent.action.BATTERY_CHANGED
08-24 13:27:26.262 E/Battery ( 4631): a: getAISleepDuration: predictResult is null.
08-24 13:27:26.262 D/CustomLogManagerService(19507): onReceive android.intent.action.BATTERY_CHANGED
08-24 13:27:26.262 E/Battery ( 4631): ChargeProtectionUtils: mCanlendarTmp.isEmpty()!
08-24 13:27:26.263 I/DeepThinkerSDK( 4631): [APP] ClientConnection: getDeepThinkerBridge start
08-24 13:27:26.263 I/DeepThinkerSDK( 4631): [APP] ClientConnection: getDeepThinkerBridge end
08-24 13:27:26.263 I/DeepThinkerSDK( 4631): [APP] UserDomainManager: businessId : 401 threshold : 0.6 learnPeriod:30
08-24 13:27:26.265 I/DeepThinkerSDK( 4631): [APP] UserDomainManager: PerformanceOfLongCharging{probabilityOfLocation=0.0, probabilityOfApps=0.0, probabilityOfTime=0.0, probabilityOfTotal=0.0, duration=0}
08-24 13:27:26.275 W/[0]DCS  (30115): Common Record event failed. DCS reject event: [appId=20089,logTag=20089,eventId=smart_long_charge_protect_mode] . Pls check server config.
08-24 13:27:26.359 I/SystemUi--Statusbar( 2310): OplusNetworkSpeedControllExImpl-->updateNetworkSpeed: isConnected:true,isSwitchOn:true
08-24 13:27:26.361 I/SystemUi--Statusbar( 2310): OplusNetworkSpeedControllExImpl-->getTotalByte: totalRxBytes:29998734558,totalTxBytes:5053737257,loopbackTxBytes:941955,loopbackRxBytes:941535 ,totalBytes:35050588325
08-24 13:27:26.394 I/BufferQueueProducer( 1073): [StatusBar#98](this:0xb400007be17959e0,id:-1,api:0,p:-1,c:1073) queueBuffer: fps=0.25 dur=4001.51 max=4001.51 min=4001.51
08-24 13:27:26.400 I/BufferQueueProducer( 1073): [FramebufferSurface](this:0xb400007c37b18ed0,id:-1,api:1,p:1073,c:1073) queueBuffer: fps=6.00 dur=4000.92 max=3038.38 min=13.27
08-24 13:27:26.401 I/hwcomposer(  929): [HWCDisplay] (0 updateFps():4192), (type:1, mode:2) fps:5.998950,dur:4000.70,max:3038.45,min:13.27  
08-24 13:27:26.417 D/ProfileInstaller(12224): Installing profile for com.nareshkumarbalamurugan.YuvaUpdate
08-24 13:27:26.451 W/ActivityManager( 1863): stopServiceToken startId 15 is last, but have 1 remaining args
08-24 13:27:26.621 I/mtkpower@impl(  954): [powerd_req] TIMER_MSG_PERF_LOCK_TIMEOUT hdl:14196
08-24 13:27:26.621 I/libPowerHal(  954): [perfLockRel] hdl:14196, idx:1
08-24 13:27:26.621 I/[UAH_CLIENT](  954): UahRelease, handle:34926
08-24 13:27:26.622 I/libPowerHal(  954): [perfScnUpdate] release powerhal handle 14196
08-24 13:27:26.622 I/libPowerHal(  954): [PD] MTKPOWER_HINT_EXT_LAUNCH update cmd:2020000 param:1, pr:6
08-24 13:27:26.622 I/libPowerHal(  954): [PD] MTKPOWER_HINT_EXT_LAUNCH update cmd:1408300 param:0, pr:6
08-24 13:27:26.623 I/libPowerHal(  954): [PD] MTKPOWER_HINT_EXT_LAUNCH update cmd:808000 param:0 pr:6
08-24 13:27:26.624 I/libPowerHal(  954): [perfLockRel] Done for hdl : 14196
08-24 13:27:26.751 D/CommonApp-154-10189( 2684): transport layer data is invalid
08-24 13:27:26.753 D/CommonApp-154-10094( 2684): transport layer data is invalid
08-24 13:27:26.787 D/AtCmdParser( 2801): [PHONE0]< com.oplus.telephony.AtCmdParser$2@fff2a17 urc ind:+ECSQ: 79,47,-421,1,1,-16,-438,32768,16,78,32767,32767,32767
08-24 13:27:26.977 E/NhsAppRILAidl/0( 2699): onEventIndication: 2
08-24 13:27:26.978 D/AtCmdParser( 2801): parserAtcmdUrc can not find parser for +EDMFAPP
08-24 13:27:26.980 D/UlPriorityPred( 2684): rsrp -110 ,ulbsr: 2391 ,ulpdcptput: 8729 nextLimit: 810.0 flag: false mTimes: 0 inLimit: false
08-24 13:27:26.996 D/AudioPolicyService( 1044): updateUidStates_l() current->uid=99000 current->pid=7839 allowCapture=1 UidState=5 apmStat=1
08-24 13:27:26.996 E/TetherController(  902): property_get sys.radio.data.modem_share_flag return 0, 1!
08-24 13:27:26.997 I/OplusCustomScanStrategy( 4976): msg.what = 6
08-24 13:27:26.997 D/AudioPolicyService( 1044): updateUidStates_l() current->uid=99000 current->pid=7839 allowCapture=1 UidState=5 apmStat=1
08-24 13:27:26.997 D/AudioPolicyService( 1044): updateUidStates_l() current->uid=99000 current->pid=7839 allowCapture=1 UidState=5 apmStat=1
08-24 13:27:27.067 E/NhsAppRILAidl/0( 2699): onEventIndication: 2
08-24 13:27:27.068 D/AtCmdParser( 2801): parserAtcmdUrc can not find parser for +EDMFAPP
08-24 13:27:27.075 D/AtCmdParser( 2801): [PHONE1]< com.oplus.telephony.AtCmdParser$2@fff2a17 urc ind:+ECSQ: 24,35,-391,1,1,-31,-422,4096,54,1
08-24 13:27:27.079 I/SystemUi--Statusbar( 2310): MobileConnectionRepositoryImpl-->subId:4 isSoftSimCard:false slotId:1
08-24 13:27:27.084 E/NhsAppRILAidl/0( 2699): onEventIndication: 2
08-24 13:27:27.085 D/AtCmdParser( 2801): parserAtcmdUrc can not find parser for +EDMFAPP
08-24 13:27:27.225 D/Acc-OplusLinkBoostCommon( 2684): notifyThermalBroadCast level = 4 temp = 349,lastTemp: 350
08-24 13:27:27.225 D/ShellSubscriberWorkerThread( 5962): the first 8 bytes empty, and RestData length > 8 
08-24 13:27:27.330 D/healthd (  932): system healthd: battery l=91 v=4 t=34.4 h=2 st=2 c=-137 fc=4864000 cc=104 chg=u
08-24 13:27:27.371 D/vendor.oplus.hardware.charger-V6-service(  988): get_ui_charge_icon_type 0 0 0 0 0
08-24 13:27:27.372 D/vendor.oplus.hardware.charger-V6-service(  988): oplus_chg_get_cpa_power 2500 charge_online 1 retention_topic 0
08-24 13:27:27.372 D/vendor.oplus.hardware.charger-V6-service(  988): oplus_chg_get_cpa_power 2500 charge_online 1 retention_topic 0
08-24 13:27:27.372 D/vendor.oplus.hardware.charger-V6-service(  988): getIsSingleHyperSupport=2, cpa_power=2
08-24 13:27:27.447 D/AtCmdParser( 2801): [PHONE0]< com.oplus.telephony.AtCmdParser$2@fff2a17 urc ind:+ECSQ: 79,49,-419,1,1,-15,-432,32768,27,78,32767,32767,32767
08-24 13:27:27.449 D/MBrainLocalService( 1863): isVendorFreezeConditionPass is false
08-24 13:27:27.449 D/MBrainLocalService( 1863): notifyNetworkChange failed
08-24 13:27:27.451 D/OplusTelephonyController( 2665): onSignalStrengthChanged: SignalStrength=SignalStrength:{mCdma=CellSignalStrengthCdma: cdmaDbm=2147483647 cdmaEcio=2147483647 evdoDbm=2147483647 evdoEcio=2147483647 evdoSnr=2147483647 level=0,mGsm=CellSignalStrengthGsm: rssi=2147483647 ber=2147483647 mTa=2147483647 mLevel=0,mWcdma=CellSignalStrengthWcdma: ss=2147483647 ber=2147483647 rscp=2147483647 ecno=2147483647 level=0,mTdscdma=CellSignalStrengthTdscdma: rssi=2147483647 ber=2147483647 rscp=2147483647 level=0,mLte=CellSignalStrengthLte: rssi=-93 rsrp=-104 rsrq=-12 rssnr=6 cqiTableIndex=2147483647 cqi=0 ta=0 level=3 parametersUseForLevel=0,mNr=CellSignalStrengthNr:{ csiRsrp = 2147483647 csiRsrq = 2147483647 csiCqiTableIndex = 2147483647 csiCqiReport = [] ssRsrp = -108 ssRsrq = -4 ssSinr = 6 level = 1 parametersUseForLevel = 0 timingAdvance = 0 },primary=CellSignalStrengthLte}
08-24 13:27:27.452 D/SubsysEventListenerManager-SubsysTelephonyCallback[1]( 2801): onSignalStrengthsChanged
08-24 13:27:27.452 D/SubsysEventListenerManager-SubsysTelephonyCallback[0]( 2801): onSignalStrengthsChanged
08-24 13:27:27.453 I/SystemUi--Statusbar( 2310): MobileConnectionRepositoryImpl-->subId:1 isSoftSimCard:false slotId:0
08-24 13:27:27.775 D/CommonApp-154-10189( 2684): transport layer data is invalid
08-24 13:27:27.777 D/CommonApp-154-10094( 2684): transport layer data is invalid
08-24 13:27:27.790 D/AtCmdParser( 2801): [PHONE0]< com.oplus.telephony.AtCmdParser$2@fff2a17 urc ind:+ECSQ: 18,37,-371,1,1,-44,-415,4096,31,3
08-24 13:27:27.793 D/OplusTelephonyController( 2665): onSignalStrengthChanged: SignalStrength=SignalStrength:{mCdma=CellSignalStrengthCdma: cdmaDbm=2147483647 cdmaEcio=2147483647 evdoDbm=2147483647 evdoEcio=2147483647 evdoSnr=2147483647 level=0,mGsm=CellSignalStrengthGsm: rssi=2147483647 ber=2147483647 mTa=2147483647 mLevel=0,mWcdma=CellSignalStrengthWcdma: ss=2147483647 ber=2147483647 rscp=2147483647 ecno=2147483647 level=0,mTdscdma=CellSignalStrengthTdscdma: rssi=2147483647 ber=2147483647 rscp=2147483647 level=0,mLte=CellSignalStrengthLte: rssi=-93 rsrp=-104 rsrq=-11 rssnr=7 cqiTableIndex=2147483647 cqi=0 ta=0 level=3 parametersUseForLevel=0,mNr=CellSignalStrengthNr:{ csiRsrp = 2147483647 csiRsrq = 2147483647 csiCqiTableIndex = 2147483647 csiCqiReport = [] ssRsrp = -108 ssRsrq = -4 ssSinr = 6 level = 1 parametersUseForLevel = 0 timingAdvance = 0 },primary=CellSignalStrengthLte}
08-24 13:27:27.793 D/SubsysEventListenerManager-SubsysTelephonyCallback[0]( 2801): onSignalStrengthsChanged
08-24 13:27:27.794 D/SubsysEventListenerManager-SubsysTelephonyCallback[1]( 2801): onSignalStrengthsChanged
08-24 13:27:27.795 I/SystemUi--Statusbar( 2310): MobileConnectionRepositoryImpl-->subId:1 isSoftSimCard:false slotId:0
08-24 13:27:27.978 E/NhsAppRILAidl/0( 2699): onEventIndication: 2
08-24 13:27:27.979 D/AtCmdParser( 2801): parserAtcmdUrc can not find parser for +EDMFAPP
08-24 13:27:27.980 D/UlPriorityPred( 2684): rsrp -107 ,ulbsr: 298 ,ulpdcptput: 3711 nextLimit: 810.0 flag: false mTimes: 0 inLimit: false
08-24 13:27:28.020 D/ULogGuard( 1387): Monitoring: 2 threads, 0 requests, 0 time-bombs; 2 guards. ResetFlags = 0x7
08-24 13:27:28.102 I/ServiceConnector.Impl( 1863): unbindJobThread: connection = ServiceConnector@927(Intent { act=android.permission.PermissionControllerService cmp=com.google.android.permissioncontroller/com.android.permissioncontroller.permission.service.PermissionControllerServiceImpl mCallingUid=1000 }, user: 0)[Unbinding...]service = android.permission.IPermissionController$Stub$Proxy@95dfa6e mBinding = false
08-24 13:27:28.105 D/AudioPolicyService( 1044): updateUidStates_l() current->uid=99000 current->pid=7839 allowCapture=1 UidState=5 apmStat=1
08-24 13:27:28.107 D/AudioPolicyService( 1044): updateUidStates_l() current->uid=99000 current->pid=7839 allowCapture=1 UidState=5 apmStat=1
08-24 13:27:28.107 E/TetherController(  902): property_get sys.radio.data.modem_share_flag return 0, 1!
08-24 13:27:28.264 D/CustomLogManagerService(19507): WorkHandler msg.what :5
08-24 13:27:28.266 D/CompatChangeReporter( 1863): Compat change id reported: 161145287; UID 1000; state: ENABLED
08-24 13:27:28.269 D/CustomLogManagerService(19507): curTemp:344 limit:390
08-24 13:27:28.269 D/CustomLogManagerService(19507): checkUploadStatus: isSceenOn=true activeNetType=0 isCharging=true isUploading:false temperatureLimit:false
08-24 13:27:28.269 D/CustomLogManagerService(19507): sys.log.customer=false
08-24 13:27:28.269 D/CustomLogManagerService(19507): isHaveCustomLogCollecting :false
08-24 13:27:28.346 E/NhsAppRILAidl/0( 2699): onEventIndication: 2
08-24 13:27:28.350 D/AtCmdParser( 2801): parserAtcmdUrc can not find parser for +EDMFAPP
08-24 13:27:28.363 E/NhsAppRILAidl/0( 2699): onEventIndication: 2
08-24 13:27:28.364 D/AtCmdParser( 2801): parserAtcmdUrc can not find parser for +EDMFAPP
08-24 13:27:28.565 D/TelephonyImpl( 2684): getRealNrState start:0
08-24 13:27:28.568 D/TelephonyImpl( 2684): getRealNrState start:0
08-24 13:27:28.574 D/TelephonyImpl( 2684): getRealNrState start:0
08-24 13:27:28.587 V/AlarmManager( 1863): sending alarm Alarm{fed2e9 type 3 origWhen 343968126 whenElapsed 343968126 com.google.android.gms} uid 10100 whenElapsed 343968126 windowLength 0 maxWhenElapsed 343968126 repeatInterval 0 action com.google.android.gms.gcm.ACTION_CHECK_QUEUE component ComponentInfo{com.google.android.gms/com.google.android.gms.gcm.nts.SchedulerInternalReceiver} flags 0x0 procName com.google.android.gms.persistent
08-24 13:27:28.606 I/NetworkScheduler.Stats(14128): (REDACTED) Task %s/%s started execution. cause:%s exec_start_elapsed_seconds: %s
08-24 13:27:28.608 I/PlayGamesServices[GamesSyncAdapter](28437): Starting sync for 1ab43d4d
08-24 13:27:28.609 I/PlayGamesServices[GamesSyncAdapter](28437): Sync duration for 1ab43d4d: 1
08-24 13:27:28.613 D/Theia.TransparentWindow( 1863): handleMessage CHECK_TRANS_WINDOW_ERROR_MSG
08-24 13:27:28.619 W/PlayGamesServices[DataBroker](28437): No player ID found when refreshing
08-24 13:27:28.620 W/PlayGamesServices[DataBroker](28437): No player ID found when refreshing
08-24 13:27:28.620 W/PlayGamesServices[DataBroker](28437): No player ID found when refreshing
08-24 13:27:28.620 W/PlayGamesServices[DataBroker](28437): No player ID found when refreshing
08-24 13:27:28.621 W/PlayGamesServices[DataBroker](28437): No player ID found when refreshing
08-24 13:27:28.621 W/PlayGamesServices[DataBroker](28437): No player ID found when refreshing
08-24 13:27:28.622 W/PlayGamesServices[DataBroker](28437): No player ID found when refreshing
08-24 13:27:28.622 W/PlayGamesServices[DataBroker](28437): No player ID found when refreshing
08-24 13:27:28.623 W/PlayGamesServices[DataBroker](28437): No player ID found when refreshing
08-24 13:27:28.623 W/PlayGamesServices[DataBroker](28437): No player ID found when refreshing
08-24 13:27:28.628 W/OplusExSystemServiceHelper(28437): checkOplusExSystemService intent getComponent is null
08-24 13:27:28.629 I/NetworkScheduler.Stats(14128): (REDACTED) Task %s/%s finished executing. cause:%s result: %s elapsed_millis: %s uptime_millis: %s exec_start_elapsed_seconds: %s
08-24 13:27:28.635 W/PlayGamesServices[UiUtils](28437): AppVersion: Cannot find the installed destination app.
08-24 13:27:28.635 I/GetServiceValidatorImpl(28437): (REDACTED) onGetService() from Client SDK version [%s], Module version [%s], PGA version [%s], Account [%s], Calling package [%s], Game package [%s]
08-24 13:27:28.637 W/GetGamesServiceReqFacto(28437): Parsing request with ignored arguments. signInOptionsBundle [Bundle[{com.google.android.gms.signin.internal.serverClientId=null, com.google.android.gms.signin.internal.usePromptModeForAuthCode=true, com.google.android.gms.signin.internal.logSessionId=null, com.google.android.gms.signin.internal.hostedDomain=null, com.google.android.gms.signin.internal.offlineAccessRequested=false, com.google.android.gms.signin.internal.waitForAccessTokenRefresh=false, com.google.android.gms.signin.internal.clientRequestedAccount=Account {name=<<default account>>, type=com.google}, com.google.android.gms.signin.internal.idTokenRequested=false, com.google.android.gms.signin.internal.forceCodeForRefreshToken=false}]], isRetryingSignIn [false], skipWelcomePopup [false], requireGooglePlus [false]
08-24 13:27:28.637 I/GetGamesServiceReqFacto(28437): Replacing request for `games` scope with `games_lite`
08-24 13:27:28.643 I/Process (12067): Sending signal. PID: 12067 SIG: 9
08-24 13:27:28.645 I/SignInPerformer-20(28437): (REDACTED) Handling request [%s], isFirstPartyCaller [%s]
08-24 13:27:28.646 I/SignInPerformer-20(28437): Successfully brokered first-party unauthenticated GamesService [CONTEXT service_id=1 ]
08-24 13:27:28.646 I/GetGamesServiceV2Op(28437): (REDACTED) Successfully brokered GamesService for request %s
08-24 13:27:28.648 W/PlayGamesServices[UiUtils](28437): AppVersion: Cannot find the installed destination app.
08-24 13:27:28.648 W/PlayGamesServices[UiUtils](28437): AppVersionName: Cannot find the installed destination app.
08-24 13:27:28.650 I/NetworkScheduler.Stats(14128): (REDACTED) Task %s/%s started execution. cause:%s exec_start_elapsed_seconds: %s
08-24 13:27:28.652 I/NetworkScheduler.Stats(14128): (REDACTED) Task %s/%s started execution. cause:%s exec_start_elapsed_seconds: %s
08-24 13:27:28.654 I/PlayGamesServices[GamesSyncAdapter](28437): Starting sync for 4e11fbec
08-24 13:27:28.656 I/PlayGamesServices[GamesSyncAdapter](28437): Sync duration for 4e11fbec: 1
08-24 13:27:28.664 W/PlayGamesServices[DataBroker](28437): No player ID found when refreshing
08-24 13:27:28.665 W/PlayGamesServices[DataBroker](28437): No player ID found when refreshing
08-24 13:27:28.665 W/PlayGamesServices[DataBroker](28437): No player ID found when refreshing
08-24 13:27:28.667 W/PlayGamesServices[DataBroker](28437): No player ID found when refreshing
08-24 13:27:28.667 W/PlayGamesServices[DataBroker](28437): No player ID found when refreshing
08-24 13:27:28.668 W/PlayGamesServices[DataBroker](28437): No player ID found when refreshing
08-24 13:27:28.668 W/PlayGamesServices[DataBroker](28437): No player ID found when refreshing
08-24 13:27:28.669 W/PlayGamesServices[DataBroker](28437): No player ID found when refreshing
08-24 13:27:28.669 W/PlayGamesServices[DataBroker](28437): No player ID found when refreshing
08-24 13:27:28.669 W/PlayGamesServices[DataBroker](28437): No player ID found when refreshing
08-24 13:27:28.671 I/Zygote  (  903): Process 12067 exited due to signal 9 (Killed)
08-24 13:27:28.671 I/ActivityManager( 1863): Death received, pid = 12067, processName = com.heytap.mcs.appservice for thread android.os.BinderProxy@4b16985
08-24 13:27:28.671 W/PlayGamesServices[UiUtils](28437): AppVersion: Cannot find the installed destination app.
08-24 13:27:28.671 I/ActivityManager( 1863): Process com.heytap.mcs.appservice (pid 12067) has died: vis IMPF
08-24 13:27:28.672 D/OplusAppStartupManager( 1863): prevent restart service, pkgName = com.heytap.mcs, scenePriority = -1
08-24 13:27:28.672 W/PlayGamesServices[UiUtils](28437): AppVersionName: Cannot find the installed destination app.
08-24 13:27:28.672 I/mtkpower_client( 1863): [PowerHal_Wrap_notifyAppState] com.heytap.mcs/com.heytap.mcs pid=12067 activityId:12067 state:3
08-24 13:27:28.673 I/ActivityThread(30147): Removing dead content provider:android.content.ContentProviderProxy@dbf8695
08-24 13:27:28.673 I/libprocessgroup( 1863): Removed cgroup /sys/fs/cgroup/uid_1000/pid_12067
08-24 13:27:28.674 I/NetworkScheduler.Stats(14128): (REDACTED) Task %s/%s finished executing. cause:%s result: %s elapsed_millis: %s uptime_millis: %s exec_start_elapsed_seconds: %s
08-24 13:27:28.675 I/vendor.mediatek.hardware.mtkpower_applist-service.mediatek(  952): packName: com.heytap.mcs actName: com.heytap.mcs pid: 12067 activityId: 12067 uid: 1000 state: 3
08-24 13:27:28.675 I/MTK_APPList(  952): [notifyAPPstate] com.heytap.mcs/com.heytap.mcs, pid=12067, activityId=12067, uid=1000, state:DEAD, fps:-1, win:0
08-24 13:27:28.675 I/MTK_APPList(  952): [notifyAPPstate] multi_resumed_app_count: 1
08-24 13:27:28.675 I/MTK_APPList(  952): [notifyAPPstate] multi_resumed_app_info[0] com.nareshkumarbalamurugan.YuvaUpdate/com.nareshkumarbalamurugan.YuvaUpdate.MainActivity, pid:12224, activityId:1730263, fps:-1, isMultiWindow:0
08-24 13:27:28.675 I/MTK_APPList(  952): [getForegroundAPPCount] 1
08-24 13:27:28.675 I/MTK_APPList(  952): [notifyAPPstate] pack:com.heytap.mcs, pid:12067, STATE_DEAD
08-24 13:27:28.675 I/MTK_APPList(  952): [notifyNetdUID] 10694
08-24 13:27:28.679 D/ShellSubscriberWorkerThread( 5962): the first 8 bytes empty, and RestData length > 8 
08-24 13:27:28.679 I/ProcessManager( 2684): onProcessDied pid:12067, uid:1000
08-24 13:27:28.679 D/AppSceneEventManager( 2684): handleMessage: 101
08-24 13:27:28.679 I/DispatcherPolicy( 2684): onBaseEvent EventId=22	INPUT_PROCESS_DIED	TimeStamp =1756022248679	Intent =null	Content =null	Pid =12067	PkgName =com.heytap.mcs
08-24 13:27:28.679 I/MTK_APPList(  952): [notifyPID] 12224
08-24 13:27:28.679 I/GamingScene( 2684): onInputEvent : INPUT_PROCESS_DIED
08-24 13:27:28.680 I/libPowerHal(  954): [perfSetSysInfo] pid type:24, 12224
08-24 13:27:28.691 I/NetworkScheduler.Stats(14128): (REDACTED) Task %s/%s started execution. cause:%s exec_start_elapsed_seconds: %s
08-24 13:27:28.693 I/PlayGamesServices[GamesSyncAdapter](28437): Starting sync for 20f570bb
08-24 13:27:28.696 I/PlayGamesServices[GamesSyncAdapter](28437): Sync duration for 20f570bb: 2
08-24 13:27:28.706 W/PlayGamesServices[DataBroker](28437): No player ID found when refreshing
08-24 13:27:28.707 W/PlayGamesServices[DataBroker](28437): No player ID found when refreshing
08-24 13:27:28.707 W/PlayGamesServices[DataBroker](28437): No player ID found when refreshing
08-24 13:27:28.708 W/PlayGamesServices[DataBroker](28437): No player ID found when refreshing
08-24 13:27:28.709 W/PlayGamesServices[DataBroker](28437): No player ID found when refreshing
08-24 13:27:28.710 W/PlayGamesServices[DataBroker](28437): No player ID found when refreshing
08-24 13:27:28.710 W/PlayGamesServices[DataBroker](28437): No player ID found when refreshing
08-24 13:27:28.711 W/PlayGamesServices[DataBroker](28437): No player ID found when refreshing
08-24 13:27:28.712 W/PlayGamesServices[DataBroker](28437): No player ID found when refreshing
08-24 13:27:28.713 W/PlayGamesServices[DataBroker](28437): No player ID found when refreshing
08-24 13:27:28.716 W/PlayGamesServices[UiUtils](28437): AppVersion: Cannot find the installed destination app.
08-24 13:27:28.717 W/PlayGamesServices[UiUtils](28437): AppVersionName: Cannot find the installed destination app.
08-24 13:27:28.718 I/NetworkScheduler.Stats(14128): (REDACTED) Task %s/%s finished executing. cause:%s result: %s elapsed_millis: %s uptime_millis: %s exec_start_elapsed_seconds: %s
08-24 13:27:28.736 I/NetworkScheduler.Stats(14128): (REDACTED) Task %s/%s started execution. cause:%s exec_start_elapsed_seconds: %s
08-24 13:27:28.738 I/PlayGamesServices[GamesSyncAdapter](28437): Starting sync for 7314106
08-24 13:27:28.740 I/PlayGamesServices[GamesSyncAdapter](28437): Sync duration for 7314106: 1
08-24 13:27:28.746 W/PlayGamesServices[DataBroker](28437): No player ID found when refreshing
08-24 13:27:28.746 W/PlayGamesServices[DataBroker](28437): No player ID found when refreshing
08-24 13:27:28.746 W/PlayGamesServices[DataBroker](28437): No player ID found when refreshing
08-24 13:27:28.746 W/PlayGamesServices[DataBroker](28437): No player ID found when refreshing
08-24 13:27:28.747 W/PlayGamesServices[DataBroker](28437): No player ID found when refreshing
08-24 13:27:28.747 W/PlayGamesServices[DataBroker](28437): No player ID found when refreshing
08-24 13:27:28.747 W/PlayGamesServices[DataBroker](28437): No player ID found when refreshing
08-24 13:27:28.747 W/PlayGamesServices[DataBroker](28437): No player ID found when refreshing
08-24 13:27:28.748 W/PlayGamesServices[DataBroker](28437): No player ID found when refreshing
08-24 13:27:28.748 W/PlayGamesServices[DataBroker](28437): No player ID found when refreshing
08-24 13:27:28.750 W/PlayGamesServices[UiUtils](28437): AppVersion: Cannot find the installed destination app.
08-24 13:27:28.751 W/PlayGamesServices[UiUtils](28437): AppVersionName: Cannot find the installed destination app.
08-24 13:27:28.752 I/NetworkScheduler.Stats(14128): (REDACTED) Task %s/%s finished executing. cause:%s result: %s elapsed_millis: %s uptime_millis: %s exec_start_elapsed_seconds: %s
08-24 13:27:28.770 I/NetworkScheduler.Stats(14128): (REDACTED) Task %s/%s started execution. cause:%s exec_start_elapsed_seconds: %s
08-24 13:27:28.771 I/PlayGamesServices[GamesSyncAdapter](28437): Starting sync for 9c15f3c7
08-24 13:27:28.773 I/PlayGamesServices[GamesSyncAdapter](28437): Sync duration for 9c15f3c7: 1
08-24 13:27:28.783 W/PlayGamesServices[DataBroker](28437): No player ID found when refreshing
08-24 13:27:28.784 W/PlayGamesServices[DataBroker](28437): No player ID found when refreshing
08-24 13:27:28.784 W/PlayGamesServices[DataBroker](28437): No player ID found when refreshing
08-24 13:27:28.784 W/PlayGamesServices[DataBroker](28437): No player ID found when refreshing
08-24 13:27:28.785 W/PlayGamesServices[DataBroker](28437): No player ID found when refreshing
08-24 13:27:28.786 W/PlayGamesServices[DataBroker](28437): No player ID found when refreshing
08-24 13:27:28.786 W/PlayGamesServices[DataBroker](28437): No player ID found when refreshing
08-24 13:27:28.787 W/PlayGamesServices[DataBroker](28437): No player ID found when refreshing
08-24 13:27:28.788 W/PlayGamesServices[DataBroker](28437): No player ID found when refreshing
08-24 13:27:28.788 W/PlayGamesServices[DataBroker](28437): No player ID found when refreshing
08-24 13:27:28.790 W/PlayGamesServices[UiUtils](28437): AppVersion: Cannot find the installed destination app.
08-24 13:27:28.791 W/PlayGamesServices[UiUtils](28437): AppVersionName: Cannot find the installed destination app.
08-24 13:27:28.792 I/NetworkScheduler.Stats(14128): (REDACTED) Task %s/%s finished executing. cause:%s result: %s elapsed_millis: %s uptime_millis: %s exec_start_elapsed_seconds: %s
08-24 13:27:28.799 D/CommonApp-154-10189( 2684): transport layer data is invalid
08-24 13:27:28.800 D/CommonApp-154-10094( 2684): transport layer data is invalid
08-24 13:27:28.812 I/NetworkScheduler.Stats(14128): (REDACTED) Task %s/%s started execution. cause:%s exec_start_elapsed_seconds: %s
08-24 13:27:28.813 I/PlayGamesServices[GamesSyncAdapter](28437): Starting sync for 4b521c84
08-24 13:27:28.816 I/PlayGamesServices[GamesSyncAdapter](28437): Sync duration for 4b521c84: 2
08-24 13:27:28.821 W/PlayGamesServices[DataBroker](28437): No player ID found when refreshing
08-24 13:27:28.822 W/PlayGamesServices[DataBroker](28437): No player ID found when refreshing
08-24 13:27:28.822 W/PlayGamesServices[DataBroker](28437): No player ID found when refreshing
08-24 13:27:28.822 W/PlayGamesServices[DataBroker](28437): No player ID found when refreshing
08-24 13:27:28.822 W/PlayGamesServices[DataBroker](28437): No player ID found when refreshing
08-24 13:27:28.823 W/PlayGamesServices[DataBroker](28437): No player ID found when refreshing
08-24 13:27:28.823 W/PlayGamesServices[DataBroker](28437): No player ID found when refreshing
08-24 13:27:28.823 W/PlayGamesServices[DataBroker](28437): No player ID found when refreshing
08-24 13:27:28.823 W/PlayGamesServices[DataBroker](28437): No player ID found when refreshing
08-24 13:27:28.824 W/PlayGamesServices[DataBroker](28437): No player ID found when refreshing
08-24 13:27:28.826 W/PlayGamesServices[UiUtils](28437): AppVersion: Cannot find the installed destination app.
08-24 13:27:28.826 W/PlayGamesServices[UiUtils](28437): AppVersionName: Cannot find the installed destination app.
08-24 13:27:28.828 I/NetworkScheduler.Stats(14128): (REDACTED) Task %s/%s finished executing. cause:%s result: %s elapsed_millis: %s uptime_millis: %s exec_start_elapsed_seconds: %s
08-24 13:27:28.843 I/NetworkScheduler.Stats(14128): (REDACTED) Task %s/%s started execution. cause:%s exec_start_elapsed_seconds: %s
08-24 13:27:28.845 I/PlayGamesServices[GamesSyncAdapter](28437): Starting sync for 1c7e7cbb
08-24 13:27:28.845 D/AudioPolicyService( 1044): updateUidStates_l() current->uid=99000 current->pid=7839 allowCapture=1 UidState=5 apmStat=1
08-24 13:27:28.846 W/Binder  ( 1863): Outgoing transactions from this process must be FLAG_ONEWAY
08-24 13:27:28.846 W/Binder  ( 1863): java.lang.Throwable
08-24 13:27:28.846 W/Binder  ( 1863): 	at android.os.BinderProxy.transact(BinderProxy.java:633)
08-24 13:27:28.846 W/Binder  ( 1863): 	at android.content.ContentProviderProxy.insert(ContentProviderNative.java:587)
08-24 13:27:28.846 W/Binder  ( 1863): 	at android.content.ContentProviderClient.insert(ContentProviderClient.java:347)
08-24 13:27:28.846 W/Binder  ( 1863): 	at android.content.ContentProviderClient.insert(ContentProviderClient.java:336)
08-24 13:27:28.846 W/Binder  ( 1863): 	at com.oplus.util.OplusStatisticsImpl.insert(OplusStatisticsImpl.java:307)
08-24 13:27:28.846 W/Binder  ( 1863): 	at com.oplus.util.OplusStatisticsImpl.sendDataToDCS(OplusStatisticsImpl.java:287)
08-24 13:27:28.846 W/Binder  ( 1863): 	at com.oplus.util.OplusStatisticsImpl.flushInternal(OplusStatisticsImpl.java:264)
08-24 13:27:28.846 W/Binder  ( 1863): 	at com.oplus.util.OplusStatisticsImpl.lambda$setDelayFlushJobIfNeed$4(OplusStatisticsImpl.java:211)
08-24 13:27:28.846 W/Binder  ( 1863): 	at com.oplus.util.OplusStatisticsImpl.$r8$lambda$4UYTp2NCu6Rml69JNqEuK7o54SI(Unknown Source:0)
08-24 13:27:28.846 W/Binder  ( 1863): 	at com.oplus.util.OplusStatisticsImpl$$ExternalSyntheticLambda5.run(D8$$SyntheticClass:0)
08-24 13:27:28.846 W/Binder  ( 1863): 	at java.util.concurrent.Executors$RunnableAdapter.call(Executors.java:524)
08-24 13:27:28.846 W/Binder  ( 1863): 	at java.util.concurrent.FutureTask.run(FutureTask.java:317)
08-24 13:27:28.846 W/Binder  ( 1863): 	at java.util.concurrent.ScheduledThreadPoolExecutor$ScheduledFutureTask.run(ScheduledThreadPoolExecutor.java:348)
08-24 13:27:28.846 W/Binder  ( 1863): 	at java.util.concurrent.ThreadPoolExecutor.runWorker(ThreadPoolExecutor.java:1156)
08-24 13:27:28.846 W/Binder  ( 1863): 	at java.util.concurrent.ThreadPoolExecutor$Worker.run(ThreadPoolExecutor.java:651)
08-24 13:27:28.846 W/Binder  ( 1863): 	at java.lang.Thread.run(Thread.java:1119)
08-24 13:27:28.849 I/PlayGamesServices[GamesSyncAdapter](28437): Sync duration for 1c7e7cbb: 2
08-24 13:27:28.858 W/PlayGamesServices[DataBroker](28437): No player ID found when refreshing
08-24 13:27:28.858 W/PlayGamesServices[DataBroker](28437): No player ID found when refreshing
08-24 13:27:28.858 W/PlayGamesServices[DataBroker](28437): No player ID found when refreshing
08-24 13:27:28.858 W/PlayGamesServices[DataBroker](28437): No player ID found when refreshing
08-24 13:27:28.859 W/PlayGamesServices[DataBroker](28437): No player ID found when refreshing
08-24 13:27:28.859 W/PlayGamesServices[DataBroker](28437): No player ID found when refreshing
08-24 13:27:28.859 W/PlayGamesServices[DataBroker](28437): No player ID found when refreshing
08-24 13:27:28.859 W/PlayGamesServices[DataBroker](28437): No player ID found when refreshing
08-24 13:27:28.860 W/PlayGamesServices[DataBroker](28437): No player ID found when refreshing
08-24 13:27:28.860 W/PlayGamesServices[DataBroker](28437): No player ID found when refreshing
08-24 13:27:28.862 W/PlayGamesServices[UiUtils](28437): AppVersion: Cannot find the installed destination app.
08-24 13:27:28.863 W/PlayGamesServices[UiUtils](28437): AppVersionName: Cannot find the installed destination app.
08-24 13:27:28.865 I/NetworkScheduler.Stats(14128): (REDACTED) Task %s/%s finished executing. cause:%s result: %s elapsed_millis: %s uptime_millis: %s exec_start_elapsed_seconds: %s
08-24 13:27:28.884 I/NetworkScheduler.Stats(14128): (REDACTED) Task %s/%s started execution. cause:%s exec_start_elapsed_seconds: %s
08-24 13:27:28.886 I/PlayGamesServices[GamesSyncAdapter](28437): Starting sync for b1632f7c
08-24 13:27:28.887 I/PlayGamesServices[GamesSyncAdapter](28437): Sync duration for b1632f7c: 1
08-24 13:27:28.893 W/PlayGamesServices[DataBroker](28437): No player ID found when refreshing
08-24 13:27:28.894 W/PlayGamesServices[DataBroker](28437): No player ID found when refreshing
08-24 13:27:28.894 W/PlayGamesServices[DataBroker](28437): No player ID found when refreshing
08-24 13:27:28.894 W/PlayGamesServices[DataBroker](28437): No player ID found when refreshing
08-24 13:27:28.895 W/PlayGamesServices[DataBroker](28437): No player ID found when refreshing
08-24 13:27:28.896 W/PlayGamesServices[DataBroker](28437): No player ID found when refreshing
08-24 13:27:28.896 W/PlayGamesServices[DataBroker](28437): No player ID found when refreshing
08-24 13:27:28.897 W/PlayGamesServices[DataBroker](28437): No player ID found when refreshing
08-24 13:27:28.897 W/PlayGamesServices[DataBroker](28437): No player ID found when refreshing
08-24 13:27:28.897 W/PlayGamesServices[DataBroker](28437): No player ID found when refreshing
08-24 13:27:28.899 W/PlayGamesServices[UiUtils](28437): AppVersion: Cannot find the installed destination app.
08-24 13:27:28.900 W/PlayGamesServices[UiUtils](28437): AppVersionName: Cannot find the installed destination app.
08-24 13:27:28.901 I/NetworkScheduler.Stats(14128): (REDACTED) Task %s/%s finished executing. cause:%s result: %s elapsed_millis: %s uptime_millis: %s exec_start_elapsed_seconds: %s
08-24 13:27:28.918 I/NetworkScheduler.Stats(14128): (REDACTED) Task %s/%s started execution. cause:%s exec_start_elapsed_seconds: %s
08-24 13:27:28.919 I/PlayGamesServices[GamesSyncAdapter](28437): Starting sync for 4647e23d
08-24 13:27:28.921 I/PlayGamesServices[GamesSyncAdapter](28437): Sync duration for 4647e23d: 1
08-24 13:27:28.931 W/PlayGamesServices[DataBroker](28437): No player ID found when refreshing
08-24 13:27:28.932 W/PlayGamesServices[DataBroker](28437): No player ID found when refreshing
08-24 13:27:28.932 W/PlayGamesServices[DataBroker](28437): No player ID found when refreshing
08-24 13:27:28.933 W/PlayGamesServices[DataBroker](28437): No player ID found when refreshing
08-24 13:27:28.933 W/PlayGamesServices[DataBroker](28437): No player ID found when refreshing
08-24 13:27:28.934 W/PlayGamesServices[DataBroker](28437): No player ID found when refreshing
08-24 13:27:28.934 W/PlayGamesServices[DataBroker](28437): No player ID found when refreshing
08-24 13:27:28.935 W/PlayGamesServices[DataBroker](28437): No player ID found when refreshing
08-24 13:27:28.936 W/PlayGamesServices[DataBroker](28437): No player ID found when refreshing
08-24 13:27:28.937 W/PlayGamesServices[DataBroker](28437): No player ID found when refreshing
08-24 13:27:28.939 W/PlayGamesServices[UiUtils](28437): AppVersion: Cannot find the installed destination app.
08-24 13:27:28.939 W/PlayGamesServices[UiUtils](28437): AppVersionName: Cannot find the installed destination app.
08-24 13:27:28.942 I/NetworkScheduler.Stats(14128): (REDACTED) Task %s/%s finished executing. cause:%s result: %s elapsed_millis: %s uptime_millis: %s exec_start_elapsed_seconds: %s
08-24 13:27:28.959 I/NetworkScheduler.Stats(14128): (REDACTED) Task %s/%s started execution. cause:%s exec_start_elapsed_seconds: %s
08-24 13:27:28.960 I/PlayGamesServices[GamesSyncAdapter](28437): Starting sync for db2c94fe
08-24 13:27:28.962 I/PlayGamesServices[GamesSyncAdapter](28437): Sync duration for db2c94fe: 1
08-24 13:27:28.969 W/PlayGamesServices[DataBroker](28437): No player ID found when refreshing
08-24 13:27:28.969 W/PlayGamesServices[DataBroker](28437): No player ID found when refreshing
08-24 13:27:28.969 W/PlayGamesServices[DataBroker](28437): No player ID found when refreshing
08-24 13:27:28.969 W/PlayGamesServices[DataBroker](28437): No player ID found when refreshing
08-24 13:27:28.970 W/PlayGamesServices[DataBroker](28437): No player ID found when refreshing
08-24 13:27:28.970 W/PlayGamesServices[DataBroker](28437): No player ID found when refreshing
08-24 13:27:28.970 W/PlayGamesServices[DataBroker](28437): No player ID found when refreshing
08-24 13:27:28.970 W/PlayGamesServices[DataBroker](28437): No player ID found when refreshing
08-24 13:27:28.970 W/PlayGamesServices[DataBroker](28437): No player ID found when refreshing
08-24 13:27:28.971 W/PlayGamesServices[DataBroker](28437): No player ID found when refreshing
08-24 13:27:28.973 W/PlayGamesServices[UiUtils](28437): AppVersion: Cannot find the installed destination app.
08-24 13:27:28.973 W/PlayGamesServices[UiUtils](28437): AppVersionName: Cannot find the installed destination app.
08-24 13:27:28.975 I/NetworkScheduler.Stats(14128): (REDACTED) Task %s/%s finished executing. cause:%s result: %s elapsed_millis: %s uptime_millis: %s exec_start_elapsed_seconds: %s
08-24 13:27:28.980 E/NhsAppRILAidl/0( 2699): onEventIndication: 2
08-24 13:27:28.986 D/AtCmdParser( 2801): parserAtcmdUrc can not find parser for +EDMFAPP
08-24 13:27:28.986 D/UlPriorityPred( 2684): rsrp -107 ,ulbsr: 1355 ,ulpdcptput: 4023 nextLimit: 810.0 flag: false mTimes: 0 inLimit: false
08-24 13:27:29.000 I/PlayGamesServices[GamesSyncAdapter](28437): Starting sync for 701147bf
08-24 13:27:29.002 I/NetworkScheduler.Stats(14128): (REDACTED) Task %s/%s started execution. cause:%s exec_start_elapsed_seconds: %s
08-24 13:27:29.003 I/PlayGamesServices[GamesSyncAdapter](28437): Sync duration for 701147bf: 1
08-24 13:27:29.013 W/PlayGamesServices[DataBroker](28437): No player ID found when refreshing
08-24 13:27:29.014 W/PlayGamesServices[DataBroker](28437): No player ID found when refreshing
08-24 13:27:29.015 W/PlayGamesServices[DataBroker](28437): No player ID found when refreshing
08-24 13:27:29.016 W/PlayGamesServices[DataBroker](28437): No player ID found when refreshing
08-24 13:27:29.016 W/PlayGamesServices[DataBroker](28437): No player ID found when refreshing
08-24 13:27:29.017 W/PlayGamesServices[DataBroker](28437): No player ID found when refreshing
08-24 13:27:29.018 W/PlayGamesServices[DataBroker](28437): No player ID found when refreshing
08-24 13:27:29.019 W/PlayGamesServices[DataBroker](28437): No player ID found when refreshing
08-24 13:27:29.019 W/PlayGamesServices[DataBroker](28437): No player ID found when refreshing
08-24 13:27:29.020 W/PlayGamesServices[DataBroker](28437): No player ID found when refreshing
08-24 13:27:29.023 W/PlayGamesServices[UiUtils](28437): AppVersion: Cannot find the installed destination app.
08-24 13:27:29.023 W/PlayGamesServices[UiUtils](28437): AppVersionName: Cannot find the installed destination app.
08-24 13:27:29.026 I/NetworkScheduler.Stats(14128): (REDACTED) Task %s/%s finished executing. cause:%s result: %s elapsed_millis: %s uptime_millis: %s exec_start_elapsed_seconds: %s
08-24 13:27:29.054 D/IntervalStats( 1863): Unable to parse usage stats packages: [1148, 1154, 1157]
08-24 13:27:29.055 D/IntervalStats( 1863): Unable to parse usage stats packages: [1157, 1158, 1159, 1160, 1161, 1162, 1163]
08-24 13:27:29.056 D/IntervalStats( 1863): Unable to parse usage stats packages: [1163, 1167, 1168]
08-24 13:27:29.056 D/UsageStatsService( 1863): User[0] type=3 b=1598255849053 e=1756022249054 cb=1755948333141 ce=1756022242794 disk=404 all=538
08-24 13:27:29.061 W/.gms.persistent(14128): ApkAssets: Deleting an ApkAssets object '<empty> and /data/app/~~0JqkRpiz0w6tc-C98DLYPg==/com.nareshkumarbalamurugan.YuvaUpdate-CywwvbOF4TGouM7miNPBWg==/base.apk' with 1 weak references
08-24 13:27:29.063 I/AIUnit-SDK(phonemanager)-AIProtocol( 2275): getServiceVersion = 203 for com.oplus.aiunit
08-24 13:27:29.067 I/AIUnit-UnitManager(17295): getDetectData image_near_dup.
08-24 13:27:29.068 I/AIUnit-Router(17295): updateWrapperWithFileStatus, cur: 185618446, image_near_dup, dependencies: [DependConfig(id=185618446, strict=true)]
08-24 13:27:29.068 I/AIUnit-Router(17295): updateWrapperWithFileStatus, missing file, DependConfig(id=185618446, strict=true)
08-24 13:27:29.068 I/AIUnit-Router(17295): updateWrapperWithFileStatus, DependConfig(id=185618446, strict=true) downloadType initialised by the local to 1
08-24 13:27:29.068 I/AIUnit-Router(17295): updateWrapperWithFileStatus, DependConfig(id=185618446, strict=true) skipped updating for no matching config
08-24 13:27:29.068 I/AIUnit-Router(17295): updateWrapperWithFileStatus, DependConfig(id=185618446, strict=true) downloadType updated by the update to 1
08-24 13:27:29.068 I/AIUnit-Router(17295): queryUnitInfoWithTypeSerious, 185618446 is local, error trace: ErrorTrace(
08-24 13:27:29.068 I/AIUnit-Router(17295):   LOCAL_FILE_UNFOUNDED(-2) -> [185618446]
08-24 13:27:29.068 I/AIUnit-Router(17295): )
08-24 13:27:29.068 I/AIUnit-Router(17295): queryUnitInfoWithTypeSerious, totalEnable: false, config id: 185618446, relate id: 185618446
08-24 13:27:29.068 I/AIUnit-Router(17295): queryUnitInfoWithTypeSerious, disabled relates trace: (185618446, DEFAULT)
08-24 13:27:29.068 I/AIUnit-UnitManager(17295): stockAlgorithm-queryDetectInfo: state=13 unitName=image_near_dup checkErrorCode=kErrorRouteDisabled
08-24 13:27:29.068 I/AIUnit-UnitManager(17295): isUnsupportedSelf by 13
08-24 13:27:29.069 I/AIUnit-SDK(phonemanager)-ProviderClient( 2275): call: code = 0, result = Bundle[{ai::key::detect_data_run_type=0, ai::key::detect_data_llm=false, package::ai_config_list=[{"detectName":"image_near_dup","minApi":0,"minSdk":0,"support":false,"unitId":185618446,"unitVersion":0}], ai::key::detect_data_available=false, package::unit_name=image_near_dup, ai::key::detect_data_unit_info_list=Supplier{VAL_LIST@652+152}, ai::key::detect_data_unavailable_self=true, ai::key::detect_data_state=13, package::unit_supported=false}]
08-24 13:27:29.069 I/AIUnit-SDK(phonemanager)-ProviderClient( 2275): call AIUNIT Bundle[{package::package_name=com.coloros.phonemanager, ai::key::download_enable=false, package::client_pid=2275, package::client_uid=10113, package::core_sdk_version=201, ai::key::client_protocol=201, package::unit_name=image_near_dup, ai::key::download_group=, package::auth_style=0, ai::key::method_call=ai::value::get_detect_data, package::package_version=16002001, package::unit_api_level=201, package::sdk_version=201, package::sdk_version_name=2.0.1-betaeaa25b0}]. cost[6]
08-24 13:27:29.069 I/AIUnit-SDK(phonemanager)-AISettings( 2275): getDetectData: DetectData(image_near_dup, 13, false, false, [AI(image_near_dup, 185618446, 0, false, 0, 0)])
08-24 13:27:29.070 I/AIUnit-SDK(phonemanager)-AIProtocol( 2275): getServiceVersion = 203 for com.oplus.aiunit
08-24 13:27:29.071 I/AIUnit-UnitManager(17295): getDetectData image_near_dup.
08-24 13:27:29.071 I/AIUnit-Router(17295): updateWrapperWithFileStatus, cur: 185618446, image_near_dup, dependencies: [DependConfig(id=185618446, strict=true)]
08-24 13:27:29.071 I/AIUnit-Router(17295): updateWrapperWithFileStatus, missing file, DependConfig(id=185618446, strict=true)
