08-24 13:27:29.072 I/AIUnit-Router(17295): updateWrapperWithFileStatus, DependConfig(id=185618446, strict=true) downloadType initialised by the local to 1
08-24 13:27:29.072 I/AIUnit-Router(17295): updateWrapperWithFileStatus, DependConfig(id=185618446, strict=true) skipped updating for no matching config
08-24 13:27:29.072 I/AIUnit-Router(17295): updateWrapperWithFileStatus, DependConfig(id=185618446, strict=true) downloadType updated by the update to 1
08-24 13:27:29.072 I/AIUnit-Router(17295): queryUnitInfoWithTypeSerious, 185618446 is local, error trace: ErrorTrace(
08-24 13:27:29.072 I/AIUnit-Router(17295):   LOCAL_FILE_UNFOUNDED(-2) -> [185618446]
08-24 13:27:29.072 I/AIUnit-Router(17295): )
08-24 13:27:29.072 I/AIUnit-Router(17295): queryUnitInfoWithTypeSerious, totalEnable: false, config id: 185618446, relate id: 185618446
08-24 13:27:29.072 I/AIUnit-Router(17295): queryUnitInfoWithTypeSerious, disabled relates trace: (185618446, DEFAULT)
08-24 13:27:29.072 I/AIUnit-UnitManager(17295): stockAlgorithm-queryDetectInfo: state=13 unitName=image_near_dup checkErrorCode=kErrorRouteDisabled
08-24 13:27:29.072 I/AIUnit-UnitManager(17295): isUnsupportedSelf by 13
08-24 13:27:29.073 I/AIUnit-SDK(phonemanager)-ProviderClient( 2275): call: code = 0, result = Bundle[{ai::key::detect_data_run_type=0, ai::key::detect_data_llm=false, package::ai_config_list=[{"detectName":"image_near_dup","minApi":0,"minSdk":0,"support":false,"unitId":185618446,"unitVersion":0}], ai::key::detect_data_available=false, package::unit_name=image_near_dup, ai::key::detect_data_unit_info_list=Supplier{VAL_LIST@652+152}, ai::key::detect_data_unavailable_self=true, ai::key::detect_data_state=13, package::unit_supported=false}]
08-24 13:27:29.073 I/AIUnit-SDK(phonemanager)-ProviderClient( 2275): call AIUNIT Bundle[{package::package_name=com.coloros.phonemanager, ai::key::download_enable=false, package::client_pid=2275, package::client_uid=10113, package::core_sdk_version=201, ai::key::client_protocol=201, package::unit_name=image_near_dup, ai::key::download_group=, package::auth_style=0, ai::key::method_call=ai::value::get_detect_data, package::package_version=16002001, package::unit_api_level=201, package::sdk_version=201, package::sdk_version_name=2.0.1-betaeaa25b0}]. cost[3]
08-24 13:27:29.074 I/AIUnit-SDK(phonemanager)-AISettings( 2275): getDetectData: DetectData(image_near_dup, 13, false, false, [AI(image_near_dup, 185618446, 0, false, 0, 0)])
08-24 13:27:29.074 E/PhoneManager.SimilarPhotoScanner( 2275):  createClient() not support
08-24 13:27:29.081 W/PhoneManager.VirusRomUpdateUtil( 2275): readVirusWhiteListMD5() VIRUS_CONFIG_LIST_FILE not exist.
08-24 13:27:29.082 W/PhoneManager.VirusRomUpdateUtil( 2275): readCloudBlackList() VIRUS_CONFIG_LIST_FILE not exist.
08-24 13:27:29.090 I/SP.AppControlCenterProvider(13610): getAppControlledAppList: result=[]
08-24 13:27:29.095 D/AudioPolicyService( 1044): updateUidStates_l() current->uid=99000 current->pid=7839 allowCapture=1 UidState=5 apmStat=1
08-24 13:27:29.097 D/AudioPolicyService( 1044): updateUidStates_l() current->uid=99000 current->pid=7839 allowCapture=1 UidState=5 apmStat=1
08-24 13:27:29.101 I/SP.AppControlCenterProvider(13610): getAppControlledAppList: result=[]
08-24 13:27:29.103 I/OplusSecurityPermissionManager-SecurityPayController( 1863): put risk app list: []
08-24 13:27:29.103 D/OplusSecurityPermissionManager-SecurityPayController( 1863): start saving risk app list
08-24 13:27:29.105 I/OplusSecurityPermissionManager-SecurityPayController( 1863): save risk app list finished
08-24 13:27:29.251 W/os.phonemanager( 2275): ApkAssets: Deleting an ApkAssets object '<empty> and /data/app/~~0JqkRpiz0w6tc-C98DLYPg==/com.nareshkumarbalamurugan.YuvaUpdate-CywwvbOF4TGouM7miNPBWg==/base.apk' with 1 weak references
08-24 13:27:29.251 W/os.phonemanager( 2275): ApkAssets: Deleting an ApkAssets object '<empty> and /product/priv-app/MTKFM/MTKFM.apk' with 1 weak references
08-24 13:27:29.252 W/os.phonemanager( 2275): ApkAssets: Deleting an ApkAssets object '<empty> and /data/app/~~YlE_z5IR3EOS7LSIUWf7Eg==/com.google.android.googlequicksearchbox-Hpr5MLWL1iR8AjoKGNNeQA==/base.apk' with 1 weak references
08-24 13:27:29.254 W/os.phonemanager( 2275): ApkAssets: Deleting an ApkAssets object '<empty> and /data/app/~~YlE_z5IR3EOS7LSIUWf7Eg==/com.google.android.googlequicksearchbox-Hpr5MLWL1iR8AjoKGNNeQA==/split_config.xhdpi.apk' with 1 weak references
08-24 13:27:29.254 W/os.phonemanager( 2275): ApkAssets: Deleting an ApkAssets object '<empty> and /data/app/~~YlE_z5IR3EOS7LSIUWf7Eg==/com.google.android.googlequicksearchbox-Hpr5MLWL1iR8AjoKGNNeQA==/split_lens_ondevice_engine_feature_module.apk' with 1 weak references
08-24 13:27:29.254 W/os.phonemanager( 2275): ApkAssets: Deleting an ApkAssets object '<empty> and /data/app/~~YlE_z5IR3EOS7LSIUWf7Eg==/com.google.android.googlequicksearchbox-Hpr5MLWL1iR8AjoKGNNeQA==/split_lens_ondevice_engine_play_ml_module.apk' with 1 weak references
08-24 13:27:29.254 W/os.phonemanager( 2275): ApkAssets: Deleting an ApkAssets object '<empty> and /data/app/~~YlE_z5IR3EOS7LSIUWf7Eg==/com.google.android.googlequicksearchbox-Hpr5MLWL1iR8AjoKGNNeQA==/split_tclib_native_feature_module.apk' with 1 weak references
08-24 13:27:29.254 W/os.phonemanager( 2275): ApkAssets: Deleting an ApkAssets object '<empty> and /data/app/~~YlE_z5IR3EOS7LSIUWf7Eg==/com.google.android.googlequicksearchbox-Hpr5MLWL1iR8AjoKGNNeQA==/split_translatekit_feature_module.apk' with 1 weak references
08-24 13:27:29.254 W/os.phonemanager( 2275): ApkAssets: Deleting an ApkAssets object '<empty> and /data/app/~~At07seUTb-MAhuL1sOKW9g==/com.google.android.apps.googleassistant-JNqEChQYAzLVggg8pRau8g==/base.apk' with 1 weak references
08-24 13:27:29.254 W/os.phonemanager( 2275): ApkAssets: Deleting an ApkAssets object '<empty> and /data/app/~~2JyF1g5VkoSJUdHrvDOnzg==/com.heytap.cloud-T_fLe7fpUIp74J-FlJy3tQ==/base.apk' with 1 weak references
08-24 13:27:29.255 W/os.phonemanager( 2275): ApkAssets: Deleting an ApkAssets object '<empty> and /data/app/~~AH6nNjI1d_O8jp8thkJwNQ==/com.heytap.music-ubEfeTLr62RGWiPsRUlu8Q==/base.apk' with 1 weak references
08-24 13:27:29.256 W/os.phonemanager( 2275): ApkAssets: Deleting an ApkAssets object '<empty> and /data/app/~~AH6nNjI1d_O8jp8thkJwNQ==/com.heytap.music-ubEfeTLr62RGWiPsRUlu8Q==/split_config.arm64_v8a.apk' with 1 weak references
08-24 13:27:29.256 W/os.phonemanager( 2275): ApkAssets: Deleting an ApkAssets object '<empty> and /data/app/~~AH6nNjI1d_O8jp8thkJwNQ==/com.heytap.music-ubEfeTLr62RGWiPsRUlu8Q==/split_config.xhdpi.apk' with 1 weak references
08-24 13:27:29.257 W/os.phonemanager( 2275): ApkAssets: Deleting an ApkAssets object '<empty> and /data/app/~~D5dL2Bo-iaZu_ZJsetnLjg==/com.google.android.apps.messaging-hVlWATkylbwtkLmjtsF1FQ==/base.apk' with 1 weak references
08-24 13:27:29.257 W/os.phonemanager( 2275): ApkAssets: Deleting an ApkAssets object '<empty> and /data/app/~~D5dL2Bo-iaZu_ZJsetnLjg==/com.google.android.apps.messaging-hVlWATkylbwtkLmjtsF1FQ==/split_config.arm64_v8a.apk' with 1 weak references
08-24 13:27:29.257 W/os.phonemanager( 2275): ApkAssets: Deleting an ApkAssets object '<empty> and /data/app/~~D5dL2Bo-iaZu_ZJsetnLjg==/com.google.android.apps.messaging-hVlWATkylbwtkLmjtsF1FQ==/split_config.en.apk' with 1 weak references
08-24 13:27:29.257 W/os.phonemanager( 2275): ApkAssets: Deleting an ApkAssets object '<empty> and /data/app/~~D5dL2Bo-iaZu_ZJsetnLjg==/com.google.android.apps.messaging-hVlWATkylbwtkLmjtsF1FQ==/split_config.xhdpi.apk' with 1 weak references
08-24 13:27:29.258 W/os.phonemanager( 2275): ApkAssets: Deleting an ApkAssets object '<empty> and /data/app/~~yDS5zzUVSL3dzR4b9m85RA==/com.oplus.themestore-hClE01oqak3YQxTETMY_dQ==/base.apk' with 1 weak references
08-24 13:27:29.259 W/os.phonemanager( 2275): ApkAssets: Deleting an ApkAssets object '<empty> and /data/app/~~Jh5i4MI3WL0xEU3HTQeuKA==/com.heytap.market-_0dgCCMK9h1MsiXsS6ckiA==/base.apk' with 1 weak references
08-24 13:27:29.260 W/os.phonemanager( 2275): ApkAssets: Deleting an ApkAssets object '<empty> and /data/app/~~mBlvlFgs7NP1xocMuPfpKw==/com.google.ar.lens-yN0G8rVoyuLgCKvFI8ztVw==/base.apk' with 1 weak references
08-24 13:27:29.260 W/os.phonemanager( 2275): ApkAssets: Deleting an ApkAssets object '<empty> and /data/app/~~Sc4OZnci_fxDrCZG4blyPg==/com.android.vending-2n6NSTAJ-Kh23KJFjzbxPQ==/base.apk' with 1 weak references
08-24 13:27:29.261 W/os.phonemanager( 2275): ApkAssets: Deleting an ApkAssets object '<empty> and /data/app/~~Sc4OZnci_fxDrCZG4blyPg==/com.android.vending-2n6NSTAJ-Kh23KJFjzbxPQ==/split_config.arm64_v8a.apk' with 1 weak references
08-24 13:27:29.261 W/os.phonemanager( 2275): ApkAssets: Deleting an ApkAssets object '<empty> and /data/app/~~Sc4OZnci_fxDrCZG4blyPg==/com.android.vending-2n6NSTAJ-Kh23KJFjzbxPQ==/split_config.en.apk' with 1 weak references
08-24 13:27:29.261 W/os.phonemanager( 2275): ApkAssets: Deleting an ApkAssets object '<empty> and /data/app/~~Sc4OZnci_fxDrCZG4blyPg==/com.android.vending-2n6NSTAJ-Kh23KJFjzbxPQ==/split_phonesky_data_loader.apk' with 1 weak references
08-24 13:27:29.261 W/os.phonemanager( 2275): ApkAssets: Deleting an ApkAssets object '<empty> and /data/app/~~Sc4OZnci_fxDrCZG4blyPg==/com.android.vending-2n6NSTAJ-Kh23KJFjzbxPQ==/split_phonesky_data_loader.config.arm64_v8a.apk' with 1 weak references
08-24 13:27:29.261 W/os.phonemanager( 2275): ApkAssets: Deleting an ApkAssets object '<empty> and /product/priv-app/Mms/Mms.apk' with 1 weak references
08-24 13:27:29.262 W/os.phonemanager( 2275): ApkAssets: Deleting an ApkAssets object '<empty> and /data/app/~~PHp-d_jEsb6hFARGq9rsuA==/com.google.android.gm-48QgQChSGZTGgn8DmXkd9g==/base.apk' with 1 weak references
08-24 13:27:29.263 W/os.phonemanager( 2275): ApkAssets: Deleting an ApkAssets object '<empty> and /data/app/~~PHp-d_jEsb6hFARGq9rsuA==/com.google.android.gm-48QgQChSGZTGgn8DmXkd9g==/split_config.arm64_v8a.apk' with 1 weak references
08-24 13:27:29.263 W/os.phonemanager( 2275): ApkAssets: Deleting an ApkAssets object '<empty> and /data/app/~~PHp-d_jEsb6hFARGq9rsuA==/com.google.android.gm-48QgQChSGZTGgn8DmXkd9g==/split_config.en.apk' with 1 weak references
08-24 13:27:29.264 W/os.phonemanager( 2275): ApkAssets: Deleting an ApkAssets object '<empty> and /data/app/~~PHp-d_jEsb6hFARGq9rsuA==/com.google.android.gm-48QgQChSGZTGgn8DmXkd9g==/split_config.xhdpi.apk' with 1 weak references
08-24 13:27:29.264 W/os.phonemanager( 2275): ApkAssets: Deleting an ApkAssets object '<empty> and /data/app/~~bxaP8ynXg3J0Wo2GJfy3Pg==/com.google.android.apps.wellbeing-bWL_C0iqCFzRtPX27OUeiw==/base.apk' with 1 weak references
08-24 13:27:29.265 W/os.phonemanager( 2275): ApkAssets: Deleting an ApkAssets object '<empty> and /data/app/~~bxaP8ynXg3J0Wo2GJfy3Pg==/com.google.android.apps.wellbeing-bWL_C0iqCFzRtPX27OUeiw==/split_config.xhdpi.apk' with 1 weak references
08-24 13:27:29.265 W/os.phonemanager( 2275): ApkAssets: Deleting an ApkAssets object '<empty> and /data/app/~~hIuQL20OXHMNhDBS3Rnkzg==/com.google.android.dialer-xl9ugQAPUznd54yid2Uxcw==/base.apk' with 1 weak references
08-24 13:27:29.266 W/os.phonemanager( 2275): ApkAssets: Deleting an ApkAssets object '<empty> and /product/app/SoftsimRedteaRoaming/SoftsimRedteaRoaming.apk' with 1 weak references
08-24 13:27:29.267 W/os.phonemanager( 2275): ApkAssets: Deleting an ApkAssets object '<empty> and /data/app/~~l2TqjNGE3KID4NdK5GzxFQ==/com.google.android.apps.nbu.files-2itc0_FWbhzS7E-TVerczA==/base.apk' with 1 weak references
08-24 13:27:29.267 W/os.phonemanager( 2275): ApkAssets: Deleting an ApkAssets object '<empty> and /data/app/~~l2TqjNGE3KID4NdK5GzxFQ==/com.google.android.apps.nbu.files-2itc0_FWbhzS7E-TVerczA==/split_config.arm64_v8a.apk' with 1 weak references
08-24 13:27:29.267 W/os.phonemanager( 2275): ApkAssets: Deleting an ApkAssets object '<empty> and /data/app/~~l2TqjNGE3KID4NdK5GzxFQ==/com.google.android.apps.nbu.files-2itc0_FWbhzS7E-TVerczA==/split_config.en.apk' with 1 weak references
08-24 13:27:29.267 W/os.phonemanager( 2275): ApkAssets: Deleting an ApkAssets object '<empty> and /data/app/~~l2TqjNGE3KID4NdK5GzxFQ==/com.google.android.apps.nbu.files-2itc0_FWbhzS7E-TVerczA==/split_config.xhdpi.apk' with 1 weak references
08-24 13:27:29.268 W/os.phonemanager( 2275): ApkAssets: Deleting an ApkAssets object '<empty> and /data/app/~~i5XMT44Jph0qFobp5xaBgQ==/com.google.android.apps.maps-cAQ4_W7_RsdTQmXZAUBFjQ==/base.apk' with 1 weak references
08-24 13:27:29.268 W/os.phonemanager( 2275): ApkAssets: Deleting an ApkAssets object '<empty> and /data/app/~~i5XMT44Jph0qFobp5xaBgQ==/com.google.android.apps.maps-cAQ4_W7_RsdTQmXZAUBFjQ==/split_config.arm64_v8a.apk' with 1 weak references
08-24 13:27:29.268 W/os.phonemanager( 2275): ApkAssets: Deleting an ApkAssets object '<empty> and /data/app/~~i5XMT44Jph0qFobp5xaBgQ==/com.google.android.apps.maps-cAQ4_W7_RsdTQmXZAUBFjQ==/split_config.en.apk' with 1 weak references
08-24 13:27:29.268 W/os.phonemanager( 2275): ApkAssets: Deleting an ApkAssets object '<empty> and /data/app/~~i5XMT44Jph0qFobp5xaBgQ==/com.google.android.apps.maps-cAQ4_W7_RsdTQmXZAUBFjQ==/split_config.xhdpi.apk' with 1 weak references
08-24 13:27:29.269 W/os.phonemanager( 2275): ApkAssets: Deleting an ApkAssets object '<empty> and /data/app/~~rWzATlEIzMl87T9VbMn6Lg==/com.coloros.weather2-XEp2HiwnzvZN9F0BQXP2aA==/base.apk' with 1 weak references
08-24 13:27:29.269 W/os.phonemanager( 2275): ApkAssets: Deleting an ApkAssets object '<empty> and /data/app/~~7PMo6MC2tIzYbu0On_VncA==/com.google.android.contacts-tntTA9LBImxTvF7Vo0X80g==/base.apk' with 1 weak references
08-24 13:27:29.270 W/os.phonemanager( 2275): ApkAssets: Deleting an ApkAssets object '<empty> and /data/app/~~7PMo6MC2tIzYbu0On_VncA==/com.google.android.contacts-tntTA9LBImxTvF7Vo0X80g==/split_config.arm64_v8a.apk' with 1 weak references
08-24 13:27:29.270 W/os.phonemanager( 2275): ApkAssets: Deleting an ApkAssets object '<empty> and /data/app/~~7PMo6MC2tIzYbu0On_VncA==/com.google.android.contacts-tntTA9LBImxTvF7Vo0X80g==/split_config.en.apk' with 1 weak references
08-24 13:27:29.270 W/os.phonemanager( 2275): ApkAssets: Deleting an ApkAssets object '<empty> and /data/app/~~7PMo6MC2tIzYbu0On_VncA==/com.google.android.contacts-tntTA9LBImxTvF7Vo0X80g==/split_config.xhdpi.apk' with 1 weak references
08-24 13:27:29.271 W/os.phonemanager( 2275): ApkAssets: Deleting an ApkAssets object '<empty> and /data/app/~~g6ITD9k6S-ce7OpcASZZgw==/com.nearme.gamecenter-XB3PFhzmeVvFCnku8oLgxA==/base.apk' with 1 weak references
08-24 13:27:29.272 W/os.phonemanager( 2275): ApkAssets: Deleting an ApkAssets object '<empty> and /product/app/Calculator2/Calculator2.apk' with 1 weak references
08-24 13:27:29.272 W/os.phonemanager( 2275): ApkAssets: Deleting an ApkAssets object '<empty> and /data/app/~~ZigbD-goRY0MiOCpLNY2dQ==/com.coloros.alarmclock-x7Wzd9zJw2-7uB_cJLgUdw==/com.coloros.alarmclock_15010002.apk' with 1 weak references
08-24 13:27:29.273 W/os.phonemanager( 2275): ApkAssets: Deleting an ApkAssets object '<empty> and /data/app/~~dTvj8JBYQ0tcA5mlOy8AnQ==/com.oplus.games-mJe2lctli-nJI5knIl_2dg==/base.apk' with 1 weak references
08-24 13:27:29.274 W/os.phonemanager( 2275): ApkAssets: Deleting an ApkAssets object '<empty> and /system_ext/priv-app/Settings/Settings.apk' with 1 weak references
08-24 13:27:29.277 W/os.phonemanager( 2275): ApkAssets: Deleting an ApkAssets object '<empty> and /data/app/~~qEj2hklhNww0n-3CDPXBQA==/com.google.android.apps.nbu.paisa.user-j6Jcf-qsf2xBmdEkj_D8bg==/base.apk' with 1 weak references
08-24 13:27:29.278 W/os.phonemanager( 2275): ApkAssets: Deleting an ApkAssets object '<empty> and /data/app/~~qEj2hklhNww0n-3CDPXBQA==/com.google.android.apps.nbu.paisa.user-j6Jcf-qsf2xBmdEkj_D8bg==/split_config.arm64_v8a.apk' with 1 weak references
08-24 13:27:29.278 W/os.phonemanager( 2275): ApkAssets: Deleting an ApkAssets object '<empty> and /data/app/~~qEj2hklhNww0n-3CDPXBQA==/com.google.android.apps.nbu.paisa.user-j6Jcf-qsf2xBmdEkj_D8bg==/split_config.xhdpi.apk' with 1 weak references
08-24 13:27:29.278 W/os.phonemanager( 2275): ApkAssets: Deleting an ApkAssets object '<empty> and /data/app/~~uv3Gtzpi2hkDMC29cgzG8Q==/com.heytap.browser-1cZR9lU_0UAWFU670VKndQ==/base.apk' with 1 weak references
08-24 13:27:29.279 W/os.phonemanager( 2275): ApkAssets: Deleting an ApkAssets object '<empty> and /data/app/~~uv3Gtzpi2hkDMC29cgzG8Q==/com.heytap.browser-1cZR9lU_0UAWFU670VKndQ==/split_config.arm64_v8a.apk' with 1 weak references
08-24 13:27:29.280 W/os.phonemanager( 2275): ApkAssets: Deleting an ApkAssets object '<empty> and /data/app/~~uv3Gtzpi2hkDMC29cgzG8Q==/com.heytap.browser-1cZR9lU_0UAWFU670VKndQ==/split_feature_account.apk' with 1 weak references
08-24 13:27:29.280 W/os.phonemanager( 2275): ApkAssets: Deleting an ApkAssets object '<empty> and /data/app/~~uv3Gtzpi2hkDMC29cgzG8Q==/com.heytap.browser-1cZR9lU_0UAWFU670VKndQ==/split_feature_cloudkit.apk' with 1 weak references
08-24 13:27:29.280 W/os.phonemanager( 2275): ApkAssets: Deleting an ApkAssets object '<empty> and /data/app/~~uv3Gtzpi2hkDMC29cgzG8Q==/com.heytap.browser-1cZR9lU_0UAWFU670VKndQ==/split_feature_exptools.apk' with 1 weak references
08-24 13:27:29.280 W/os.phonemanager( 2275): ApkAssets: Deleting an ApkAssets object '<empty> and /data/app/~~uv3Gtzpi2hkDMC29cgzG8Q==/com.heytap.browser-1cZR9lU_0UAWFU670VKndQ==/split_feature_feedback.apk' with 1 weak references
08-24 13:27:29.280 W/os.phonemanager( 2275): ApkAssets: Deleting an ApkAssets object '<empty> and /data/app/~~w63tuchA-5_jOajCGuh1wQ==/com.coloros.video-xBl6-t5T4ar5QBxI8tbB2g==/base.apk' with 1 weak references
08-24 13:27:29.281 W/os.phonemanager( 2275): ApkAssets: Deleting an ApkAssets object '<empty> and /data/app/~~w63tuchA-5_jOajCGuh1wQ==/com.coloros.video-xBl6-t5T4ar5QBxI8tbB2g==/split_config.arm64_v8a.apk' with 1 weak references
08-24 13:27:29.281 W/os.phonemanager( 2275): ApkAssets: Deleting an ApkAssets object '<empty> and /data/app/~~w63tuchA-5_jOajCGuh1wQ==/com.coloros.video-xBl6-t5T4ar5QBxI8tbB2g==/split_config.en.apk' with 1 weak references
08-24 13:27:29.281 W/os.phonemanager( 2275): ApkAssets: Deleting an ApkAssets object '<empty> and /data/app/~~w63tuchA-5_jOajCGuh1wQ==/com.coloros.video-xBl6-t5T4ar5QBxI8tbB2g==/split_config.xhdpi.apk' with 1 weak references
08-24 13:27:29.281 W/os.phonemanager( 2275): ApkAssets: Deleting an ApkAssets object '<empty> and /product/app/FileManager/FileManager.apk' with 1 weak references
08-24 13:27:29.282 W/os.phonemanager( 2275): ApkAssets: Deleting an ApkAssets object '<empty> and /data/app/~~QCVYp29dOOr4oo4eCN9tgw==/com.google.android.keep-Dnm95zwd5_Zm1pQgLfZczQ==/base.apk' with 1 weak references
08-24 13:27:29.282 W/os.phonemanager( 2275): ApkAssets: Deleting an ApkAssets object '<empty> and /data/app/~~QCVYp29dOOr4oo4eCN9tgw==/com.google.android.keep-Dnm95zwd5_Zm1pQgLfZczQ==/split_config.arm64_v8a.apk' with 1 weak references
08-24 13:27:29.282 W/os.phonemanager( 2275): ApkAssets: Deleting an ApkAssets object '<empty> and /data/app/~~QCVYp29dOOr4oo4eCN9tgw==/com.google.android.keep-Dnm95zwd5_Zm1pQgLfZczQ==/split_config.en.apk' with 1 weak references
08-24 13:27:29.283 W/os.phonemanager( 2275): ApkAssets: Deleting an ApkAssets object '<empty> and /data/app/~~QCVYp29dOOr4oo4eCN9tgw==/com.google.android.keep-Dnm95zwd5_Zm1pQgLfZczQ==/split_config.xhdpi.apk' with 1 weak references
08-24 13:27:29.283 W/os.phonemanager( 2275): ApkAssets: Deleting an ApkAssets object '<empty> and /product/app/NewSoundRecorder/NewSoundRecorder.apk' with 1 weak references
08-24 13:27:29.284 W/os.phonemanager( 2275): ApkAssets: Deleting an ApkAssets object '<empty> and /product/app/OplusCamera/OplusCamera.apk' with 1 weak references
08-24 13:27:29.284 W/os.phonemanager( 2275): ApkAssets: Deleting an ApkAssets object '<empty> and /product/priv-app/OppoGallery2/OppoGallery2.apk' with 1 weak references
08-24 13:27:29.627 E/NhsAppRILAidl/0( 2699): onEventIndication: 2
08-24 13:27:29.629 D/AtCmdParser( 2801): parserAtcmdUrc can not find parser for +EDMFAPP
08-24 13:27:29.644 E/NhsAppRILAidl/0( 2699): onEventIndication: 2
08-24 13:27:29.645 D/AtCmdParser( 2801): parserAtcmdUrc can not find parser for +EDMFAPP
08-24 13:27:29.823 D/CommonApp-154-10189( 2684): transport layer data is invalid
08-24 13:27:29.824 D/CommonApp-154-10094( 2684): transport layer data is invalid
08-24 13:27:29.946 D/AtCmdParser( 2801): [PHONE0]< com.oplus.telephony.AtCmdParser$2@fff2a17 urc ind:+ECSQ: 79,50,-414,1,1,-16,-428,32768,30,78,32767,32767,32767
08-24 13:27:29.949 D/OplusTelephonyController( 2665): onSignalStrengthChanged: SignalStrength=SignalStrength:{mCdma=CellSignalStrengthCdma: cdmaDbm=2147483647 cdmaEcio=2147483647 evdoDbm=2147483647 evdoEcio=2147483647 evdoSnr=2147483647 level=0,mGsm=CellSignalStrengthGsm: rssi=2147483647 ber=2147483647 mTa=2147483647 mLevel=0,mWcdma=CellSignalStrengthWcdma: ss=2147483647 ber=2147483647 rscp=2147483647 ecno=2147483647 level=0,mTdscdma=CellSignalStrengthTdscdma: rssi=2147483647 ber=2147483647 rscp=2147483647 level=0,mLte=CellSignalStrengthLte: rssi=-93 rsrp=-104 rsrq=-11 rssnr=7 cqiTableIndex=2147483647 cqi=0 ta=0 level=3 parametersUseForLevel=0,mNr=CellSignalStrengthNr:{ csiRsrp = 2147483647 csiRsrq = 2147483647 csiCqiTableIndex = 2147483647 csiCqiReport = [] ssRsrp = -107 ssRsrq = -4 ssSinr = 7 level = 1 parametersUseForLevel = 0 timingAdvance = 0 },primary=CellSignalStrengthLte}
08-24 13:27:29.950 D/SubsysEventListenerManager-SubsysTelephonyCallback[1]( 2801): onSignalStrengthsChanged
08-24 13:27:29.950 D/SubsysEventListenerManager-SubsysTelephonyCallback[0]( 2801): onSignalStrengthsChanged
08-24 13:27:29.952 I/SystemUi--Statusbar( 2310): MobileConnectionRepositoryImpl-->subId:1 isSoftSimCard:false slotId:0
08-24 13:27:29.952 D/CompatChangeReporter( 1863): Compat change id reported: 297989574; UID 1000; state: ENABLED
08-24 13:27:29.977 E/NhsAppRILAidl/0( 2699): onEventIndication: 2
08-24 13:27:29.979 D/AtCmdParser( 2801): parserAtcmdUrc can not find parser for +EDMFAPP
08-24 13:27:29.980 D/UlPriorityPred( 2684): rsrp -106 ,ulbsr: 3928 ,ulpdcptput: 4978 nextLimit: 810.0 flag: false mTimes: 0 inLimit: false
08-24 13:27:30.126 D/BoundBrokerSvc(14128): onRebind: Intent { act=com.google.android.gms.auth.aang.events.services.START dat=chimera-action:/... cmp=com.google.android.gms/.chimera.PersistentApiService mCallingUid=10222 }
08-24 13:27:30.131 I/GmsCoreXrpcWrapper(14128): (REDACTED) Returning a channel provider with trafficStatsTag=%d trafficStatsUid=%d
08-24 13:27:30.132 I/GmsCoreXrpcWrapper(14128): (REDACTED) Returning a channel provider with trafficStatsTag=%d trafficStatsUid=%d
08-24 13:27:30.132 I/GmsCoreXrpcWrapper(14128): (REDACTED) Returning a channel provider with trafficStatsTag=%d trafficStatsUid=%d
08-24 13:27:30.132 I/GmsCoreXrpcWrapper(14128): (REDACTED) Returning a channel provider with trafficStatsTag=%d trafficStatsUid=%d
08-24 13:27:30.350 D/AtCmdParser( 2801): [PHONE0]< com.oplus.telephony.AtCmdParser$2@fff2a17 urc ind:+ECSQ: 20,37,-376,1,1,-39,-415,4096,30,3
08-24 13:27:30.352 D/OplusTelephonyController( 2665): onSignalStrengthChanged: SignalStrength=SignalStrength:{mCdma=CellSignalStrengthCdma: cdmaDbm=2147483647 cdmaEcio=2147483647 evdoDbm=2147483647 evdoEcio=2147483647 evdoSnr=2147483647 level=0,mGsm=CellSignalStrengthGsm: rssi=2147483647 ber=2147483647 mTa=2147483647 mLevel=0,mWcdma=CellSignalStrengthWcdma: ss=2147483647 ber=2147483647 rscp=2147483647 ecno=2147483647 level=0,mTdscdma=CellSignalStrengthTdscdma: rssi=2147483647 ber=2147483647 rscp=2147483647 level=0,mLte=CellSignalStrengthLte: rssi=-95 rsrp=-104 rsrq=-10 rssnr=7 cqiTableIndex=2147483647 cqi=0 ta=0 level=3 parametersUseForLevel=0,mNr=CellSignalStrengthNr:{ csiRsrp = 2147483647 csiRsrq = 2147483647 csiCqiTableIndex = 2147483647 csiCqiReport = [] ssRsrp = -107 ssRsrq = -4 ssSinr = 7 level = 1 parametersUseForLevel = 0 timingAdvance = 0 },primary=CellSignalStrengthLte}
08-24 13:27:30.354 D/SubsysEventListenerManager-SubsysTelephonyCallback[0]( 2801): onSignalStrengthsChanged
08-24 13:27:30.354 D/SubsysEventListenerManager-SubsysTelephonyCallback[1]( 2801): onSignalStrengthsChanged
08-24 13:27:30.356 I/SystemUi--Statusbar( 2310): MobileConnectionRepositoryImpl-->subId:1 isSoftSimCard:false slotId:0
08-24 13:27:30.361 I/SystemUi--Statusbar( 2310): OplusNetworkSpeedControllExImpl-->updateNetworkSpeed: isConnected:true,isSwitchOn:true
08-24 13:27:30.364 I/SystemUi--Statusbar( 2310): OplusNetworkSpeedControllExImpl-->getTotalByte: totalRxBytes:29998761046,totalTxBytes:5053759392,loopbackTxBytes:942355,loopbackRxBytes:941935 ,totalBytes:35050636148
08-24 13:27:30.396 I/BufferQueueProducer( 1073): [StatusBar#98](this:0xb400007be17959e0,id:-1,api:0,p:-1,c:1073) queueBuffer: fps=0.25 dur=4001.21 max=4001.21 min=4001.21
08-24 13:27:30.402 I/BufferQueueProducer( 1073): [FramebufferSurface](this:0xb400007c37b18ed0,id:-1,api:1,p:1073,c:1073) queueBuffer: fps=0.25 dur=4002.19 max=4002.19 min=4002.19
08-24 13:27:30.403 I/hwcomposer(  929): [HWCDisplay] (0 updateFps():4192), (type:1, mode:2) fps:0.249859,dur:4002.25,max:4002.25,min:4002.25  
08-24 13:27:30.667 I/ugan.YuvaUpdate(12224): Background concurrent mark compact GC freed 17MB AllocSpace bytes, 32(2560KB) LOS objects, 49% free, 9115KB/17MB, paused 368us,2.178ms total 218.368ms
08-24 13:27:30.674 W/ugan.YuvaUpdate(12224): ApkAssets: Deleting an ApkAssets object '<empty> and /data/app/~~Z2N6AuXKL00W-pGG8cvoCg==/com.google.android.webview-ODeskPBm8HA3iNhB6m3jMg==/base.apk' with 1 weak references
08-24 13:27:30.847 D/CommonApp-154-10189( 2684): transport layer data is invalid
08-24 13:27:30.848 D/CommonApp-154-10094( 2684): transport layer data is invalid
08-24 13:27:30.907 E/NhsAppRILAidl/0( 2699): onEventIndication: 2
08-24 13:27:30.909 D/AtCmdParser( 2801): parserAtcmdUrc can not find parser for +EDMFAPP
08-24 13:27:30.924 E/NhsAppRILAidl/0( 2699): onEventIndication: 2
08-24 13:27:30.925 D/AtCmdParser( 2801): parserAtcmdUrc can not find parser for +EDMFAPP
08-24 13:27:30.977 E/NhsAppRILAidl/0( 2699): onEventIndication: 2
08-24 13:27:30.979 D/AtCmdParser( 2801): parserAtcmdUrc can not find parser for +EDMFAPP
08-24 13:27:30.980 D/UlPriorityPred( 2684): rsrp -108 ,ulbsr: 3596 ,ulpdcptput: 8714 nextLimit: 810.0 flag: false mTimes: 0 inLimit: false
08-24 13:27:31.020 D/ULogGuard( 1387): Monitoring: 2 threads, 0 requests, 0 time-bombs; 2 guards. ResetFlags = 0x7
08-24 13:27:31.299 I/OplusHansManager ( 1863): uid=10449, pkg=com.oplus.dialer cannot transition from R to M, importance=dialer
