--------- beginning of main
08-24 13:27:19.112 D/OplusWifiPower_TriggerCenter( 1863): mComponentCallback: fgapplist
08-24 13:27:19.113 V/DCSEX-AppSwitchManager( 2251): OnAppSwitchObserver: onAppExit, resuming = com.nareshkumarbalamurugan.YuvaUpdate, target = com.android.launcher, is ResumingFirstStart =  true, is ResumingMultiApp =  false, extensionInfo =  Bundle[mParcelledData.dataSize=128]
08-24 13:27:19.114 W/libc    (12224): Access denied finding property "ro.odm.prev.product.name"
08-24 13:27:19.115 W/libc    (12224): Access denied finding property "ro.vendor.oplus.gundam"
08-24 13:27:19.117 D/DCSEX-AppLaunchEventRecorder( 2251): onAppSwitch from = com.android.launcher to = com.nareshkumarbalamurugan.YuvaUpdate
08-24 13:27:19.120 I/SystemUiProxy( 2613): SystemUiProxy#getRecentTasks isInGoRecentsAnim: false
08-24 13:27:19.144 V/DCSEX-AppSwitchManager( 2251): OnAppSwitchObserver: onAppEnter, launchedFrom =  com.android.shell, target =  com.nareshkumarbalamurugan.YuvaUpdate, is firstStart =  true, is multiApp =  false, extensionInfo =  Bundle[mParcelledData.dataSize=188]
08-24 13:27:19.145 W/Battery ( 4631): AppSwitchDetectorV2: OnAppSwitchObserver: onAppExit , info = OplusAppExitInfo = {  targetName = com.android.launcher hasResumingActivity = true resumingPackageName = com.nareshkumarbalamurugan.YuvaUpdate resumingActivityName = com.nareshkumarbalamurugan.YuvaUpdate.MainActivity resumingWindowMode = 1 isResumingMultiApp = false isResumingFirstStart = true extension = Bundle[mParcelledData.dataSize=128]}
08-24 13:27:19.151 W/Battery ( 4631): ThermalControlUtils: mForegroundPkg=com.nareshkumarbalamurugan.YuvaUpdate mLastWindowMode=1
08-24 13:27:19.156 W/Battery ( 4631): ThermalControllerCenter: mSafetyState=10010,  mSafetyTestConfigList=01111,10111,11011,11101,11110,00111,01011,01101,01110,10011,10101,10110,11001,11010,11100,11000,11111
08-24 13:27:19.156 W/Battery ( 4631): ThermalControllHandler: tempLevel=[4],userMode=3,gameUserMode=-1,appType=-1,envTempType=1,appStates=[],appSwitchSafetyMode=false,split=[],float=[],full=[com.nareshkumarbalamurugan.YuvaUpdate], tempGear=[4],configItemName=common_config
08-24 13:27:19.156 W/Battery ( 4631): ThermalControllHandler: MSG_THERMAL_CONTROL_CATEGORY_CHANGED
08-24 13:27:19.157 W/Battery ( 4631): AppSceneCenter: PerfPolicy not enable!
--------- beginning of system
08-24 13:27:19.157 I/OplusSmartBrightnessController( 1863): handleMessage MSG_POWER_BRIGHTNESS_CHANGED.
08-24 13:27:19.157 D/ColorAutomaticBrightnessController( 1863): MSG_UPDATE_BRIGHTNESS
08-24 13:27:19.158 D/OplusSmartBrightnessController( 1863): force rate to be fast displayId[0]=2400 -> 2400 boostMode=1
08-24 13:27:19.161 D/OplusEapManager( 1863): mTargetEnterName :com.nareshkumarbalamurugan.YuvaUpdate
08-24 13:27:19.161 D/OplusLatencyOptimizerManager( 1863): enter pkg: com.nareshkumarbalamurugan.YuvaUpdate isPrevBlackAppTop: false mIsBlackAppTop: false
08-24 13:27:19.162 D/VRR [OPlusFrontAppManager]( 1863): OnAppSwitchObserver: onAppEnter , info.targetName = com.nareshkumarbalamurugan.YuvaUpdate
08-24 13:27:19.162 D/VRR [OPlusRefreshRateService]( 1863): handleFrontAppChange pkgName: com.nareshkumarbalamurugan.YuvaUpdate
08-24 13:27:19.162 I/Icing   (28437): Indexing done com.google.android.gms-apps
08-24 13:27:19.163 I/Athena  ( 2769): AthenaDynamicReceiver: pre_app:com.android.launcher, next_app:com.nareshkumarbalamurugan.YuvaUpdate(10694|12224)
08-24 13:27:19.165 D/ScorerRus( 1863): scorer params updated:ScoreParam id:0 baseId:0
08-24 13:27:19.165 D/ScorerRus( 1863): L2={ rssi:[-82, -78, -72, -65][-80, -76, -72, -65][-80, -76, -72, -65] lowplatformrssi:[-79, -75, -69, -62][-77, -73, -69, -62][-77, -73, -69, -62] tx_per:[90, 75, 65, 20] txLost:[80, 70, 55, 40] txRetry:[90, 75, 60, 50] cca:[195, 170, 115, 70] link_speed:[8, 15, 24, 36][8, 15, 24, 36][8, 15, 24, 36][9, 18, 35, 70][10, 26, 35, 70] qos_poor_level_count:[3, 2, 2, 2, 1] stall_count:[5, 3, 2, 2, 1] traffic_insufficient_count:[5, 3, 2, 2, 1] tx_bad_count:[5, 3, 2, 2, 1] cca_bad_count:[5, 3, 2, 2, 1] tx_pps:[10, 50, 200] rx_pps:[10, 50, 200] LowLatencyPpsThreshold:0}
08-24 13:27:19.165 D/ScorerRus( 1863): L3={ rtt:[2000, 400, 200, 100] tx_lost:[80, 65, 50, 30] tx_retry:[85, 70, 55, 40] tx_through_put:[10, 100] rx_through_put:[10, 100] probe:[ http=[10000, 3000, 5, 200, 1] lan=[2000, 200, 3, 60, 3]]}
08-24 13:27:19.165 D/ScorerRus( 1863): L4GameLatency=[110, 190, 300, 3000, 2000]
08-24 13:27:19.165 D/ScorerRus( 1863): AppQoE=[1, 1, 1, 1]
08-24 13:27:19.165 D/ScorerRus( 1863): qos_level_map:{111=1, 112=1, 113=1, 114=1, 115=1, 121=1, 122=1, 123=1, 124=1, 125=1, 131=1, 132=1, 133=1, 134=1, 135=2, 141=2, 142=2, 143=2, 144=3, 145=3, 151=2, 152=3, 153=3, 154=3, 155=3, 211=1, 212=1, 213=2, 214=2, 215=2, 221=1, 222=1, 223=2, 224=2, 225=2, 231=2, 232=3, 233=3, 234=3, 235=3, 241=3, 242=3, 243=3, 244=4, 245=4, 251=3, 252=3, 253=3, 254=4, 255=4, 311=1, 312=2, 313=2, 314=2, 315=2, 321=2, 322=2, 323=2, 324=2, 325=2, 331=3, 332=3, 333=3, 334=3, 335=3, 341=3, 342=3, 343=3, 344=4, 345=4, 351=3, 352=3, 353=3, 354=4, 355=5, 411=1, 412=2, 413=2, 414=2, 415=2, 421=2, 422=2, 423=3, 424=3, 425=3, 431=3, 432=3, 433=4, 434=4, 435=4, 441=3, 442=3, 443=4, 444=5, 445=5, 451=3, 452=3, 453=4, 454=5, 455=5, 511=2, 512=3, 513=3, 514=3, 515=3, 521=3, 522=3, 523=3, 524=4, 525=4, 531=4, 532=4, 533=5, 534=5, 535=5, 541=4, 542=4, 543=5, 544=5, 545=5, 551=4, 552=4, 553=5, 554=5, 555=5}
08-24 13:27:19.171 I/vendor.mediatek.hardware.mtkpower_applist-service.mediatek(  952): packName: com.nareshkumarbalamurugan.YuvaUpdate actName: com.nareshkumarbalamurugan.YuvaUpdate.MainActivity pid: 12224 activityId: 1730263 uid: 10694 state: 1
08-24 13:27:19.171 I/MTK_APPList(  952): [notifyAPPstate] com.nareshkumarbalamurugan.YuvaUpdate/com.nareshkumarbalamurugan.YuvaUpdate.MainActivity, pid=12224, activityId=1730263, uid=10694, state:RESUMED, fps:-1, win:0
08-24 13:27:19.171 I/MTK_APPList(  952): [notifyAPPstate] multi_resumed_app_count: 1
08-24 13:27:19.171 I/MTK_APPList(  952): [notifyAPPstate] multi_resumed_app_info[0] com.nareshkumarbalamurugan.YuvaUpdate/com.nareshkumarbalamurugan.YuvaUpdate.MainActivity, pid:12224, activityId:1730263, fps:-1, isMultiWindow:0
08-24 13:27:19.171 I/MTK_APPList(  952): [getForegroundAPPCount] 1
08-24 13:27:19.171 I/MTK_APPList(  952): [notifyAPPstate] foreground:com.nareshkumarbalamurugan.YuvaUpdate, pid:12224, activityId:1730263, uid:10694
08-24 13:27:19.171 I/MTK_APPList(  952): [notifyNetdUID] 10694
08-24 13:27:19.176 I/MTK_APPList(  952): [notifyPID] 12224
08-24 13:27:19.176 D/MBrainLocalService( 1863): isVendorFreezeConditionPass is false
08-24 13:27:19.176 E/MBrainLocalService( 1863): notifyAppSwitch failed
08-24 13:27:19.179 D/OplusAtlas.OplusAtlasEventDispatch( 3500): setEvent:atlas_event_on_foreground_activities_changed info:pid:12224,uid:10694,hasForegroundActivities:1
08-24 13:27:19.179 D/OplusAtlas.OplusAudioScene( 3500): callback success event:atlas_event_on_foreground_activities_changed eventInfo:pid:12224,uid:10694,hasForegroundActivities:1
08-24 13:27:19.180 D/ShellTaskOrganizerExt( 2310): visibleFlexibleTaskInfos delete:1178
08-24 13:27:19.180 D/ShellTaskOrganizerExt( 2310): isOnCanvas size:0
08-24 13:27:19.180 D/ShellTaskOrganizerExt( 2310): isOnThreeFlexibleCanvas size:0
08-24 13:27:19.180 D/OplusAtlas.OplusMessageHandler( 3500): handleMessage: Msg { when=-1ms what=2 obj=com.oplus.atlas.OplusAtlasEvent@d0a80b9 target=com.oplus.atlas.OplusMessageHandler$MyHandler }
08-24 13:27:19.180 D/OplusAtlas.OplusMessageHandler( 3500): handleMessage: Msg { when=-1ms what=0 obj=com.oplus.atlas.OplusAtlasEvent@d0a80b9 target=com.oplus.atlas.OplusMessageHandler$MyHandler }
08-24 13:27:19.180 D/AudioSystem( 3500): +setParameters(): param
08-24 13:27:19.180 E/OplusThermalStats( 1863): Error getting package info: com.nareshkumarbalamurugan.YuvaUpdate
08-24 13:27:19.181 I/ProcessManager( 2684): onForegroundActivitiesChanged pid:12224, uid:10694, foregroundActivities:true
08-24 13:27:19.181 I/libPowerHal(  954): [perfSetSysInfo] pid type:24, 12224
08-24 13:27:19.182 I/MTK_APPList(  952): [notifyAPPstate] pc:1, com.android.launcher => com.nareshkumarbalamurugan.YuvaUpdate
08-24 13:27:19.182 D/AudioFlingerExtImpl( 1044): AudioFlingerExtImpl oplusSetParameters: keyvalue onForegroundActivitiesChanged=com.nareshkumarbalamurugan.YuvaUpdate:foreground:1
08-24 13:27:19.183 D/AudioFlingerExtImpl( 1044): updateForegroundInfo mForegroundMap(1)|[com.nareshkumarbalamurugan.YuvaUpdate]=1
08-24 13:27:19.184 D/RunningProcessManager( 2684): update process info end, cost(ms) = 3
08-24 13:27:19.187 E/PackageUidManager( 2684): pkgs is empty for uid 10694
08-24 13:27:19.189 I/statsd  (  901): An anomaly (104240000001) (42)0x10000->10694[I] (42)0x20000->com.nareshkumarbalamurugan.YuvaUpdate[S] (42)0x30000->.MainActivity[S]  has occurred! Informing subscribers.
08-24 13:27:19.194 D/AudioPolicyService( 1044): updateUidStates_l() current->uid=99000 current->pid=7839 allowCapture=1 UidState=5 apmStat=1
08-24 13:27:19.194 D/AudioPolicyService( 1044): updateUidStates_l() current->uid=99000 current->pid=7839 allowCapture=1 UidState=5 apmStat=1
08-24 13:27:19.194 D/AudioPolicyService( 1044): updateUidStates_l() current->uid=99000 current->pid=7839 allowCapture=1 UidState=5 apmStat=1
08-24 13:27:19.194 D/RunningProcessManager( 2684): dispatch process change end, cost(ms) = 0
08-24 13:27:19.194 I/RunningProcessManager( 2684): onProcessAdded: pid = 11184
08-24 13:27:19.194 I/RunningProcessManager( 2684): onProcessAdded: pid = 11221
08-24 13:27:19.194 I/RunningProcessManager( 2684): onProcessAdded: pid = 11823
08-24 13:27:19.194 I/RunningProcessManager( 2684): onProcessAdded: pid = 12049
08-24 13:27:19.194 I/RunningProcessManager( 2684): onProcessAdded: pid = 12067
08-24 13:27:19.194 I/RunningProcessManager( 2684): onProcessAdded: pid = 12082
08-24 13:27:19.194 I/RunningProcessManager( 2684): onProcessAdded: pid = 12224
08-24 13:27:19.194 I/RunningProcessManager( 2684): onUidSilent: uid = 10216
08-24 13:27:19.195 I/ConferenceScene( 2684): preconditionChanged 10216 false
08-24 13:27:19.195 I/RunningProcessManager( 2684): onUidSilent: uid = 10280
08-24 13:27:19.195 I/ConferenceScene( 2684): preconditionChanged 10280 false
08-24 13:27:19.195 I/RunningProcessManager( 2684): onUidAdded: uid = 99910195
08-24 13:27:19.195 I/RunningProcessManager( 2684): onUidAdded: uid = 99910210
08-24 13:27:19.195 I/statsd  (  901): An anomaly (119840000001) (100198)0x10000->com.nareshkumarbalamurugan.YuvaUpdate[S] (100198)0x20000->10694[I]  has occurred! Informing subscribers.
08-24 13:27:19.195 W/midasd  ( 3598): getUfsPower:209: initUfsNode nodeValue is empty. ret: -1
08-24 13:27:19.196 W/midasd  ( 3598): deliverUfsMsg:158 getUfsPower failed. ret: -1
08-24 13:27:19.196 I/midasd  ( 3598): app forground called:com.nareshkumarbalamurugan.YuvaUpdate
08-24 13:27:19.196 D/midasd  ( 3598): PowerFactors is null 
08-24 13:27:19.196 I/CameraMidasService(  984): getExplorerInfo The size of ExplorerInfo is 240 ,The size of ExplorerInfo is 0, The memory size of ExplorerInfo is 0
08-24 13:27:19.197 D/midasd  ( 3598): getExplorerInfo is null 
08-24 13:27:19.197 I/OplusObrain( 5962): OplusObrainClientInvoke.getAllTopAppInfos
08-24 13:27:19.204 I/OplusObrain( 5962): OplusObrainClientInvoke.nativeGetTelephonyInfo
08-24 13:27:19.206 I/OplusObrain( 5962): OplusObrainClientInvoke.nativeGetTrafficTypeInfoForNetworkType networkType 0
08-24 13:27:19.211 I/gle.android.gms(28437): Explicit concurrent mark compact GC freed 5738KB AllocSpace bytes, 14(540KB) LOS objects, 24% free, 25MB/33MB, paused 2.175ms,21.800ms total 608.554ms
08-24 13:27:19.214 I/gle.android.gms(28437): WaitForGcToComplete blocked ProfileSaver on Explicit for 474.939ms
08-24 13:27:19.215 W/gle.android.gms(28437): ApkAssets: Deleting an ApkAssets object '<empty> and /data/app/~~0JqkRpiz0w6tc-C98DLYPg==/com.nareshkumarbalamurugan.YuvaUpdate-CywwvbOF4TGouM7miNPBWg==/base.apk' with 1 weak references
08-24 13:27:19.290 D/AtCmdParser( 2801): [PHONE0]< com.oplus.telephony.AtCmdParser$2@fff2a17 urc ind:+ECSQ: 80,48,-422,1,1,-13,-436,32768,18,78,32767,32767,32767
08-24 13:27:19.294 I/BufferQueueProducer( 1073): [FramebufferSurface](this:0xb400007c37b18ed0,id:-1,api:1,p:1073,c:1073) queueBuffer: fps=22.80 dur=1008.73 max=515.23 min=11.59
08-24 13:27:19.295 I/hwcomposer(  929): [HWCDisplay] (0 updateFps():4192), (type:1, mode:2) fps:22.799166,dur:1008.81,max:515.53,min:11.52  
08-24 13:27:19.320 V/WindowManagerShell( 2310): Transition animation finished (aborted=false), notifying core (#2223) android.os.BinderProxy@edb49d6@0
08-24 13:27:19.320 W/OplusShellTransition( 2310): RecentsTransitionHandler.getRecentController: no controller found , token=android.os.BinderProxy@edb49d6
08-24 13:27:19.320 D/SplitScreen-->AppLockManager( 2310): setStartFromSafeControl mStartFromSafeControl=false
08-24 13:27:19.324 D/Transition( 1863): finishTransition ar ActivityRecord{1a66d7 u0 com.nareshkumarbalamurugan.YuvaUpdate/.MainActivity t1178}, isVisibleRequested=true, state=RESUMED, visibleAtTransitionEndTokens={ActivityRecord{1a66d7 u0 com.nareshkumarbalamurugan.YuvaUpdate/.MainActivity t1178}, WallpaperWindowToken{ed08ecc token=android.os.Binder@61f7795 showWhenLocked=false}}, this=TransitionRecord{6bff38d id=2223 track=0 type=OPEN flags=0x0 state=2}
08-24 13:27:19.324 D/Transition( 1863): finishTransition ar ActivityRecord{afbb243 u0 com.android.launcher/.Launcher t1145}, isVisibleRequested=false, state=PAUSED, visibleAtTransitionEndTokens={ActivityRecord{1a66d7 u0 com.nareshkumarbalamurugan.YuvaUpdate/.MainActivity t1178}, WallpaperWindowToken{ed08ecc token=android.os.Binder@61f7795 showWhenLocked=false}}, this=TransitionRecord{6bff38d id=2223 track=0 type=OPEN flags=0x0 state=2}
08-24 13:27:19.326 D/ActivityTaskManager( 1863): commitVisibility: ActivityRecord{afbb243 u0 com.android.launcher/.Launcher t1145}: visible=false visibleRequested=false, isInTransition=false, runningAnimation=false 
08-24 13:27:19.326 D/WindowManager( 1863): NFW_setClientVisible:ActivityRecord{afbb243 u0 com.android.launcher/.Launcher t1145} clientVisible:false
08-24 13:27:19.326 D/WindowManager( 1863): NFW_setClientVisible:WallpaperWindowToken{ed08ecc token=android.os.Binder@61f7795 showWhenLocked=false} clientVisible:false
08-24 13:27:19.327 D/WallpaperControllerExtImpl( 1863): screenshot + id = 65 userId = 0
08-24 13:27:19.327 I/OplusAppSwitchManagerService( 1863):  handleAppVisible , r = ActivityRecord{1a66d7 u0 com.nareshkumarbalamurugan.YuvaUpdate/.MainActivity t1178}
08-24 13:27:19.328 D/OplusTransitionController( 1863): finishTransition, transition: TransitionRecord{6bff38d id=2223 track=0 type=OPEN flags=0x0 state=4}
08-24 13:27:19.328 D/VRI[Launcher]( 2613): dispatchAppVisibility visible:false
08-24 13:27:19.328 D/VRI[Launcher]( 2613): visibilityChanged oldVisibility=true newVisibility=false
08-24 13:27:19.329 D/TransitionController( 1863): NFW_send RECOMPUTE_FOCUS in finishTransition
08-24 13:27:19.330 D/WindowManager( 1863): NFW_findFocusedWindowIfNeeded:null mCurrentFocus:null
08-24 13:27:19.330 D/ShellTaskOrganizer( 2310): onTransitionFinish, isRecent:false
08-24 13:27:19.330 V/WindowManagerShell( 2310): Track 0 became idle
08-24 13:27:19.330 V/WindowManagerShell( 2310): All active transition animations finished
08-24 13:27:19.330 E/ReflectionUtils( 2310): methodInvoke DesupressionGC failed1
08-24 13:27:19.330 E/ReflectionUtils( 2310): java.lang.NoSuchMethodException: dalvik.system.VMRuntime.DesupressionGC [int]
08-24 13:27:19.330 E/ReflectionUtils( 2310): 	at java.lang.Class.getMethod(Class.java:2940)
08-24 13:27:19.330 E/ReflectionUtils( 2310): 	at java.lang.Class.getDeclaredMethod(Class.java:2919)
08-24 13:27:19.330 E/ReflectionUtils( 2310): 	at com.android.wm.shell.util.ReflectionUtils.methodInvoke(ReflectionUtils.java:32)
08-24 13:27:19.330 E/ReflectionUtils( 2310): 	at com.oplus.transition.OplusTransitionReflectionHelper.callGcDesupression(OplusTransitionReflectionHelper.java:120)
08-24 13:27:19.330 E/ReflectionUtils( 2310): 	at com.android.wm.shell.transition.Transitions.onFinish(Transitions.java:1627)
08-24 13:27:19.330 E/ReflectionUtils( 2310): 	at com.android.wm.shell.transition.Transitions.lambda$playTransition$3(Transitions.java:1358)
08-24 13:27:19.330 E/ReflectionUtils( 2310): 	at com.android.wm.shell.transition.Transitions.$r8$lambda$96XCaSAhJXxB3nlVJy1TNPeH46k(Transitions.java:0)
08-24 13:27:19.330 E/ReflectionUtils( 2310): 	at com.android.wm.shell.transition.Transitions$$ExternalSyntheticLambda8.onTransitionFinished(R8$$SyntheticClass:0)
08-24 13:27:19.330 E/ReflectionUtils( 2310): 	at com.android.wm.shell.transition.DefaultTransitionHandler.lambda$startAnimation$2(DefaultTransitionHandler.java:396)
08-24 13:27:19.330 E/ReflectionUtils( 2310): 	at com.android.wm.shell.transition.DefaultTransitionHandler.$r8$lambda$dQGDCIj8oXu4Q3gE3IU3-TQE6Pc(DefaultTransitionHandler.java:0)
08-24 13:27:19.330 E/ReflectionUtils( 2310): 	at com.android.wm.shell.transition.DefaultTransitionHandler$$ExternalSyntheticLambda4.run(R8$$SyntheticClass:0)
08-24 13:27:19.330 E/ReflectionUtils( 2310): 	at com.android.wm.shell.transition.DefaultTransitionHandler.lambda$buildSurfaceAnimation$8(DefaultTransitionHandler.java:1171)
08-24 13:27:19.330 E/ReflectionUtils( 2310): 	at com.android.wm.shell.transition.DefaultTransitionHandler.$r8$lambda$SibS6C6yE4_jWZJm9l8mh9KjTYk(DefaultTransitionHandler.java:0)
08-24 13:27:19.330 E/ReflectionUtils( 2310): 	at com.android.wm.shell.transition.DefaultTransitionHandler$$ExternalSyntheticLambda14.run(R8$$SyntheticClass:0)
08-24 13:27:19.330 E/ReflectionUtils( 2310): 	at android.os.Handler.handleCallback(Handler.java:973)
08-24 13:27:19.330 E/ReflectionUtils( 2310): 	at android.os.Handler.dispatchMessage(Handler.java:100)
08-24 13:27:19.330 E/ReflectionUtils( 2310): 	at android.os.Looper.loopOnce(Looper.java:282)
08-24 13:27:19.330 E/ReflectionUtils( 2310): 	at android.os.Looper.loop(Looper.java:387)
08-24 13:27:19.330 E/ReflectionUtils( 2310): 	at android.os.HandlerThread.run(HandlerThread.java:85)
08-24 13:27:19.331 W/UserManagerService( 1863): Requested status bar icon for non-badged user 0
08-24 13:27:19.332 W/UserManagerService( 1863): Requested status bar icon for non-badged user 0
08-24 13:27:19.335 I/SurfaceView( 2613): 103462868 surfaceDestroyed
08-24 13:27:19.335 D/BLASTBufferQueue( 2613): [SurfaceView[com.android.launcher/com.android.launcher.Launcher]#938](f:0,a:0) destructor()
08-24 13:27:19.335 D/BufferQueueConsumer( 2613): [SurfaceView[com.android.launcher/com.android.launcher.Launcher]#938(BLAST Consumer)938](id:a3500000417,api:0,p:-1,c:2613) disconnect
08-24 13:27:19.335 D/OplusStartingWindowManager( 1863): updateRecordSurfaceViewState windowToken = android.os.BinderProxy@4cb9996, surfaceState = false, attachedToWindow = true, inList = false, win = Window{3804917 u0 com.android.launcher/com.android.launcher.Launcher}
08-24 13:27:19.336 D/SurfaceView( 2613): 53406613positionLost mSurfaceControl is null return;
08-24 13:27:19.336 D/HWUI    ( 2613): RenderProxy::destroy: this=0xb40000757df08000, mContext=0xb400007577cb3880
08-24 13:27:19.336 D/HWUI    ( 2613): SkiaOpenGLPipeline::setSurface: this=0xb40000756a396f00, surface=NULL
08-24 13:27:19.337 D/ViewRootImplExtImpl( 2613): wrapConfigInfoIntoFlags rotation=0, smallestScreenWidthDp=360, relayoutAsync=false, flags=0, newFlags=23592960, residentWS=false, title=com.android.launcher/com.android.launcher.Launcher
08-24 13:27:19.338 I/SurfaceFlinger( 1073): onHandleDestroyed: name=Transition Root: Task=1178#30374, layerId=30374, parentId=0
08-24 13:27:19.339 I/DispPerfService( 1073): updateLayerMask 8
08-24 13:27:19.342 D/COSA->GameServiceSyncUtil(17742): [m] syncGameListToGMS
08-24 13:27:19.342 I/TaskOrganizerController( 1863): onTaskInfoChanged taskid 1178 config { mBounds=Rect(0, 0 - 720, 1612) mAppBounds=Rect(0, 0 - 720, 1612) mMaxBounds=Rect(0, 0 - 720, 1612) mDisplayRotation=ROTATION_0 mWindowingMode=fullscreen mActivityType=standard mAlwaysOnTop=undefined mRotation=ROTATION_0}
08-24 13:27:19.343 D/OplusFlexibleWindowMinimizedManagerHelper( 1863): onTaskInfoChanged taskInfo:TaskInfo{userId=0 taskId=1178 displayId=0 isRunning=true baseIntent=Intent { flg=0x10000000 cmp=com.nareshkumarbalamurugan.YuvaUpdate/.MainActivity mCallingUid=2000 } baseActivity=ComponentInfo{com.nareshkumarbalamurugan.YuvaUpdate/com.nareshkumarbalamurugan.YuvaUpdate.MainActivity} topActivity=ComponentInfo{com.nareshkumarbalamurugan.YuvaUpdate/com.nareshkumarbalamurugan.YuvaUpdate.MainActivity} origActivity=null realActivity=ComponentInfo{com.nareshkumarbalamurugan.YuvaUpdate/com.nareshkumarbalamurugan.YuvaUpdate.MainActivity} numActivities=1 lastActiveTime=343958608 supportsSplitScreenMultiWindow=true supportsMultiWindow=true supportsPocketStudioMultiWindow=true isInFlexibleEmbedded = false uid = 10694 pid = 12224 resizeMode=1 isResizeable=true minWidth=-1 minHeight=-1 defaultMinSize=220 token=WCT{RemoteToken{9241cb7 Task{29b9aad #1178 type=standard A=10694:com.nareshkumarbalamurugan.YuvaUpdate}}} topActivityType=1 pictureInPictureParams=null shouldDockBigOverlays=false launchIntoPipHostTaskId=-1 lastParentTaskIdBeforePip=-1 displayCutoutSafeInsets=null topActivityInfo=ActivityInfo{4bd0745 com.nareshkumarbalamurugan.YuvaUpdate.MainActivity} launchCookies=[] positionInParent=Point(0, 0) parentTaskId=-1 isFocused=true isVisible=true isVisibleRequested=true isSleeping=false locusId=null displayAreaFeatureId=1 isTopActivityTransparent=false appCompatTaskInfo=AppCompatTaskInfo { topActivityInSizeCompat=false topActivityInOplusCompatMode=false topActivityEligibleForLetterboxEducation= falseisLetterboxEducationEnabled= false isLetterboxDoubleTapEnabled= false topActivityEligibleForUserAspectRatioButton= false topActivityBoundsLetterboxed= false isFromLetterboxDoubleTap= false topActivityLetterboxVerticalPosition= -1 topActivityLetterboxHorizontalPosition= -1 topActivityLetterboxWidth=720 topActivityLetterboxHeight=1612 isUserFullscreenOverrideEnabled=false isSystemFullscreenOverrideEnabled=false cameraCompatTaskInfo=CameraCompatTaskInfo { cameraCompatControlState=hidden freeformCameraCompatMode=inactive}} topActivityLetterboxInsets=Rect(0, 0 - 0, 0) mOplusExtraBundle = Bundle[{androidx.flexible.taskFrame=Rect(0, 0 - 0, 0), key_flexible_task_state=0, androidx.activity.LaunchScenario=0, androidx.activity.LaunchScale=1.0}]} task:Task{29b9aad #1178 type=standard A=10694:com.nareshkumarbalamurugan.YuvaUpdate}
08-24 13:27:19.343 D/OplusFlexibleDragToSplitAnimController( 1863): visibleFlexibleTaskInfos delete:1178
08-24 13:27:19.343 D/ShellTaskOrganizerExt( 2310): visibleFlexibleTaskInfos delete:1178
08-24 13:27:19.343 D/ShellTaskOrganizerExt( 2310): isOnCanvas size:0
08-24 13:27:19.343 D/ShellTaskOrganizerExt( 2310): isOnThreeFlexibleCanvas size:0
08-24 13:27:19.344 I/TaskOrganizerController( 1863): onTaskInfoChanged taskid 1 config { mBounds=Rect(0, 0 - 720, 1612) mAppBounds=Rect(0, 0 - 720, 1612) mMaxBounds=Rect(0, 0 - 720, 1612) mDisplayRotation=ROTATION_0 mWindowingMode=fullscreen mActivityType=home mAlwaysOnTop=undefined mRotation=ROTATION_0}
08-24 13:27:19.345 D/OplusFlexibleWindowMinimizedManagerHelper( 1863): onTaskInfoChanged taskInfo:TaskInfo{userId=0 taskId=1 displayId=0 isRunning=true baseIntent=Intent { act=android.intent.action.MAIN cat=[android.intent.category.HOME] flg=0x34000000 cmp=com.android.launcher/.Launcher mCallingUid=10169 } baseActivity=ComponentInfo{com.android.launcher/com.android.launcher.Launcher} topActivity=ComponentInfo{com.android.launcher/com.android.launcher.Launcher} origActivity=null realActivity=null numActivities=1 lastActiveTime=31785 supportsSplitScreenMultiWindow=false supportsMultiWindow=true supportsPocketStudioMultiWindow=false isInFlexibleEmbedded = false uid = 10169 pid = 2613 resizeMode=2 isResizeable=true minWidth=-1 minHeight=-1 defaultMinSize=220 token=WCT{RemoteToken{bab5a88 Task{fc48624 #1 type=home}}} topActivityType=2 pictureInPictureParams=null shouldDockBigOverlays=false launchIntoPipHostTaskId=-1 lastParentTaskIdBeforePip=-1 displayCutoutSafeInsets=Rect(0, 64 - 0, 0) topActivityInfo=ActivityInfo{49ade16 com.android.launcher.Launcher} launchCookies=[] positionInParent=Point(0, 0) parentTaskId=-1 isFocused=false isVisible=false isVisibleRequested=false isSleeping=false locusId=LocusId[17_chars] displayAreaFeatureId=1 isTopActivityTransparent=false appCompatTaskInfo=AppCompatTaskInfo { topActivityInSizeCompat=false topActivityInOplusCompatMode=false topActivityEligibleForLetterboxEducation= falseisLetterboxEducationEnabled= false isLetterboxDoubleTapEnabled= false topActivityEligibleForUserAspectRatioButton= false topActivityBoundsLetterboxed= false isFromLetterboxDoubleTap= false topActivityLetterboxVerticalPosition= -1 topActivityLetterboxHorizontalPosition= -1 topActivityLetterboxWidth=720 topActivityLetterboxHeight=1612 isUserFullscreenOverrideEnabled=false isSystemFullscreenOverrideEnabled=false cameraCompatTaskInfo=CameraCompatTaskInfo { cameraCompatControlState=hidden freeformCameraCompatMode=inactive}} topActivityLetterboxInsets=Rect(0, 0 - 0, 0) mOplusExtraBundle = Bundle[{androidx.flexible.taskFrame=Rect(0, 0 - 0, 0), key_flexible_task_state=0, androidx.activity.LaunchScenario=0, androidx.activity.LaunchScale=1.0}]} task:Task{fc48624 #1 type=home}
08-24 13:27:19.346 D/OplusFlexibleDragToSplitAnimController( 1863): visibleFlexibleTaskInfos delete:1
08-24 13:27:19.346 D/WindowManagerServiceExtImpl( 1863): extractConfigInfoAndRealFlags rotation=0, screenDp=360, residentWS:0, win=Window{3804917 u0 com.android.launcher/com.android.launcher.Launcher}
08-24 13:27:19.346 V/WindowManager( 1863): Relayout Window{3804917 u0 com.android.launcher/com.android.launcher.Launcher}: viewVisibility=8, oldvis=0, req=720x1612, vsysui=LAYOUT_STABLE LAYOUT_HIDE_NAVIGATION LAYOUT_FULLSCREEN
08-24 13:27:19.347 D/ShellTaskOrganizerExt( 2310): visibleFlexibleTaskInfos delete:1
08-24 13:27:19.347 D/ShellTaskOrganizerExt( 2310): isOnCanvas size:0
08-24 13:27:19.347 D/ShellTaskOrganizerExt( 2310): isOnThreeFlexibleCanvas size:0
08-24 13:27:19.348 D/WindowManager( 1863): NFW_findFocusedWindowIfNeeded:null mCurrentFocus:null
08-24 13:27:19.349 D/VRI[Launcher]( 2613): relayoutWindow result, sizeChanged:false, surfaceControlChanged:true, transformHintChanged:false, mSurfaceSize:Point(720, 1612), mLastSurfaceSize:Point(720, 1612), mWidth:720, mHeight:1612, requestedWidth:720, requestedHeight:1612, transformHint:0, installOrientation:0, displayRotation:0, isSurfaceValid:false, attr.flag:-2121203456, tmpFrames:ClientWindowFrames{frame=[0,0][720,1612] display=[0,0][720,1612] parentFrame=[0,0][0,0]}, relayoutAsync:false, mSyncSeqId:0
08-24 13:27:19.349 I/SurfaceFlinger( 1073): onHandleDestroyed: name=Bounds for - com.android.launcher/com.android.launcher.Launcher#30361, layerId=30361, parentId=0
08-24 13:27:19.349 D/BLASTBufferQueue( 2613): [VRI[Launcher][com.android.launcher/com.android.launcher.Launcher]#937](f:0,a:3) destructor()
08-24 13:27:19.349 D/BufferQueueConsumer( 2613): [VRI[Launcher][com.android.launcher/com.android.launcher.Launcher]#937(BLAST Consumer)937](id:a3500000416,api:0,p:-1,c:2613) disconnect
08-24 13:27:19.355 I/BufferQueueDebug( 1073): [Transition Root: Task=1178#30374](this:0xb400007bddf109e0,id:-1,api:0,p:-1,c:1073) onDestructor()
08-24 13:27:19.355 W/SurfaceFlinger( 1073): commitOffscreenLayers Layer 0xb400007bddaf3000 not alive
08-24 13:27:19.355 I/SurfaceFlinger( 1073): onHandleDestroyed: name=SurfaceView[com.android.launcher/com.android.launcher.Launcher]#30362, layerId=30362, parentId=0
08-24 13:27:19.355 I/SurfaceFlinger( 1073): onHandleDestroyed: name=Background for SurfaceView[com.android.launcher/com.android.launcher.Launcher]#30364, layerId=30364, parentId=0
08-24 13:27:19.355 I/SurfaceFlinger( 1073): onHandleDestroyed: name=SurfaceView[com.android.launcher/com.android.launcher.Launcher](BLAST)#30363, layerId=30363, parentId=0
08-24 13:27:19.355 I/DispPerfService( 1073): updateLayerMask 0
08-24 13:27:19.373 I/BufferQueueDebug( 1073): [SurfaceView[com.android.launcher/com.android.launcher.Launcher]#30362](this:0xb400007bddb119e0,id:-1,api:0,p:-1,c:1073) onDestructor()
08-24 13:27:19.373 I/BufferQueueDebug( 1073): [SurfaceView[com.android.launcher/com.android.launcher.Launcher](BLAST)#30363](this:0xb400007bddb359e0,id:-1,api:0,p:-1,c:1073) onDestructor()
08-24 13:27:19.373 I/BufferQueueDebug( 1073): [Background for SurfaceView[com.android.launcher/com.android.launcher.Launcher]#30364](this:0xb400007bddec79e0,id:-1,api:0,p:-1,c:1073) onDestructor()
08-24 13:27:19.386 E/NhsAppRILAidl/0( 2699): onEventIndication: 2
08-24 13:27:19.388 D/AtCmdParser( 2801): parserAtcmdUrc can not find parser for +EDMFAPP
08-24 13:27:19.397 D/COSA->GameServiceSyncUtil(17742): [m] syncGameListToGMS
08-24 13:27:19.403 E/NhsAppRILAidl/0( 2699): onEventIndication: 2
08-24 13:27:19.404 D/AtCmdParser( 2801): parserAtcmdUrc can not find parser for +EDMFAPP
08-24 13:27:19.505 D/TelephonyImpl( 2684): getRealNrState start:0
08-24 13:27:19.508 D/TelephonyImpl( 2684): getRealNrState start:0
08-24 13:27:19.520 D/TelephonyImpl( 2684): getRealNrState start:0
08-24 13:27:19.548 D/nativeloader(12224): Configuring clns-7 for other apk /data/app/~~0JqkRpiz0w6tc-C98DLYPg==/com.nareshkumarbalamurugan.YuvaUpdate-CywwvbOF4TGouM7miNPBWg==/base.apk. target_sdk_version=35, uses_libraries=, library_path=/data/app/~~0JqkRpiz0w6tc-C98DLYPg==/com.nareshkumarbalamurugan.YuvaUpdate-CywwvbOF4TGouM7miNPBWg==/lib/arm64:/data/app/~~0JqkRpiz0w6tc-C98DLYPg==/com.nareshkumarbalamurugan.YuvaUpdate-CywwvbOF4TGouM7miNPBWg==/base.apk!/lib/arm64-v8a, permitted_path=/data:/mnt/expand:/data/user/0/com.nareshkumarbalamurugan.YuvaUpdate
08-24 13:27:19.549 I/Quality (12224): ActivityThread: createClassLoader delay 430 /data/app/~~0JqkRpiz0w6tc-C98DLYPg==/com.nareshkumarbalamurugan.YuvaUpdate-CywwvbOF4TGouM7miNPBWg==/base.apk 12224
08-24 13:27:19.551 D/CompatChangeReporter(12224): Compat change id reported: 202956589; UID 10694; state: ENABLED
08-24 13:27:19.552 I/Quality (12224): ActivityThread: createOrUpdateClassLoaderLocked delay 437 com.nareshkumarbalamurugan.YuvaUpdate 12224
08-24 13:27:19.561 V/GraphicsEnvironment(12224): Currently set values for:
08-24 13:27:19.561 V/GraphicsEnvironment(12224):   angle_gl_driver_selection_pkgs=[]
08-24 13:27:19.561 V/GraphicsEnvironment(12224):   angle_gl_driver_selection_values=[]
08-24 13:27:19.561 V/GraphicsEnvironment(12224): Global.Settings values are invalid: number of packages: 0, number of values: 0
08-24 13:27:19.561 V/GraphicsEnvironment(12224): App is not on the allowlist for updatable production driver.
08-24 13:27:19.564 D/ResourcesManagerExtImpl(12224): applyConfigurationToAppResourcesLocked app.getDisplayId() return callback.displayId:-1
08-24 13:27:19.583 D/CommonApp-154-10189( 2684): transport layer data is invalid
08-24 13:27:19.585 D/CommonApp-154-10094( 2684): commonScoreStrategy scenarios 5 mdnsScore=0
08-24 13:27:19.585 D/CommonApp-154-10094( 2684): notifyScoreChange appScene COMMON score 80
08-24 13:27:19.586 E/OplusDualPsManager( 2684): getDdsNetId, dual ps not init
08-24 13:27:19.586 D/OplusGame( 2684): getIfInGame,false
08-24 13:27:19.587 D/OplusScanQrCodeStatsService( 2684): get tencent pkg uid fail android.content.pm.PackageManager$NameNotFoundException: com.tencent.mm
08-24 13:27:19.644 I/FirebaseApp(12224): Device unlocked: initializing all Firebase APIs for app [DEFAULT]
08-24 13:27:19.658 I/FirebaseInitProvider(12224): FirebaseApp initialization successful
08-24 13:27:19.658 D/ReactNativeFirebaseApp(12224): received application context.
08-24 13:27:19.666 D/CompatChangeReporter(12224): Compat change id reported: 279646685; UID 10694; state: ENABLED
08-24 13:27:19.670 D/nativeloader(12224): Load libSchedAssistJni.so using system ns (caller=/system/framework/oplus-framework.jar): ok
08-24 13:27:19.670 D/ExtensionsLoader(12224): createInstance(64bit) : createExtendedFactory
08-24 13:27:19.671 D/ExtensionsLoader(12224): Opened libSchedAssistExtImpl.so
08-24 13:27:19.671 E/SchedAssist(12224): ofbOpen failed with error=No such file or directory
08-24 13:27:19.671 E/SchedAssist(12224): sysOpen failed with error=No such file or directory
08-24 13:27:19.671 E/SchedAssist(12224): open sharedFd failed with error=Permission denied
08-24 13:27:19.671 E/SchedAssist(12224): open sharedFd failed with error=Permission denied
08-24 13:27:19.671 E/SchedAssist(12224): open sharedFd failed with error=Permission denied
08-24 13:27:19.671 E/SchedAssist(12224): open sharedFd failed with error=No such file or directory
08-24 13:27:19.674 D/OplusGraphicsEvent(12224): OplusGraphicsEventListener create now!
08-24 13:27:19.675 D/OplusGraphicsEvent(12224): addEventListener success!
08-24 13:27:19.677 E/ScrollOptim [OplusPerfService]( 1863): isScrollOptimEnable: mSoptBean = ScrollOptimBean, mOptEnable=true, mCommonOnly=false, mPreAnimStrategy=1, mPreAnimBlacklist=[com.kyk.world, com.shopify.arrive, com.quark.browser], mPreAnimWhitelist=[], mInsertNum=1, mFrameInsertList={com.shopify.arrive={}, com.sina.weibo={com.sina.weibo.VisitorMainTabActivity=3}, com.tencent.mm={com.tencent.mm.ui.AlbumUI=3, com.tencent.mm.plugin.sns.ui.SnsTimeLineUI=3, com.tencent.mm.plugin.sns.ui.improve.ImproveSnsTimelineUI=3}, com.taobao.idlefish={}, com.kyk.world={}}, mSCEnableList={com.ss.android.ugc.aweme=[com.ss.android.ugc.aweme.splash.SplashActivity], com.sankuai.meituan=[com.meituan.android.pt.homepage.activity.MainActivity], com.dragon.read=[com.dragon.read.pages.main.MainFragmentActivity], com.sina.weibo=[com.sina.weibo.VisitorMainTabActivity], com.xunmeng.pinduoduo=[com.xunmeng.pinduoduo.activity.NewPageActivity], com.tencent.qqmusic=[com.tencent.qqmusic.activity.AppStarterActivity], com.tencent.mobileqq=[com.qzone.feed.ui.activity.QZoneFriendFeedActivity], com.tencent.qqlive=[com.tencent.qqlive.ona.activity.SplashHomeActivity], com.ct.client=[com.ct.client.activity.MainActivity]}
08-24 13:27:19.677 E/ScrollOptim [OplusPerfService]( 1863): isScrollOptimEnable: pkgName = com.nareshkumarbalamurugan.YuvaUpdate, output = Bundle[{pre_anim_enable=true, frame_insert_list=null, frame_insert_default_num=1, scroll_changed_enable_list=null}]
08-24 13:27:19.677 D/ScrollOptim [ConfigManager](12224): initOptConfig: pkg= com.nareshkumarbalamurugan.YuvaUpdate, mOptEnable= true, mAnimAheadEnable= true, mInsertDefaultNum= 1, mFrameInsertEnableList= {}, mSCEnableList= []
08-24 13:27:19.685 D/healthd (  932): system healthd: battery l=91 v=4 t=34.5 h=2 st=2 c=416 fc=4864000 cc=104 chg=u
08-24 13:27:19.688 D/nativeloader(12224): Load libpowerhalwrap_jni.so using system ns (caller=/system_ext/framework/mediatek-framework.jar): ok
08-24 13:27:19.688 I/PowerHalWrapper(12224): PowerHalWrapper.getInstance 
08-24 13:27:19.688 I/M-ProMotion(12224): M-ProMotion is disabled
08-24 13:27:19.696 W/SoLoader(12224): Initializing SoLoader: 0
08-24 13:27:19.697 W/SoLoader(12224): Recording new base apk path: /data/app/~~0JqkRpiz0w6tc-C98DLYPg==/com.nareshkumarbalamurugan.YuvaUpdate-CywwvbOF4TGouM7miNPBWg==/base.apk
08-24 13:27:19.697 W/SoLoader(12224): Previously recorded 0 base apk paths.
08-24 13:27:19.699 D/CompatChangeReporter(12224): Compat change id reported: 312399441; UID 10694; state: ENABLED
08-24 13:27:19.699 I/SoLoader(12224): Preparing SO source: DirectorySoSource[root = /vendor/lib64 flags = 2]
08-24 13:27:19.700 I/SoLoader(12224): Preparing SO source: DirectorySoSource[root = /system/lib64 flags = 2]
08-24 13:27:19.700 I/SoLoader(12224): Preparing SO source: DirectApkSoSource[root = [/data/app/~~0JqkRpiz0w6tc-C98DLYPg==/com.nareshkumarbalamurugan.YuvaUpdate-CywwvbOF4TGouM7miNPBWg==/base.apk!/lib/arm64-v8a]]
08-24 13:27:19.715 E/SmsApplication( 2665): com.android.mms lost android:read_cell_broadcasts:  (fixing)
08-24 13:27:19.716 W/AppOpService( 1863): Ignored setUidMode call for runtime permission app op: uid = 10208, code = READ_CELL_BROADCASTS, mode = allow, callingUid = 1001, oldMode = allow
08-24 13:27:19.726 W/AppOpService( 1863): Ignored setUidMode call for runtime permission app op: uid = 1001, code = READ_SMS, mode = allow, callingUid = 1001, oldMode = allow
08-24 13:27:19.728 W/AppOpService( 1863): Ignored setUidMode call for runtime permission app op: uid = 1001, code = RECEIVE_SMS, mode = allow, callingUid = 1001, oldMode = allow
08-24 13:27:19.728 W/AppOpService( 1863): Ignored setUidMode call for runtime permission app op: uid = 1001, code = RECEIVE_WAP_PUSH, mode = allow, callingUid = 1001, oldMode = allow
08-24 13:27:19.729 W/AppOpService( 1863): Ignored setUidMode call for runtime permission app op: uid = 1001, code = SEND_SMS, mode = allow, callingUid = 1001, oldMode = allow
08-24 13:27:19.730 W/AppOpService( 1863): Ignored setUidMode call for runtime permission app op: uid = 1001, code = READ_CELL_BROADCASTS, mode = allow, callingUid = 1001, oldMode = allow
08-24 13:27:19.770 D/CompatChangeReporter( 1863): Compat change id reported: 311208629; UID 1000; state: ENABLED
08-24 13:27:19.771 D/healthd (  932): system healthd: battery l=91 v=4 t=34.5 h=2 st=2 c=192 fc=4864000 cc=104 chg=u
08-24 13:27:19.772 D/NotificationCenter(16445): NotificationCenterService-->onDestroy: 
08-24 13:27:19.840 I/SoLoader(12224): Preparing SO source: ApplicationSoSource[DirectorySoSource[root = /data/app/~~0JqkRpiz0w6tc-C98DLYPg==/com.nareshkumarbalamurugan.YuvaUpdate-CywwvbOF4TGouM7miNPBWg==/lib/arm64 flags = 0]]
08-24 13:27:19.840 I/SoLoader(12224): init finish: 4 SO sources prepared
08-24 13:27:19.840 W/SoLoader(12224): SoLoader initialized: 8
08-24 13:27:19.870 I/TcpSyn  ( 2684): onIfNameChange: foregroundAppChange
08-24 13:27:19.871 I/TcpSyn  ( 2684): onIfNameChange: foregroundAppChange appUid=[]
08-24 13:27:19.940 I/libPerfCtl(  952): xgfGetFPS pid:1073 fps:-1
08-24 13:27:19.940 I/libPerfCtl(  952): xgfGetFPS pid:2310 fps:-1
08-24 13:27:19.976 E/NhsAppRILAidl/0( 2699): onEventIndication: 2
08-24 13:27:19.978 D/AtCmdParser( 2801): parserAtcmdUrc can not find parser for +EDMFAPP
08-24 13:27:19.979 D/UlPriorityPred( 2684): rsrp -108 ,ulbsr: 117 ,ulpdcptput: 4862 nextLimit: 210.0 flag: false mTimes: 0 inLimit: false
08-24 13:27:19.987 D/vendor.oplus.hardware.charger-V6-service(  988): get_ui_charge_icon_type 0 0 0 0 0
08-24 13:27:19.988 D/vendor.oplus.hardware.charger-V6-service(  988): oplus_chg_get_cpa_power 2500 charge_online 1 retention_topic 0
08-24 13:27:19.989 D/vendor.oplus.hardware.charger-V6-service(  988): oplus_chg_get_cpa_power 2500 charge_online 1 retention_topic 0
08-24 13:27:19.989 D/vendor.oplus.hardware.charger-V6-service(  988): getIsSingleHyperSupport=2, cpa_power=2
08-24 13:27:20.007 D/OplusScrollToTopManager( 2613): com.android.launcher/com.android.launcher.Launcher,This com.android.internal.policy.DecorView{e9ad36 V.E...... R.....ID 0,0-720,1612 aid=13 alpha=1.0 viewInfo = }[Launcher] change focus to false
08-24 13:27:20.036 D/nativeloader(12224): Load /data/app/~~0JqkRpiz0w6tc-C98DLYPg==/com.nareshkumarbalamurugan.YuvaUpdate-CywwvbOF4TGouM7miNPBWg==/base.apk!/lib/arm64-v8a/libc++_shared.so using class loader ns clns-7 (caller=/data/app/~~0JqkRpiz0w6tc-C98DLYPg==/com.nareshkumarbalamurugan.YuvaUpdate-CywwvbOF4TGouM7miNPBWg==/base.apk!classes6.dex): ok
08-24 13:27:20.100 I/OplusAppSwitchManagerService( 1863): appswitch registerAppSwitchObserver pName = com@@oplus@@nas observer = com.oplus.app.IOplusAppSwitchObserver$Stub$Proxy@720e81c config = OplusAppSwitchConfig = {  mConfigs = {1=[TOM@@bilibili@@video@@story@@StoryVideoActivity, TOM@@youku@@ui@@activity@@DetailActivity, TOM@@tencent@@mm@@plugin@@sns@@ui@@SnsOnlineVideoActivity, TOM@@google@@android@@apps@@youtube@@app@@watchwhile@@MainActivity, TOM@@ss@@android@@ugc@@aweme@@detail@@ui@@LiveDetailActivity, TOM@@duowan@@mobile@@basemedia@@watchlive@@activity@@LiveTemplateActivity, TOM@@ss@@android@@article@@video@@activity@@SplashActivity, TOM@@duowan@@kiwi@@liveroom@@ChannelPage, TOM@@bytedance@@ugc@@innerfeed@@impl@@PostInnerFeedActivity, TOM@@tencent@@mm@@plugin@@finder@@nearby@@newlivesquare@@FinderLiveSquareNewEntranceUI, TOM@@facebook@@katana@@immersiveactivity@@ImmersiveActivity, TOM@@sina@@weibo@@VisitorMainTabActivity, TOM@@youku@@android@@smallvideo@@entry@@SmallVideoLandingActivity, TOM@@kuaishou@@live@@core@@basic@@activity@@LiveSlideActivity, TOM@@tencent@@wemeet@@sdk@@meeting@@inmeeting@@InMeetingActivity, TOM@@ss@@android@@ugc@@aweme@@live@@LivePlayActivity, TOM@@youku@@live@@YKLiveActivity, TOM@@ss@@android@@ugc@@aweme@@live@@LivePlayActivityV2, TOM@@google@@android@@youtube@@app@@honeyTOMb@@Shell$HomeActivity, TOM@@instagram@@mainactivity@@InstagramMainActivity, tv@@douyu@@view@@activity@@PlayerActivity, TOM@@bilibili@@bililive@@room@@ui@@roomv3@@LiveRoomActivityV3, zm@@voip@@ui@@incall@@ZmInCallActivity, TOM@@ss@@android@@ugc@@aweme@@splash@@SplashActivity, TOM@@facebook@@video@@activity@@DeprecatedFullscreenVideoPlayerActivity, TOM@@zipow@@videobox@@conference@@ui@@ZmConfActivity, TOM@@facebook@@katana@@LoginActivity, TOM@@tencent@@mm@@plugin@@finder@@ui@@FinderHomeAffinityUI, TOM@@tencent@@mm@@plugin@@sns@@ui@@flexible@@SnsFlexibleVideoActivity, TOM@@bilibili@@studio@@centerplus@@ui@@CenterPlusMainActivity, TOM@@zipow@@videobox@@conference@@ui@@ZmConfPipActivity, org@@iqiyi@@video@@activity@@PlayerActivity, org@@qiyi@@pluginlibrary@@TOMponent@@InstrActivityProxy1, TOM@@kuaishou@@live@@anchor@@basic@@activity@@LivePushActivity, org@@telegram@@messenger@@DefaultIcon, TOM@@sina@@weibo@@MediaCoreActivity, TOM@@tencent@@mm@@plugin@@finder@@feed@@ui@@FinderLiveAnchorAffinityUI, TOM@@netflix@@mediaclient/@@ui@@player@@PlayerActivity, TOM@@tencent@@mm@@plugin@@finder@@ui@@FinderShareFeedRelUI, TOM@@sina@@weibo@@video@@tabcontainer@@VideoTabContainerActivity, TOM@@ss@@android@@ugc@@aweme@@detail@@ui@@DetailActivity, TOM@@yxcorp@@gifshow@@detail@@PhotoDetailActivity, TOM@@ss@@android@@ugc@@aweme@@longervideo@@landscape@@home@@activity@@LandscapeFeedActivity, TOM@@dy@@liveV2@@living@@RecorderCameraActivityV2Portrait, TOM@@tencent@@vlive@@VLiveActivity, TOM@@dragon@@read@@pages@@main@@MainFragmentActivity, TOM@@alibaba@@android@@teleconf@@mozi@@activity@@TeleVideoConfActivity, TOM@@yxcorp@@gifshow@@HomeActivity, TOM@@dragon@@read@@TOMponent@@shortvideo@@impl@@ShortSeriesActivity, TOM@@ss@@android@@ugc@@aweme@@live@@LiveBroadcastActivity, TOM@@bytedance@@novel@@view@@NovelReaderActivity, TOM@@tencent@@mm@@plugin@@finder@@feed@@ui@@FinderLiveVisitorWithoutAffinityUI, TOM@@douyu@@module@@vod@@p@@TOMmon@@MZVodPlayerActivity, TOM@@sina@@weibo@@feed@@DetailWeiboActivity, TOM@@xingin@@matrix@@detail@@activity@@DetailFeedActivity, TOM@@discord@@main@@MainDefault, TOM@@ss@@android@@detail@@feature@@detail2@@view@@NewDetailActivity, TOM@@google@@android@@apps@@youtube@@app@@watchwhile@@InternalMainActivity, TOM@@bytedance@@ugc@@UgcDetailInfoActivity, TOM@@bilibili@@ship@@theseus@@detail@@UnitedBizDetailsActivity, TOM@@whatsapp@@voipcalling@@VoipActivityV2, TOM@@ss@@android@@detail@@feature@@detail2@@view@@NewVideoDetailActivity, TOM@@duowan@@liveroom@@LiveRoomActivity, TOM@@tencent@@qqlive@@ona@@activity@@VideoDetailActivity, TOM@@snapchat@@android@@LandingPageActivity, TOM@@tencent@@mm@@plugin@@finder@@feed@@ui@@FinderLiveVisitorAffinityUI, TOM@@xingin@@xhs@@index@@v2@@IndexActivityV2, TOM@@ss@@android@@ugc@@detail@@a
08-24 13:27:20.100 I/OplusAppSwitchStateDispatcher( 1863): registerAppSwitchObserver addDynamicListener OK, info = OplusAppSwitchRuleInfo = {  observer = com.oplus.app.IOplusAppSwitchObserver$Stub$Proxy@720e81c observerFingerPrint = 54664708} rule size =0
08-24 13:27:20.109 D/AtCmdParser( 2801): [PHONE0]< com.oplus.telephony.AtCmdParser$2@fff2a17 urc ind:+ECSQ: 19,37,-373,1,1,-42,-415,4096,24,3
08-24 13:27:20.131 D/nativeloader(12224): Load /data/app/~~0JqkRpiz0w6tc-C98DLYPg==/com.nareshkumarbalamurugan.YuvaUpdate-CywwvbOF4TGouM7miNPBWg==/base.apk!/lib/arm64-v8a/libjsi.so using class loader ns clns-7 (caller=/data/app/~~0JqkRpiz0w6tc-C98DLYPg==/com.nareshkumarbalamurugan.YuvaUpdate-CywwvbOF4TGouM7miNPBWg==/base.apk!classes6.dex): ok
08-24 13:27:20.137 D/vendor.oplus.hardware.charger-V6-service(  988): get_ui_charge_icon_type 0 0 0 0 0
08-24 13:27:20.138 D/vendor.oplus.hardware.charger-V6-service(  988): oplus_chg_get_cpa_power 2500 charge_online 1 retention_topic 0
08-24 13:27:20.138 D/vendor.oplus.hardware.charger-V6-service(  988): oplus_chg_get_cpa_power 2500 charge_online 1 retention_topic 0
08-24 13:27:20.138 D/vendor.oplus.hardware.charger-V6-service(  988): getIsSingleHyperSupport=2, cpa_power=2
08-24 13:27:20.169 I/OplusHansManager ( 1863): FastFreeze exit, unfreeze uids: []
08-24 13:27:20.169 I/OplusHansManager ( 1863): exit FastFreezer, unfreeze uids: [] thaw: [], reason: exitFF
08-24 13:27:20.170 I/OplusHansManager ( 1863): notify state machine event=FF_EXIT to uids=[10694, 10449]
08-24 13:27:20.211 D/nativeloader(12224): Load /data/app/~~0JqkRpiz0w6tc-C98DLYPg==/com.nareshkumarbalamurugan.YuvaUpdate-CywwvbOF4TGouM7miNPBWg==/base.apk!/lib/arm64-v8a/libfbjni.so using class loader ns clns-7 (caller=/data/app/~~0JqkRpiz0w6tc-C98DLYPg==/com.nareshkumarbalamurugan.YuvaUpdate-CywwvbOF4TGouM7miNPBWg==/base.apk!classes6.dex): ok
08-24 13:27:20.227 D/nativeloader(12224): Load /data/app/~~0JqkRpiz0w6tc-C98DLYPg==/com.nareshkumarbalamurugan.YuvaUpdate-CywwvbOF4TGouM7miNPBWg==/base.apk!/lib/arm64-v8a/libreactnative.so using class loader ns clns-7 (caller=/data/app/~~0JqkRpiz0w6tc-C98DLYPg==/com.nareshkumarbalamurugan.YuvaUpdate-CywwvbOF4TGouM7miNPBWg==/base.apk!classes6.dex): ok
08-24 13:27:20.227 D/jni_lib_merge(12224): Entering merged library JNI_OnLoad.
08-24 13:27:20.227 D/jni_lib_merge(12224): Preparing 11 pre-merged libs (including stub)
08-24 13:27:20.227 D/jni_lib_merge(12224): Preparing to register libfabricjni_so.  onload_func: 0x75b0dab970
08-24 13:27:20.227 D/jni_lib_merge(12224): Preparing to register libreact_devsupportjni_so.  onload_func: 0x75b0ffd94c
08-24 13:27:20.227 D/jni_lib_merge(12224): Preparing to register libreact_featureflagsjni_so.  onload_func: 0x75b1009e3c
08-24 13:27:20.227 D/jni_lib_merge(12224): Preparing to register libreact_newarchdefaults_so.  onload_func: 0x75b107c988
08-24 13:27:20.227 D/jni_lib_merge(12224): Preparing to register libreactnativeblob_so.  onload_func: 0x75b128406c
08-24 13:27:20.227 D/jni_lib_merge(12224): Preparing to register libreactnativejni_so.  onload_func: 0x75b12dff7c
08-24 13:27:20.227 D/jni_lib_merge(12224): Preparing to register librninstance_so.  onload_func: 0x75b132ab58
08-24 13:27:20.227 D/jni_lib_merge(12224): Preparing to register libturbomodulejsijni_so.  onload_func: 0x75b1456d84
08-24 13:27:20.227 D/jni_lib_merge(12224): Preparing to register libuimanagerjni_so.  onload_func: 0x75b1471f80
08-24 13:27:20.227 D/jni_lib_merge(12224): Preparing to register libyoga_so.  onload_func: 0x75b14801a8
08-24 13:27:20.227 D/jni_lib_merge(12224): About to register 10 actual methods.
08-24 13:27:20.238 I/Quality (12224): ActivityThread: callApplicationOnCreate delay 545 com.nareshkumarbalamurugan.YuvaUpdate 12224
08-24 13:27:20.240 I/ActivityManager( 1863): Flag disabled. Ignoring finishAttachApplication from uid: 10694. pid: 12224
08-24 13:27:20.241 D/callGcSupression(12224): java.lang.NullPointerException: Attempt to invoke virtual method 'java.lang.Object java.lang.reflect.Method.invoke(java.lang.Object, java.lang.Object[])' on a null object reference
08-24 13:27:20.242 I/[UAH_CLIENT]( 1863): UahEventAcquire, cmdid:2, pkg:none, identity:OplusActivityManagerServiceEnhance
08-24 13:27:20.244 D/GpuServiceExtImpl( 1066): getRUSWhiteList  size 0
08-24 13:27:20.244 I/HWUI    (12224): SupportApps size 0
08-24 13:27:20.247 D/ExtensionsLoader(12224): createInstance(64bit) : createExtendedFactory
08-24 13:27:20.247 D/ExtensionsLoader(12224): Opened libSchedAssistExtImpl.so
08-24 13:27:20.249 D/ResourcesManagerExtImpl(12224): applyConfigurationToAppResourcesLocked app.getDisplayId() return callback.displayId:0
08-24 13:27:20.250 D/libMEOW (12224): meow new tls: 0xb4000076aa656980
08-24 13:27:20.251 D/libMEOW (12224): meow reload base cfg path: na
08-24 13:27:20.251 D/libMEOW (12224): meow reload overlay cfg path: na
08-24 13:27:20.251 W/QT      (12224): qt_process_init() called
08-24 13:27:20.251 E/QT      (12224): [QT]file does not exist
08-24 13:27:20.251 W/QT      (12224): Support!!
08-24 13:27:20.253 E/QT      (12224): [QT]file does not exist
08-24 13:27:20.253 D/libMEOW (12224): applied 1 plugins for [com.nareshkumarbalamurugan.YuvaUpdate]:
08-24 13:27:20.253 D/libMEOW (12224):   plugin 1: [libMEOW_gift.so]:
08-24 13:27:20.254 D/libMEOW (12224): meow delete tls: 0xb4000076aa656980
08-24 13:27:20.271 D/AppCompatDelegate(12224): Checking for metadata for AppLocalesMetadataHolderService : Service not found
08-24 13:27:20.297 I/oplus.android.OplusFrameworkFactoryImpl(12224): Unknow feature:IOplusTextViewRTLUtilForUG
08-24 13:27:20.299 D/nativeloader(12224): Load liboplushwui_jni.so using system ns (caller=/system/framework/oplus-framework.jar): ok
08-24 13:27:20.311 W/SoLoader(12224): SoLoader already initialized
08-24 13:27:20.325 W/SoLoader(12224): SoLoader already initialized
08-24 13:27:20.357 D/SensorServiceExtImpl( 1863): isAllowOplusAMD opPackageName = com.nareshkumarbalamurugan.YuvaUpdate
08-24 13:27:20.357 D/ExtensionsLoader(12224): createInstance(64bit) : createExtendedFactory
08-24 13:27:20.360 D/ExtensionsLoader(12224): Opened libsensorextimpl.so
08-24 13:27:20.361 V/SystemSensorManagerExtImpl(12224): RegisterListener icm4n607 ACCELEROMETER type:1 delay:66667us by com.facebook.react.common.ShakeDetector@add7bb7 from com.nareshkumarbalamurugan.YuvaUpdate
08-24 13:27:20.361 D/SensorService( 1863): createSensorEventConnection, mCurrentOperatingMode = 0, requestedMode = 0
08-24 13:27:20.362 W/SensorService( 1863): SensorEventConnection sensor handle=1, package = com.facebook.react.common.ShakeDetector enable
