08-24 13:07:37.269 D/InetDiagMessage( 1863): Destroyed 0 sockets, proto=IPPROTO_TCP, family=AF_INET6, states=14
08-24 13:07:37.269 D/InetDiagMessage( 1863): Destroyed live tcp sockets for uids={20693} in 6ms
08-24 13:07:37.269 I/GoogleInputMethodService( 5404): GoogleInputMethodService.onFinishInput():2054 
08-24 13:07:37.270 I/Module  ( 5404): DeviceLockedStatusModuleProvider$Module.updateDeviceLockedStatus():100 repeatCheckTimes = 0, locked = false
08-24 13:07:37.270 I/GoogleInputMethodService( 5404): GoogleInputMethodService.onStartInput():1315 onStartInput(EditorInfo{EditorInfo{packageName=com.android.launcher, inputType=0, inputTypeString=NULL, enableLearning=false, autoCorrection=false, autoComplete=false, imeOptions=0, privateImeOptions=null, actionName=UNSPECIFIED, actionLabel=null, initialSelStart=-1, initialSelEnd=-1, initialCapsMode=0, label=null, fieldId=0, fieldName=null, extras=Bundle[{com.oplus.im.WINDOW_MODE=1, com.oplus.im.SCENES=0}], hintText=null, hintLocales=[]}}, false)
08-24 13:07:37.271 I/Module  ( 5404): DeviceLockedStatusModuleProvider$Module.updateDeviceLockedStatus():100 repeatCheckTimes = 1, locked = false
08-24 13:07:37.272 D/WindowManager( 1863): NFW_findFocusedWindowIfNeeded:Window{3804917 u0 com.android.launcher/com.android.launcher.Launcher} mCurrentFocus:Window{3804917 u0 com.android.launcher/com.android.launcher.Launcher}
08-24 13:07:37.274 W/PackageConfigPersister( 1863): App-specific configuration not found for packageName: com.android.launcher and userId: 0
08-24 13:07:37.277 W/UserManagerService( 1863): Requested status bar icon for non-badged user 0
08-24 13:07:37.293 I/SurfaceFlinger( 1073): onHandleDestroyed: name=Surface(name=b8fe13c Splash Screen com.nareshkumarbalamurugan.YuvaUpdate)/@0xaa57222 - animation-leash of window_animation#30306, layerId=30306, parentId=0
08-24 13:07:37.293 I/SurfaceFlinger( 1073): onHandleDestroyed: name=Splash Screen com.nareshkumarbalamurugan.YuvaUpdate#30283, layerId=30283, parentId=0
08-24 13:07:37.310 I/BufferQueueDebug( 1073): [Splash Screen com.nareshkumarbalamurugan.YuvaUpdate#30283](this:0xb400007bddc369e0,id:-1,api:0,p:-1,c:1073) onDestructor()
08-24 13:07:37.310 I/BufferQueueDebug( 1073): [Surface(name=b8fe13c Splash Screen com.nareshkumarbalamurugan.YuvaUpdate)/@0xaa57222 - animation-leash of window_animation#30306](this:0xb400007bde1c69e0,id:-1,api:0,p:-1,c:1073) onDestructor()
08-24 13:07:37.326 D/callGcDesupression( 1863): java.lang.NullPointerException: Attempt to invoke virtual method 'java.lang.Object java.lang.reflect.Method.invoke(java.lang.Object, java.lang.Object[])' on a null object reference
08-24 13:07:37.326 D/SurfaceAnimationRunner( 1863): onAnimationEnd:Surface(name=Surface(name=e709d18 Application Error: com.nareshkumarbalamurugan.YuvaUpdate)/@0x82614f4 - animation-leash of window_animation)/@0x26c1725
08-24 13:07:37.326 D/callGcDesupression( 1863): java.lang.NullPointerException: Attempt to invoke virtual method 'java.lang.Object java.lang.reflect.Method.invoke(java.lang.Object, java.lang.Object[])' on a null object reference
08-24 13:07:37.326 D/SurfaceAnimationRunner( 1863): onAnimationEnd:Surface(name=Dim Layer for - WindowedMagnification:0:64)/@0x8eb0e8c
08-24 13:07:37.326 W/UserAwareMgr( 1863): event can not be released, id: 5005, count: 4, releasePid: 1863
08-24 13:07:37.326 W/UserAwareMgr( 1863): event can not be released, id: 5006, count: 2, releasePid: 1863
08-24 13:07:37.342 I/WindowManager( 1863): Window{e709d18 u0 Application Error: com.nareshkumarbalamurugan.YuvaUpdate} state from HAS_DRAWN to NO_SURFACE; reason: destroySurface
08-24 13:07:37.359 I/SurfaceFlinger( 1073): onHandleDestroyed: name=WindowToken{572a8fb type=2003 android.view.OplusViewRootImplHooks$ColorW@b35ba8a}#30289, layerId=30289, parentId=0
08-24 13:07:37.359 I/SurfaceFlinger( 1073): onHandleDestroyed: name=Dim Layer for - WindowedMagnification:0:64#30295, layerId=30295, parentId=0
08-24 13:07:37.359 I/SurfaceFlinger( 1073): onHandleDestroyed: name=Application Error: com.nareshkumarbalamurugan.YuvaUpdate#30293, layerId=30293, parentId=0
08-24 13:07:37.359 I/SurfaceFlinger( 1073): onHandleDestroyed: name=Surface(name=e709d18 Application Error: com.nareshkumarbalamurugan.YuvaUpdate)/@0x82614f4 - animation-leash of window_animation#30302, layerId=30302, parentId=0
08-24 13:07:37.359 I/SurfaceFlinger( 1073): onHandleDestroyed: name=e709d18 Application Error: com.nareshkumarbalamurugan.YuvaUpdate#30290, layerId=30290, parentId=0
08-24 13:07:37.376 I/BufferQueueDebug( 1073): [WindowToken{572a8fb type=2003 android.view.OplusViewRootImplHooks$ColorW@b35ba8a}#30289](this:0xb400007bdda609e0,id:-1,api:0,p:-1,c:1073) onDestructor()
08-24 13:07:37.376 I/BufferQueueDebug( 1073): [Application Error: com.nareshkumarbalamurugan.YuvaUpdate#30293](this:0xb400007bdda879e0,id:-1,api:0,p:-1,c:1073) onDestructor()
08-24 13:07:37.376 I/BufferQueueDebug( 1073): [Surface(name=e709d18 Application Error: com.nareshkumarbalamurugan.YuvaUpdate)/@0x82614f4 - animation-leash of window_animation#30302](this:0xb400007bddb059e0,id:-1,api:0,p:-1,c:1073) onDestructor()
08-24 13:07:37.376 I/BufferQueueDebug( 1073): [e709d18 Application Error: com.nareshkumarbalamurugan.YuvaUpdate#30290](this:0xb400007bddb359e0,id:-1,api:0,p:-1,c:1073) onDestructor()
08-24 13:07:37.376 I/BufferQueueDebug( 1073): [Dim Layer for - WindowedMagnification:0:64#30295](this:0xb400007bddc529e0,id:-1,api:0,p:-1,c:1073) onDestructor()
08-24 13:07:37.472 V/WindowManagerShell( 2310): Transition animation finished (aborted=false), notifying core (#2216) android.os.BinderProxy@22fc094@0
08-24 13:07:37.472 W/OplusShellTransition( 2310): RecentsTransitionHandler.getRecentController: no controller found , token=android.os.BinderProxy@22fc094
08-24 13:07:37.472 D/SplitScreen-->AppLockManager( 2310): setStartFromSafeControl mStartFromSafeControl=false
08-24 13:07:37.474 D/Transition( 1863): finishTransition ar ActivityRecord{afbb243 u0 com.android.launcher/.Launcher t1145}, isVisibleRequested=true, state=RESUMED, visibleAtTransitionEndTokens={ActivityRecord{afbb243 u0 com.android.launcher/.Launcher t1145}, WallpaperWindowToken{ed08ecc token=android.os.Binder@61f7795 showWhenLocked=false}}, this=TransitionRecord{e0a1395 id=2216 track=0 type=CLOSE flags=0x10 state=2}
08-24 13:07:37.475 D/Transition( 1863): finishTransition ar ActivityRecord{dfd1db1 u0 com.nareshkumarbalamurugan.YuvaUpdate/expo.modules.devlauncher.launcher.errors.DevLauncherErrorActivity t1175 f} isExiting}, isVisibleRequested=false, state=DESTROYED, visibleAtTransitionEndTokens={ActivityRecord{afbb243 u0 com.android.launcher/.Launcher t1145}, WallpaperWindowToken{ed08ecc token=android.os.Binder@61f7795 showWhenLocked=false}}, this=TransitionRecord{e0a1395 id=2216 track=0 type=CLOSE flags=0x10 state=2}
08-24 13:07:37.475 D/ActivityTaskManager( 1863): commitVisibility: ActivityRecord{dfd1db1 u0 com.nareshkumarbalamurugan.YuvaUpdate/expo.modules.devlauncher.launcher.errors.DevLauncherErrorActivity t1175 f} isExiting}: visible=false visibleRequested=false, isInTransition=false, runningAnimation=false 
08-24 13:07:37.475 D/WindowManager( 1863): NFW_setClientVisible:ActivityRecord{dfd1db1 u0 com.nareshkumarbalamurugan.YuvaUpdate/expo.modules.devlauncher.launcher.errors.DevLauncherErrorActivity t1175 f} isExiting} clientVisible:false
08-24 13:07:37.475 I/OplusAppSwitchManagerService( 1863):  handleAppVisible , r = ActivityRecord{afbb243 u0 com.android.launcher/.Launcher t1145}
08-24 13:07:37.475 D/WallpaperControllerExtImpl( 1863): screenshot + id = 65 userId = 0
08-24 13:07:37.476 D/ActivityTaskManager( 1863): removeAppToken: ActivityRecord{dfd1db1 u0 com.nareshkumarbalamurugan.YuvaUpdate/expo.modules.devlauncher.launcher.errors.DevLauncherErrorActivity t1175 f}} delayed=false parent=Task{a06386a #1175 type=standard A=10693:com.nareshkumarbalamurugan.YuvaUpdate} animating=false Callers=com.android.server.wm.ActivityRecord.removeImmediately:5394 com.android.server.wm.ActivityRecord.removeIfPossible:5409 com.android.server.wm.ActivityRecord.handleCompleteDeferredRemoval:5415 com.android.server.wm.WindowContainer.handleCompleteDeferredRemoval:1622 
08-24 13:07:37.476 I/SurfaceFlinger( 1073): onHandleDestroyed: name=bb7c296 ActivityRecordInputSink com.nareshkumarbalamurugan.YuvaUpdate/expo.modules.devlauncher.launcher.errors.DevLauncherErrorActivity#30297, layerId=30297, parentId=0
08-24 13:07:37.477 D/OplusMirageWindowManagerService( 1863): onTaskRemoved displayid:0 taskId:1175 callers:com.android.server.wm.MirageWindowManagerExtImpl.onTaskRemoved:47 com.android.server.wm.TaskDisplayArea.removeChildTask:394 com.android.server.wm.TaskDisplayArea.removeChild:383 com.android.server.wm.WindowContainer.removeImmediately:1016 com.android.server.wm.TaskFragment.removeImmediately:3644 
08-24 13:07:37.477 I/OplusScreenSecurityMask( 1863): onStackRemoved task = Task{a06386a #1175 type=standard A=10693:com.nareshkumarbalamurugan.YuvaUpdate} record = null displayId = 0
08-24 13:07:37.477 D/OplusAlwaysAliveManager( 1863): removing: 1175, ComponentInfo{com.nareshkumarbalamurugan.YuvaUpdate/com.nareshkumarbalamurugan.YuvaUpdate.MainActivity}
08-24 13:07:37.478 D/OplusTransitionController( 1863): finishTransition, transition: TransitionRecord{e0a1395 id=2216 track=0 type=CLOSE flags=0x10 state=4}
08-24 13:07:37.478 D/TransitionController( 1863): NFW_send RECOMPUTE_FOCUS in finishTransition
08-24 13:07:37.478 W/UserAwareMgr( 1863): event can not be released, id: 5005, count: 3, releasePid: 1863
08-24 13:07:37.479 D/ShellTaskOrganizer( 2310): onTransitionFinish, isRecent:false
08-24 13:07:37.479 V/WindowManagerShell( 2310): Track 0 became idle
08-24 13:07:37.479 V/WindowManagerShell( 2310): All active transition animations finished
08-24 13:07:37.479 E/ReflectionUtils( 2310): methodInvoke DesupressionGC failed1
08-24 13:07:37.479 E/ReflectionUtils( 2310): java.lang.NoSuchMethodException: dalvik.system.VMRuntime.DesupressionGC [int]
08-24 13:07:37.479 E/ReflectionUtils( 2310): 	at java.lang.Class.getMethod(Class.java:2940)
08-24 13:07:37.479 E/ReflectionUtils( 2310): 	at java.lang.Class.getDeclaredMethod(Class.java:2919)
08-24 13:07:37.479 E/ReflectionUtils( 2310): 	at com.android.wm.shell.util.ReflectionUtils.methodInvoke(ReflectionUtils.java:32)
08-24 13:07:37.479 E/ReflectionUtils( 2310): 	at com.oplus.transition.OplusTransitionReflectionHelper.callGcDesupression(OplusTransitionReflectionHelper.java:120)
08-24 13:07:37.479 E/ReflectionUtils( 2310): 	at com.android.wm.shell.transition.Transitions.onFinish(Transitions.java:1627)
08-24 13:07:37.479 E/ReflectionUtils( 2310): 	at com.android.wm.shell.transition.Transitions.lambda$playTransition$3(Transitions.java:1358)
08-24 13:07:37.479 E/ReflectionUtils( 2310): 	at com.android.wm.shell.transition.Transitions.$r8$lambda$96XCaSAhJXxB3nlVJy1TNPeH46k(Transitions.java:0)
08-24 13:07:37.479 E/ReflectionUtils( 2310): 	at com.android.wm.shell.transition.Transitions$$ExternalSyntheticLambda8.onTransitionFinished(R8$$SyntheticClass:0)
08-24 13:07:37.479 E/ReflectionUtils( 2310): 	at com.android.wm.shell.transition.DefaultTransitionHandler.lambda$startAnimation$2(DefaultTransitionHandler.java:396)
08-24 13:07:37.479 E/ReflectionUtils( 2310): 	at com.android.wm.shell.transition.DefaultTransitionHandler.$r8$lambda$dQGDCIj8oXu4Q3gE3IU3-TQE6Pc(DefaultTransitionHandler.java:0)
08-24 13:07:37.479 E/ReflectionUtils( 2310): 	at com.android.wm.shell.transition.DefaultTransitionHandler$$ExternalSyntheticLambda4.run(R8$$SyntheticClass:0)
08-24 13:07:37.479 E/ReflectionUtils( 2310): 	at com.android.wm.shell.transition.DefaultTransitionHandler.lambda$buildSurfaceAnimation$8(DefaultTransitionHandler.java:1171)
08-24 13:07:37.479 E/ReflectionUtils( 2310): 	at com.android.wm.shell.transition.DefaultTransitionHandler.$r8$lambda$SibS6C6yE4_jWZJm9l8mh9KjTYk(DefaultTransitionHandler.java:0)
08-24 13:07:37.479 E/ReflectionUtils( 2310): 	at com.android.wm.shell.transition.DefaultTransitionHandler$$ExternalSyntheticLambda14.run(R8$$SyntheticClass:0)
08-24 13:07:37.479 E/ReflectionUtils( 2310): 	at android.os.Handler.handleCallback(Handler.java:973)
08-24 13:07:37.479 E/ReflectionUtils( 2310): 	at android.os.Handler.dispatchMessage(Handler.java:100)
08-24 13:07:37.479 E/ReflectionUtils( 2310): 	at android.os.Looper.loopOnce(Looper.java:282)
08-24 13:07:37.479 E/ReflectionUtils( 2310): 	at android.os.Looper.loop(Looper.java:387)
08-24 13:07:37.479 E/ReflectionUtils( 2310): 	at android.os.HandlerThread.run(HandlerThread.java:85)
08-24 13:07:37.480 D/OplusFlexibleWindowMinimizedManagerHelper( 1863): onTaskVanished taskInfo:1175 task:Task{a06386a #1175 type=standard A=10693:com.nareshkumarbalamurugan.YuvaUpdate}
08-24 13:07:37.480 D/OplusFlexibleDragToSplitAnimController( 1863): visibleFlexibleTaskInfos delete:1175
08-24 13:07:37.480 D/FlexibleTaskController( 1863): no need releaseFlexibleCaptionView or destroyFlexibleDragLeash when non-caption-view-task vanished, task=Task{a06386a #1175 type=standard A=10693:com.nareshkumarbalamurugan.YuvaUpdate}
08-24 13:07:37.480 D/FlexibleWindowManagerService( 1863): notifyFlexibleTaskVanish taskId : 1175 is not taskEmbedded
08-24 13:07:37.480 D/FlexibleWindowManagerService( 1863): onFlexibleWindowTaskVanished: task = 1175,size:0
08-24 13:07:37.480 D/OplusFlexibleWindowMinimizedManagerHelper( 1863): onTaskVanished taskInfo:1175 task:Task{a06386a #1175 type=standard A=10693:com.nareshkumarbalamurugan.YuvaUpdate}
08-24 13:07:37.480 D/OplusFlexibleDragToSplitAnimController( 1863): visibleFlexibleTaskInfos delete:1175
08-24 13:07:37.480 D/FlexibleTaskController( 1863): no need releaseFlexibleCaptionView or destroyFlexibleDragLeash when non-caption-view-task vanished, task=Task{a06386a #1175 type=standard A=10693:com.nareshkumarbalamurugan.YuvaUpdate}
08-24 13:07:37.480 D/FlexibleWindowManagerService( 1863): notifyFlexibleTaskVanish taskId : 1175 is not taskEmbedded
08-24 13:07:37.480 D/FlexibleWindowManagerService( 1863): onFlexibleWindowTaskVanished: task = 1175,size:0
08-24 13:07:37.480 D/ShellTaskOrganizerExt( 2310): visibleFlexibleTaskInfos delete:1175
08-24 13:07:37.480 D/ShellTaskOrganizerExt( 2310): isOnCanvas size:0
08-24 13:07:37.480 D/ShellTaskOrganizerExt( 2310): isOnThreeFlexibleCanvas size:0
08-24 13:07:37.481 W/UserManagerService( 1863): Requested status bar icon for non-badged user 0
08-24 13:07:37.481 D/ZoomController( 2310): onTaskRemoved
08-24 13:07:37.481 D/WindowManager( 1863): NFW_findFocusedWindowIfNeeded:Window{3804917 u0 com.android.launcher/com.android.launcher.Launcher} mCurrentFocus:Window{3804917 u0 com.android.launcher/com.android.launcher.Launcher}
08-24 13:07:37.482 D/ZoomController( 2310): onTaskRemoved
08-24 13:07:37.482 I/TaskStackChangeListeners( 2613): onTaskRemoved(), cur=1175
08-24 13:07:37.482 I/TaskStackChangeListeners( 2613): onTaskRemoved(), cur=1175
08-24 13:07:37.482 W/UserManagerService( 1863): Requested status bar icon for non-badged user 0
08-24 13:07:37.482 I/SystemUiProxy( 2613): SystemUiProxy#getRecentTasks isInGoRecentsAnim: false
08-24 13:07:37.483 D/ActivityTaskManager( 1863): Skipping, invisible task: Task{2e9e8ec #1145 type=home I=com.android.launcher/.Launcher}
08-24 13:07:37.484 D/OplusSplitScreenManagerService( 1863): com.android.settings unSupportsSplitScreen by blockList or ForbidActivityList
08-24 13:07:37.484 D/OplusSplitScreenManagerService( 1863): com.android.settings unSupportsSplitScreen by blockList or ForbidActivityList
08-24 13:07:37.484 D/OplusSplitScreenManagerService( 1863): com.android.settings unSupportsSplitScreen by blockList or ForbidActivityList
08-24 13:07:37.484 D/ActivityTaskManager( 1863): pre-Filtered:com.nareshkumarbalamurugan.YuvaUpdate # com.whatsapp # com.oppo.quicksearchbox # com.adobe.scan.android # com.google.android.youtube # com.coloros.alarmclock # com.linkedin.android # com.google.android.googlequicksearchbox # com.coloros.filemanager # com.android.settings # com.android.chrome # com.android.settings # com.coloros.calculator # com.google.android.googlequicksearchbox # com.google.android.calendar # com.phonepe.app # com.android.mms # com.google.android.apps.docs # 
08-24 13:07:37.484 D/ActivityTaskManager( 1863): after skip size 18
08-24 13:07:37.486 W/UserManagerService( 1863): Requested status bar icon for non-badged user 0
08-24 13:07:37.492 W/UserAwareMgr( 1863): event can not be released, id: 2020, count: 2, releasePid: 2613
08-24 13:07:37.494 I/SurfaceFlinger( 1073): onHandleDestroyed: name=Transition Root: DefaultTaskDisplayArea#30305, layerId=30305, parentId=0
08-24 13:07:37.494 I/SurfaceFlinger( 1073): onHandleDestroyed: name=b8fe13c Splash Screen com.nareshkumarbalamurugan.YuvaUpdate#30282, layerId=30282, parentId=0
08-24 13:07:37.496 I/mtkpower@impl(  954): [setMode] type:6, enabled:0
08-24 13:07:37.496 E/mtkpower@impl(  954): [setMode] unknown type
08-24 13:07:37.510 I/BufferQueueDebug( 1073): [Transition Root: DefaultTaskDisplayArea#30305](this:0xb400007bddab49e0,id:-1,api:0,p:-1,c:1073) onDestructor()
08-24 13:07:37.510 I/BufferQueueDebug( 1073): [b8fe13c Splash Screen com.nareshkumarbalamurugan.YuvaUpdate#30282](this:0xb400007bddc279e0,id:-1,api:0,p:-1,c:1073) onDestructor()
08-24 13:07:37.510 I/SurfaceFlinger( 1073): onHandleDestroyed: name=Task=1175#30307, layerId=30307, parentId=0
08-24 13:07:37.526 I/BufferQueueDebug( 1073): [Task=1175#30307](this:0xb400007bddc369e0,id:-1,api:0,p:-1,c:1073) onDestructor()
08-24 13:07:37.732 D/healthd (  932): system healthd: battery l=90 v=4 t=35.4 h=2 st=2 c=-219 fc=4859000 cc=104 chg=u
08-24 13:07:37.814 D/healthd (  932): system healthd: battery l=90 v=4 t=35.4 h=2 st=2 c=-76 fc=4859000 cc=104 chg=u
08-24 13:07:37.887 D/CommonApp-154-10189( 2684): transport layer data is invalid
08-24 13:07:37.888 D/CommonApp-154-10094( 2684): transport layer data is invalid
08-24 13:07:37.888 D/CommonApp-154-10693( 2684): transport layer data is invalid
08-24 13:07:37.954 D/AtCmdParser( 2801): [PHONE1]< com.oplus.telephony.AtCmdParser$2@fff2a17 urc ind:+ECSQ: 25,33,-400,1,1,-30,-430,4096,56,1
08-24 13:07:38.001 D/vendor.oplus.hardware.charger-V6-service(  988): get_ui_charge_icon_type 0 0 0 0 0
08-24 13:07:38.002 D/vendor.oplus.hardware.charger-V6-service(  988): oplus_chg_get_cpa_power 2500 charge_online 1 retention_topic 0
08-24 13:07:38.003 D/vendor.oplus.hardware.charger-V6-service(  988): oplus_chg_get_cpa_power 2500 charge_online 1 retention_topic 0
08-24 13:07:38.003 D/vendor.oplus.hardware.charger-V6-service(  988): getIsSingleHyperSupport=2, cpa_power=2
08-24 13:07:38.006 E/NhsAppRILAidl/0( 2699): onEventIndication: 2
08-24 13:07:38.007 D/AtCmdParser( 2801): parserAtcmdUrc can not find parser for +EDMFAPP
08-24 13:07:38.008 D/UlPriorityPred( 2684): rsrp -112 ,ulbsr: 201 ,ulpdcptput: 1376 nextLimit: 960.0 flag: false mTimes: 0 inLimit: false
08-24 13:07:38.158 D/vendor.oplus.hardware.charger-V6-service(  988): get_ui_charge_icon_type 0 0 0 0 0
08-24 13:07:38.159 D/vendor.oplus.hardware.charger-V6-service(  988): oplus_chg_get_cpa_power 2500 charge_online 1 retention_topic 0
08-24 13:07:38.159 D/vendor.oplus.hardware.charger-V6-service(  988): oplus_chg_get_cpa_power 2500 charge_online 1 retention_topic 0
08-24 13:07:38.159 D/vendor.oplus.hardware.charger-V6-service(  988): getIsSingleHyperSupport=2, cpa_power=2
08-24 13:07:38.225 D/AudioPolicyService( 1044): updateUidStates_l() current->uid=99000 current->pid=7839 allowCapture=1 UidState=5 apmStat=1
08-24 13:07:38.228 E/TetherController(  902): property_get sys.radio.data.modem_share_flag return 0, 1!
08-24 13:07:38.230 W/[0]DCS  (30115): Common Record event failed. DCS reject event: [appId=20110,logTag=201101,eventId=card_or_widget_exposure] . Pls check server config.
08-24 13:07:38.262 D/OplusScrollToTopManager( 2613): com.android.launcher/com.android.launcher.Launcher,This com.android.internal.policy.DecorView{e9ad36 V.E...... R....... 0,0-720,1612 aid=13 alpha=1.0 viewInfo = }[Launcher] change focus to true
08-24 13:07:38.301 D/SurfaceFlinger( 1073): calculateTimeoutTime, triggerInterval = 1 sec + 959903923 nsec
08-24 13:07:38.461 D/TelephonyImpl( 2684): getRealNrState start:0
08-24 13:07:38.462 D/TelephonyImpl( 2684): getRealNrState start:0
08-24 13:07:38.468 D/TelephonyImpl( 2684): getRealNrState start:0
08-24 13:07:38.501 E/TaskPersister( 1863): File error accessing recents directory (directory doesn't exist?).
08-24 13:07:38.737 D/AtCmdParser( 2801): [PHONE0]< com.oplus.telephony.AtCmdParser$2@fff2a17 urc ind:+ECSQ: 19,29,-406,1,1,-42,-448,4096,18,1
08-24 13:07:38.739 D/SubsysEventListenerManager-SubsysTelephonyCallback[1]( 2801): onSignalStrengthsChanged
08-24 13:07:38.740 D/OplusTelephonyController( 2665): onSignalStrengthChanged: SignalStrength=SignalStrength:{mCdma=CellSignalStrengthCdma: cdmaDbm=2147483647 cdmaEcio=2147483647 evdoDbm=2147483647 evdoEcio=2147483647 evdoSnr=2147483647 level=0,mGsm=CellSignalStrengthGsm: rssi=2147483647 ber=2147483647 mTa=2147483647 mLevel=0,mWcdma=CellSignalStrengthWcdma: ss=2147483647 ber=2147483647 rscp=2147483647 ecno=2147483647 level=0,mTdscdma=CellSignalStrengthTdscdma: rssi=2147483647 ber=2147483647 rscp=2147483647 level=0,mLte=CellSignalStrengthLte: rssi=-103 rsrp=-112 rsrq=-11 rssnr=4 cqiTableIndex=2147483647 cqi=0 ta=0 level=2 parametersUseForLevel=0,mNr=CellSignalStrengthNr:{ csiRsrp = 2147483647 csiRsrq = 2147483647 csiCqiTableIndex = 2147483647 csiCqiReport = [] ssRsrp = 2147483647 ssRsrq = 2147483647 ssSinr = 2147483647 level = 0 parametersUseForLevel = 0 timingAdvance = 2147483647 },primary=CellSignalStrengthLte}
08-24 13:07:38.740 I/SystemUi--Statusbar( 2310): MobileConnectionRepositoryImpl-->subId:1 isSoftSimCard:false slotId:0
08-24 13:07:38.740 D/SubsysEventListenerManager-SubsysTelephonyCallback[0]( 2801): onSignalStrengthsChanged
08-24 13:07:38.907 D/AudioPolicyService( 1044): updateUidStates_l() current->uid=99000 current->pid=7839 allowCapture=1 UidState=5 apmStat=1
08-24 13:07:38.907 D/AudioPolicyService( 1044): updateUidStates_l() current->uid=99000 current->pid=7839 allowCapture=1 UidState=5 apmStat=1
08-24 13:07:38.911 D/CommonApp-154-10189( 2684): transport layer data is invalid
08-24 13:07:38.912 D/CommonApp-154-10094( 2684): transport layer data is invalid
08-24 13:07:38.912 D/CommonApp-154-10693( 2684): transport layer data is invalid
08-24 13:07:39.006 E/NhsAppRILAidl/0( 2699): onEventIndication: 2
08-24 13:07:39.006 D/AtCmdParser( 2801): parserAtcmdUrc can not find parser for +EDMFAPP
08-24 13:07:39.008 D/UlPriorityPred( 2684): rsrp -112 ,ulbsr: 0 ,ulpdcptput: 14 nextLimit: 960.0 flag: false mTimes: 0 inLimit: false
08-24 13:07:39.771 D/ULogGuard( 1387): Monitoring: 2 threads, 0 requests, 0 time-bombs; 2 guards. ResetFlags = 0x7
08-24 13:07:39.897 I/SystemUi--Statusbar( 2310): MobileConnectionRepositoryImpl-->subId:1 isSoftSimCard:false slotId:0
08-24 13:07:39.925 I/BufferQueueProducer( 1073): [StatusBar#98](this:0xb400007be17959e0,id:-1,api:0,p:-1,c:1073) queueBuffer: fps=0.36 dur=2798.59 max=2798.59 min=2798.59
08-24 13:07:39.930 I/BufferQueueProducer( 1073): [FramebufferSurface](this:0xb400007c37b18ed0,id:-1,api:1,p:1073,c:1073) queueBuffer: fps=5.72 dur=2797.58 max=2402.69 min=13.06
08-24 13:07:39.931 I/hwcomposer(  929): [HWCDisplay] (0 updateFps():4192), (type:1, mode:2) fps:5.719176,dur:2797.61,max:2402.88,min:13.05  
08-24 13:07:39.935 D/CommonApp-154-10189( 2684): transport layer data is invalid
08-24 13:07:39.936 D/CommonApp-154-10094( 2684): transport layer data is invalid
08-24 13:07:39.937 D/CommonApp-154-10693( 2684): transport layer data is invalid
08-24 13:07:40.007 E/NhsAppRILAidl/0( 2699): onEventIndication: 2
08-24 13:07:40.008 D/AtCmdParser( 2801): parserAtcmdUrc can not find parser for +EDMFAPP
08-24 13:07:40.009 D/UlPriorityPred( 2684): rsrp -112 ,ulbsr: 0 ,ulpdcptput: 292 nextLimit: 960.0 flag: false mTimes: 0 inLimit: false
08-24 13:07:40.039 D/AppSwitchObserverHelper( 4631): packageName: com.android.launcher,com.android.launcher
08-24 13:07:40.549 D/AtCmdParser( 2801): parserAtcmdUrc can not find parser for +EXLCE
08-24 13:07:40.959 D/CommonApp-154-10189( 2684): transport layer data is invalid
08-24 13:07:40.960 D/CommonApp-154-10094( 2684): transport layer data is invalid
08-24 13:07:40.960 D/CommonApp-154-10693( 2684): transport layer data is invalid
08-24 13:07:40.961 I/SystemUi--Statusbar( 2310): MobileConnectionRepositoryImpl-->subId:4 isSoftSimCard:false slotId:1
08-24 13:07:41.005 E/NhsAppRILAidl/0( 2699): onEventIndication: 2
08-24 13:07:41.008 D/UlPriorityPred( 2684): rsrp -112 ,ulbsr: 54 ,ulpdcptput: 964 nextLimit: 960.0 flag: false mTimes: 0 inLimit: false
08-24 13:07:41.008 D/AtCmdParser( 2801): parserAtcmdUrc can not find parser for +EDMFAPP
08-24 13:07:41.040 I/PluginManager( 2684): dalvikMax=13,dalvikFree=2dalvikAllocated=11
08-24 13:07:41.096 I/SystemUi--Statusbar( 2310): OplusNetworkSpeedControllExImpl-->updateNetworkSpeed: isConnected:true,isSwitchOn:true
08-24 13:07:41.098 I/SystemUi--Statusbar( 2310): OplusNetworkSpeedControllExImpl-->getTotalByte: totalRxBytes:29973064394,totalTxBytes:5040109876,loopbackTxBytes:941255,loopbackRxBytes:940835 ,totalBytes:35011292180
08-24 13:07:41.128 I/BufferQueueProducer( 1073): [StatusBar#98](this:0xb400007be17959e0,id:-1,api:0,p:-1,c:1073) queueBuffer: fps=0.83 dur=1202.97 max=1202.97 min=1202.97
08-24 13:07:41.134 I/BufferQueueProducer( 1073): [FramebufferSurface](this:0xb400007c37b18ed0,id:-1,api:1,p:1073,c:1073) queueBuffer: fps=0.83 dur=1203.19 max=1203.19 min=1203.19
08-24 13:07:41.134 I/hwcomposer(  929): [HWCDisplay] (0 updateFps():4192), (type:1, mode:2) fps:0.831139,dur:1203.17,max:1203.17,min:1203.17  
08-24 13:07:41.227 I/PlayCommon(11326): [1102] Preparing logs for uploading
08-24 13:07:41.228 W/PlayCommon(11326): [1102] No account for auth token provided
08-24 13:07:41.228 I/PlayCommon(11326): [1102] Connecting to server: https://play.googleapis.com/play/log?format=raw&proto_v2=true
08-24 13:07:41.365 I/thermal_repeater( 1392): [recvMdThermalInfo] ret=26, strLen=127,  3, 43, 9, 0, 32767, 10354
08-24 13:07:41.400 I/SystemUi--Statusbar( 2310): MobileConnectionRepositoryImpl-->subId:1 isSoftSimCard:false slotId:0
08-24 13:07:41.472 D/TelephonyImpl( 2684): getRealNrState start:0
08-24 13:07:41.475 D/TelephonyImpl( 2684): getRealNrState start:0
08-24 13:07:41.481 D/TelephonyImpl( 2684): getRealNrState start:0
08-24 13:07:41.507 I/PlayCommon(11326): [1102] Successfully uploaded logs.
08-24 13:07:41.550 I/TcpSyn  ( 2684): onIfNameChange: foregroundAppChange
08-24 13:07:41.550 I/TcpSyn  ( 2684): onIfNameChange: foregroundAppChange appUid=[10169]
08-24 13:07:41.550 I/TcpSyn  ( 2684): updateAllUids
08-24 13:07:41.569 D/AtCmdParser( 2801): [PHONE0]< com.oplus.telephony.AtCmdParser$2@fff2a17 urc ind:+ECSQ: 18,28,-407,1,1,-44,-451,4096,19,1
08-24 13:07:41.983 D/CommonApp-154-10189( 2684): transport layer data is invalid
08-24 13:07:41.984 D/CommonApp-154-10693( 2684): transport layer data is invalid
08-24 13:07:41.984 D/CommonApp-154-10094( 2684): commonScoreStrategy scenarios 5 mdnsScore=0
08-24 13:07:41.984 D/CommonApp-154-10094( 2684): notifyScoreChange appScene COMMON score 100
08-24 13:07:41.985 E/OplusDualPsManager( 2684): getDdsNetId, dual ps not init
08-24 13:07:41.985 D/OplusGame( 2684): getIfInGame,false
08-24 13:07:41.986 D/OplusScanQrCodeStatsService( 2684): get tencent pkg uid fail android.content.pm.PackageManager$NameNotFoundException: com.tencent.mm
08-24 13:07:42.006 E/NhsAppRILAidl/0( 2699): onEventIndication: 2
08-24 13:07:42.008 D/AtCmdParser( 2801): parserAtcmdUrc can not find parser for +EDMFAPP
08-24 13:07:42.009 D/UlPriorityPred( 2684): rsrp -113 ,ulbsr: 112 ,ulpdcptput: 5882 nextLimit: 960.0 flag: false mTimes: 0 inLimit: false
08-24 13:07:42.579 D/CommonApp-154-10189( 2684): DefaultState EVENT_SCENARIOS_CHANGE
08-24 13:07:42.579 D/CommonApp-154-10189( 2684): scene=COMMON pn=com.google.android.packageinstaller
08-24 13:07:42.579 D/CommonApp-154-10094( 2684): DefaultState EVENT_SCENARIOS_CHANGE
08-24 13:07:42.579 D/CommonApp-154-10094( 2684): scene=COMMON pn=com.android.vending
08-24 13:07:42.579 D/CommonApp-154-10693( 2684): DefaultState EVENT_SCENARIOS_CHANGE
08-24 13:07:42.579 D/CommonApp-154-10693( 2684): scene=COMMON pn=com.nareshkumarbalamurugan.YuvaUpdate
08-24 13:07:42.771 D/ULogGuard( 1387): Monitoring: 2 threads, 0 requests, 0 time-bombs; 2 guards. ResetFlags = 0x7
08-24 13:07:42.811 I/native  ( 7839): I0000 00:00:1756021062.811816    7914 soda_async_impl.cc:1361] Current audio timestamp: 1756021062678235
08-24 13:07:42.851 W/ProxyAndroidLoggerBackend( 7839): Too many Flogger logs received before configuration. Dropping old logs.
08-24 13:07:43.005 E/NhsAppRILAidl/0( 2699): onEventIndication: 2
08-24 13:07:43.007 D/AtCmdParser( 2801): parserAtcmdUrc can not find parser for +EDMFAPP
08-24 13:07:43.007 D/CommonApp-154-10189( 2684): transport layer data is invalid
08-24 13:07:43.008 D/CommonApp-154-10094( 2684): transport layer data is invalid
08-24 13:07:43.008 D/CommonApp-154-10693( 2684): transport layer data is invalid
08-24 13:07:43.009 D/UlPriorityPred( 2684): rsrp -114 ,ulbsr: 57 ,ulpdcptput: 1218 nextLimit: 960.0 flag: false mTimes: 0 inLimit: false
08-24 13:07:43.074 D/AtCmdParser( 2801): [PHONE1]< com.oplus.telephony.AtCmdParser$2@fff2a17 urc ind:+ECSQ: 25,32,-407,1,1,-29,-436,4096,50,1
08-24 13:07:43.210 D/Theia.TransparentWindow( 1863): handleMessage CHECK_TRANS_WINDOW_ERROR_MSG
08-24 13:07:43.874 D/healthd (  932): system healthd: battery l=90 v=4 t=35.3 h=2 st=2 c=-155 fc=4859000 cc=104 chg=u
08-24 13:07:43.957 D/healthd (  932): system healthd: battery l=90 v=4 t=35.3 h=2 st=2 c=-109 fc=4859000 cc=104 chg=u
08-24 13:07:43.963 I/SystemUi--Statusbar( 2310): MobileConnectionRepositoryImpl-->subId:4 isSoftSimCard:false slotId:1
08-24 13:07:44.007 E/NhsAppRILAidl/0( 2699): onEventIndication: 2
08-24 13:07:44.009 D/UlPriorityPred( 2684): rsrp -114 ,ulbsr: 6 ,ulpdcptput: 158 nextLimit: 960.0 flag: false mTimes: 0 inLimit: false
08-24 13:07:44.011 D/AtCmdParser( 2801): parserAtcmdUrc can not find parser for +EDMFAPP
08-24 13:07:44.031 D/CommonApp-154-10189( 2684): transport layer data is invalid
08-24 13:07:44.032 D/CommonApp-154-10094( 2684): transport layer data is invalid
08-24 13:07:44.033 D/CommonApp-154-10693( 2684): transport layer data is invalid
08-24 13:07:44.111 E/Search.DmpQuery(17037):  [query] onFailurenull com.oplus.aiunit.vision.gh3.a(DmpQuery.kt:31)
08-24 13:07:44.147 D/vendor.oplus.hardware.charger-V6-service(  988): get_ui_charge_icon_type 0 0 0 0 0
08-24 13:07:44.148 D/vendor.oplus.hardware.charger-V6-service(  988): oplus_chg_get_cpa_power 2500 charge_online 1 retention_topic 0
08-24 13:07:44.148 D/vendor.oplus.hardware.charger-V6-service(  988): oplus_chg_get_cpa_power 2500 charge_online 1 retention_topic 0
08-24 13:07:44.148 D/vendor.oplus.hardware.charger-V6-service(  988): getIsSingleHyperSupport=2, cpa_power=2
08-24 13:07:44.233 D/AudioPolicyService( 1044): updateUidStates_l() current->uid=99000 current->pid=7839 allowCapture=1 UidState=5 apmStat=1
08-24 13:07:44.234 E/TetherController(  902): property_get sys.radio.data.modem_share_flag return 0, 1!
08-24 13:07:44.304 D/vendor.oplus.hardware.charger-V6-service(  988): get_ui_charge_icon_type 0 0 0 0 0
08-24 13:07:44.305 D/vendor.oplus.hardware.charger-V6-service(  988): oplus_chg_get_cpa_power 2500 charge_online 1 retention_topic 0
08-24 13:07:44.305 D/vendor.oplus.hardware.charger-V6-service(  988): oplus_chg_get_cpa_power 2500 charge_online 1 retention_topic 0
08-24 13:07:44.305 D/vendor.oplus.hardware.charger-V6-service(  988): getIsSingleHyperSupport=2, cpa_power=2
08-24 13:07:44.343 D/gaia-GaiaConnectChecker( 5509): start connect check++
08-24 13:07:44.350 D/gaia-GaiaConnectChecker( 5509): start connect check++
08-24 13:07:44.409 I/SystemUi--Statusbar( 2310): MobileConnectionRepositoryImpl-->subId:1 isSoftSimCard:false slotId:0
08-24 13:07:44.449 I/BufferQueueProducer( 1073): [StatusBar#98](this:0xb400007be17959e0,id:-1,api:0,p:-1,c:1073) queueBuffer: fps=0.60 dur=3320.62 max=3021.96 min=298.66
08-24 13:07:44.454 I/BufferQueueProducer( 1073): [FramebufferSurface](this:0xb400007c37b18ed0,id:-1,api:1,p:1073,c:1073) queueBuffer: fps=0.60 dur=3320.48 max=3022.36 min=298.13
08-24 13:07:44.454 I/hwcomposer(  929): [HWCDisplay] (0 updateFps():4192), (type:1, mode:2) fps:0.602323,dur:3320.48,max:3022.16,min:298.32  
08-24 13:07:44.488 D/TelephonyImpl( 2684): getRealNrState start:0
08-24 13:07:44.490 D/TelephonyImpl( 2684): getRealNrState start:0
08-24 13:07:44.497 D/AtCmdParser( 2801): [PHONE0]< com.oplus.telephony.AtCmdParser$2@fff2a17 urc ind:+ECSQ: 17,27,-408,1,1,-46,-454,4096,9,1
08-24 13:07:44.497 D/TelephonyImpl( 2684): getRealNrState start:0
08-24 13:07:44.571 D/MBrainLocalService( 1863): isVendorFreezeConditionPass is false
08-24 13:07:44.571 D/MBrainLocalService( 1863): notifyNetworkChange failed
08-24 13:07:44.572 D/OplusTelephonyController( 2665): onSignalStrengthChanged: SignalStrength=SignalStrength:{mCdma=CellSignalStrengthCdma: cdmaDbm=2147483647 cdmaEcio=2147483647 evdoDbm=2147483647 evdoEcio=2147483647 evdoSnr=2147483647 level=0,mGsm=CellSignalStrengthGsm: rssi=2147483647 ber=2147483647 mTa=2147483647 mLevel=0,mWcdma=CellSignalStrengthWcdma: ss=2147483647 ber=2147483647 rscp=2147483647 ecno=2147483647 level=0,mTdscdma=CellSignalStrengthTdscdma: rssi=2147483647 ber=2147483647 rscp=2147483647 level=0,mLte=CellSignalStrengthLte: rssi=2147483647 rsrp=-113 rsrq=2147483647 rssnr=2147483647 cqiTableIndex=2147483647 cqi=2147483647 ta=2147483647 level=1 parametersUseForLevel=0,mNr=CellSignalStrengthNr:{ csiRsrp = 2147483647 csiRsrq = 2147483647 csiCqiTableIndex = 2147483647 csiCqiReport = [] ssRsrp = 2147483647 ssRsrq = 2147483647 ssSinr = 2147483647 level = 0 parametersUseForLevel = 0 timingAdvance = 2147483647 },primary=CellSignalStrengthLte}
08-24 13:07:44.573 D/SubsysEventListenerManager-SubsysTelephonyCallback[1]( 2801): onSignalStrengthsChanged
08-24 13:07:44.573 D/SubsysEventListenerManager-SubsysTelephonyCallback[0]( 2801): onSignalStrengthsChanged
08-24 13:07:44.574 I/SystemUi--Statusbar( 2310): MobileConnectionRepositoryImpl-->subId:1 isSoftSimCard:false slotId:0
08-24 13:07:45.002 W/ActivityTaskManager( 1863): Launch timeout has expired, giving up wake lock!
08-24 13:07:45.002 W/OplusTheiaWindowTrigger( 1863): [appLaunchTimeout] app is visibility.
08-24 13:07:45.006 E/NhsAppRILAidl/0( 2699): onEventIndication: 2
08-24 13:07:45.007 D/AtCmdParser( 2801): parserAtcmdUrc can not find parser for +EDMFAPP
08-24 13:07:45.008 D/UlPriorityPred( 2684): rsrp -114 ,ulbsr: 2 ,ulpdcptput: 244 nextLimit: 960.0 flag: false mTimes: 0 inLimit: false
08-24 13:07:45.047 D/AudioPolicyService( 1044): updateUidStates_l() current->uid=99000 current->pid=7839 allowCapture=1 UidState=5 apmStat=1
08-24 13:07:45.047 D/AudioPolicyService( 1044): updateUidStates_l() current->uid=99000 current->pid=7839 allowCapture=1 UidState=5 apmStat=1
08-24 13:07:45.048 D/AudioPolicyService( 1044): updateUidStates_l() current->uid=99000 current->pid=7839 allowCapture=1 UidState=5 apmStat=1
08-24 13:07:45.048 D/AudioPolicyService( 1044): updateUidStates_l() current->uid=99000 current->pid=7839 allowCapture=1 UidState=5 apmStat=1
08-24 13:07:45.055 D/CommonApp-154-10189( 2684): transport layer data is invalid
08-24 13:07:45.056 D/CommonApp-154-10094( 2684): transport layer data is invalid
08-24 13:07:45.057 D/CommonApp-154-10693( 2684): transport layer data is invalid
