08-24 13:09:12.245  2310  2464 D OplusScrollToTopManager: Splash Screen com.nareshkumarbalamurugan.YuvaUpdate,unregisterSystemUIBroadcastReceiver 
08-24 13:09:12.246  2310  2464 D OplusScrollToTopManager: Splash Screen com.nareshkumarbalamurugan.YuvaUpdate, unregisterSystemUIBroadcastReceiver failed java.lang.IllegalArgumentException: Receiver not registered: android.view.OplusScrollToTopManager$2@738c66f
08-24 13:09:12.246  2310  2464 W WindowOnBackDispatcher: sendCancelIfRunning: isInProgress=false callback=android.view.ViewRootImpl$$ExternalSyntheticLambda11@cd2ea8e
08-24 13:09:12.247  1863  6106 W WindowManager: Failed looking up window session=Session{87bdbc 2310:u0a10172} callers=com.android.server.wm.WindowManagerService.removeClientToken:2214 com.android.server.wm.Session.remove:292 android.view.IWindowSession$Stub.onTransact:685 
08-24 13:09:12.247  1863  2975 D ActivityTaskManager: Skipping, invisible task: Task{2e9e8ec #1145 type=home I=com.android.launcher/.Launcher}
08-24 13:09:12.248  1863  2975 D OplusSplitScreenManagerService: com.android.settings unSupportsSplitScreen by blockList or ForbidActivityList
08-24 13:09:12.248  1863  2975 D OplusSplitScreenManagerService: com.android.settings unSupportsSplitScreen by blockList or ForbidActivityList
08-24 13:09:12.248  1863  2975 D OplusSplitScreenManagerService: com.android.settings unSupportsSplitScreen by blockList or ForbidActivityList
08-24 13:09:12.249  1073  1073 I BufferQueueDebug: [Surface(name=WallpaperWindowToken{ed08ecc token=android.os.Binder@61f7795 showWhenLocked=false})/@0x6529851_transition-leash#30328](this:0xb400007bddd239e0,id:-1,api:0,p:-1,c:1073) onDestructor()
08-24 13:09:12.249  1863  2975 D ActivityTaskManager: pre-Filtered:com.nareshkumarbalamurugan.YuvaUpdate # com.whatsapp # com.oppo.quicksearchbox # com.adobe.scan.android # com.google.android.youtube # com.coloros.alarmclock # com.linkedin.android # com.google.android.googlequicksearchbox # com.coloros.filemanager # com.android.settings # com.android.chrome # com.android.settings # com.coloros.calculator # com.google.android.googlequicksearchbox # com.google.android.calendar # com.phonepe.app # com.android.mms # com.google.android.apps.docs # 
08-24 13:09:12.249  1863  2975 D ActivityTaskManager: after skip size 18
08-24 13:09:12.249  1073  1073 I BufferQueueDebug: [Transition Root: Task=1#30325](this:0xb400007bddf109e0,id:-1,api:0,p:-1,c:1073) onDestructor()
08-24 13:09:12.249  1863  6101 W WindowManager: Failed looking up window session=Session{87bdbc 2310:u0a10172} callers=com.android.server.wm.WindowManagerService.windowForClientLocked:6791 com.android.server.wm.Session.setOnBackInvokedCallbackInfo:1064 android.view.IWindowSession$Stub.onTransact:1199 
08-24 13:09:12.249  1863  6101 I WindowManager: setOnBackInvokedCallback(): No window state for package:com.android.systemui
08-24 13:09:12.249  1073  1073 I SurfaceFlinger: onHandleDestroyed: name=Task=1176#30329, layerId=30329, parentId=0
08-24 13:09:12.249  1073  1073 I SurfaceFlinger: onHandleDestroyed: name=27cb01e Splash Screen com.nareshkumarbalamurugan.YuvaUpdate#30310, layerId=30310, parentId=0
08-24 13:09:12.249  1073  1073 I SurfaceFlinger: onHandleDestroyed: name=Splash Screen com.nareshkumarbalamurugan.YuvaUpdate#30311, layerId=30311, parentId=0
08-24 13:09:12.254  1863  2239 V JpegEncoderExtImpl: Resolution: 504 x 1128,support: 0;
08-24 13:09:12.256  1863  1910 W UserAwareMgr: event can not be released, id: 2020, count: 2, releasePid: 2613
08-24 13:09:12.264  1073  1073 I BufferQueueDebug: [27cb01e Splash Screen com.nareshkumarbalamurugan.YuvaUpdate#30310](this:0xb400007bddc529e0,id:-1,api:0,p:-1,c:1073) onDestructor()
08-24 13:09:12.264  1073  1073 I BufferQueueDebug: [Splash Screen com.nareshkumarbalamurugan.YuvaUpdate#30311](this:0xb400007bddc8a9e0,id:-1,api:0,p:-1,c:1073) onDestructor()
08-24 13:09:12.265  1073  1073 I BufferQueueDebug: [Task=1176#30329](this:0xb400007bddec79e0,id:-1,api:0,p:-1,c:1073) onDestructor()
08-24 13:09:12.280  1863  2239 V JpegEncoderExtImpl: Resolution: 360 x 805,support: 0;
08-24 13:09:12.361  2310  2310 E SystemUi--Statusbar: OplusStatusBarUtils-->getScreenHoleRight, error, []
08-24 13:09:12.361  2310  2310 E SystemUi--Statusbar: OplusStatusBarUtils-->getScreenHoleRight, error, []
08-24 13:09:12.361  2310  2310 D OplusPrivacyDotViewController: scheduleUpdate: 
08-24 13:09:12.361  2310  2645 D OplusPrivacyDotViewController: processNextViewState: 
08-24 13:09:12.361  2310  2645 D OplusPrivacyDotViewController: resolveState ViewState(systemPrivacyEventIsActive=false, shadeExpanded=false, needShow=true, rtl=false, rotation=0, height=8, x=31, y=28, cornerIndex=1, designatedCorner=android.widget.FrameLayout{5055be6 G.E...... ......I. 0,0-8,8 #7f0a05b9 app:id/icons_container alpha=0.0 viewInfo = }, contentDescription=null, chipAnimationStart=false, preDraw=false) shouldShowDot false
08-24 13:09:12.362  2310  2645 W SystemUi--Common: OplusSysUiSchedMgr-->schedForPrivacyIconShowing not showing, no need release
08-24 13:09:12.569   952  1012 I libPerfCtl: xgfGetFPS pid:1073 fps:-1
08-24 13:09:12.569   952  1012 I libPerfCtl: xgfGetFPS pid:2310 fps:-1
08-24 13:09:12.569   952  1012 I libPerfCtl: xgfGetFPS pid:2613 fps:-1
08-24 13:09:12.571  2684  3059 I TcpSyn  : onIfNameChange: foregroundAppChange
08-24 13:09:12.571  2684  3059 I TcpSyn  : onIfNameChange: foregroundAppChange appUid=[10169]
08-24 13:09:12.571  2684  3059 I TcpSyn  : updateAllUids
08-24 13:09:12.711  1044  7949 D AudioPolicyService: updateUidStates_l() current->uid=99000 current->pid=7839 allowCapture=1 UidState=5 apmStat=1
08-24 13:09:12.714   902 10988 E TetherController: property_get sys.radio.data.modem_share_flag return 0, 1!
08-24 13:09:12.714 30115 30174 W [0]DCS  : Common Record event failed. DCS reject event: [appId=20110,logTag=201101,eventId=card_or_widget_exposure] . Pls check server config.
08-24 13:09:12.747  2613  2991 D OplusScrollToTopManager: com.android.launcher/com.android.launcher.Launcher,This com.android.internal.policy.DecorView{e9ad36 V.E...... R....... 0,0-720,1612 aid=13 alpha=1.0 viewInfo = }[Launcher] change focus to true
08-24 13:09:12.787  1387  1852 D ULogGuard: Monitoring: 2 threads, 0 requests, 0 time-bombs; 2 guards. ResetFlags = 0x7
08-24 13:09:12.812  7839  7914 I native  : I0000 00:00:1756021152.812416    7914 soda_async_impl.cc:1361] Current audio timestamp: 1756021152678235
08-24 13:09:12.852  7839  7943 W ProxyAndroidLoggerBackend: Too many Flogger logs received before configuration. Dropping old logs.
08-24 13:09:13.006  2699  2727 E NhsAppRILAidl/0: onEventIndication: 2
08-24 13:09:13.009  2801  2801 D AtCmdParser: parserAtcmdUrc can not find parser for +EDMFAPP
08-24 13:09:13.010  2684  3059 D UlPriorityPred: rsrp -113 ,ulbsr: 122 ,ulpdcptput: 942 nextLimit: 35.0 flag: false mTimes: 0 inLimit: false
08-24 13:09:13.071  1863  6023 E TaskPersister: File error accessing recents directory (directory doesn't exist?).
08-24 13:09:13.119  2684  3059 D CommonApp-154-10189: transport layer data is invalid
08-24 13:09:13.120  2684  3059 D CommonApp-154-10094: transport layer data is invalid
08-24 13:09:13.121  2684  3059 D CommonApp-154-10693: transport layer data is invalid
08-24 13:09:13.184  2310  2499 I SystemUi--Statusbar: OplusNetworkSpeedControllExImpl-->updateNetworkSpeed: isConnected:true,isSwitchOn:true
08-24 13:09:13.186  2310  2499 I SystemUi--Statusbar: OplusNetworkSpeedControllExImpl-->getTotalByte: totalRxBytes:29983978547,totalTxBytes:5041816066,loopbackTxBytes:941255,loopbackRxBytes:940835 ,totalBytes:35023912523
08-24 13:09:13.209  1073  1073 I BufferQueueProducer: [StatusBar#98](this:0xb400007be17959e0,id:-1,api:0,p:-1,c:1073) queueBuffer: fps=6.85 dur=1459.88 max=813.59 min=15.71
08-24 13:09:13.215  1073  1073 I BufferQueueProducer: [FramebufferSurface](this:0xb400007c37b18ed0,id:-1,api:1,p:1073,c:1073) queueBuffer: fps=22.62 dur=1459.17 max=813.73 min=15.18
08-24 13:09:13.215   929   929 I hwcomposer: [HWCDisplay] (0 updateFps():4192), (type:1, mode:2) fps:22.613525,dur:1459.30,max:813.85,min:15.19  
08-24 13:09:13.457  2801  2801 D AtCmdParser: [PHONE0]< com.oplus.telephony.AtCmdParser$2@fff2a17 urc ind:+ECSQ: 17,28,-406,1,1,-45,-451,4096,12,1
08-24 13:09:13.459  1863  1863 D MBrainLocalService: isVendorFreezeConditionPass is false
08-24 13:09:13.459  1863  1863 D MBrainLocalService: notifyNetworkChange failed
08-24 13:09:13.459  2665  2665 D OplusTelephonyController: onSignalStrengthChanged: SignalStrength=SignalStrength:{mCdma=CellSignalStrengthCdma: cdmaDbm=2147483647 cdmaEcio=2147483647 evdoDbm=2147483647 evdoEcio=2147483647 evdoSnr=2147483647 level=0,mGsm=CellSignalStrengthGsm: rssi=2147483647 ber=2147483647 mTa=2147483647 mLevel=0,mWcdma=CellSignalStrengthWcdma: ss=2147483647 ber=2147483647 rscp=2147483647 ecno=2147483647 level=0,mTdscdma=CellSignalStrengthTdscdma: rssi=2147483647 ber=2147483647 rscp=2147483647 level=0,mLte=CellSignalStrengthLte: rssi=-103 rsrp=-113 rsrq=-12 rssnr=3 cqiTableIndex=2147483647 cqi=0 ta=0 level=2 parametersUseForLevel=0,mNr=CellSignalStrengthNr:{ csiRsrp = 2147483647 csiRsrq = 2147483647 csiCqiTableIndex = 2147483647 csiCqiReport = [] ssRsrp = 2147483647 ssRsrq = 2147483647 ssSinr = 2147483647 level = 0 parametersUseForLevel = 0 timingAdvance = 2147483647 },primary=CellSignalStrengthLte}
08-24 13:09:13.459  2801  2801 D SubsysEventListenerManager-SubsysTelephonyCallback[0]: onSignalStrengthsChanged
08-24 13:09:13.460  2801  2801 D SubsysEventListenerManager-SubsysTelephonyCallback[1]: onSignalStrengthsChanged
08-24 13:09:13.461  2310  2580 I SystemUi--Statusbar: MobileConnectionRepositoryImpl-->subId:1 isSoftSimCard:false slotId:0
08-24 13:09:13.687 30115 30174 W libc    : Access denied finding property "vendor.gsm.serial"
08-24 13:09:13.732   932   932 D healthd : system healthd: battery l=90 v=4 t=35.1 h=2 st=2 c=-244 fc=4859000 cc=104 chg=u
08-24 13:09:13.815   932   932 D healthd : system healthd: battery l=90 v=4 t=35.1 h=2 st=2 c=197 fc=4859000 cc=104 chg=u
08-24 13:09:13.852  2665  2961 I m.android.phone: Explicit concurrent mark compact GC freed 7364KB AllocSpace bytes, 20(1040KB) LOS objects, 49% free, 8748KB/17MB, paused 975us,2.225ms total 64.364ms
08-24 13:09:14.001   988   988 D vendor.oplus.hardware.charger-V6-service: get_ui_charge_icon_type 0 0 0 0 0
08-24 13:09:14.003   988   988 D vendor.oplus.hardware.charger-V6-service: oplus_chg_get_cpa_power 2500 charge_online 1 retention_topic 0
08-24 13:09:14.003   988   988 D vendor.oplus.hardware.charger-V6-service: oplus_chg_get_cpa_power 2500 charge_online 1 retention_topic 0
08-24 13:09:14.003   988   988 D vendor.oplus.hardware.charger-V6-service: getIsSingleHyperSupport=2, cpa_power=2
08-24 13:09:14.006  2699  2727 E NhsAppRILAidl/0: onEventIndication: 2
08-24 13:09:14.008  2801  2801 D AtCmdParser: parserAtcmdUrc can not find parser for +EDMFAPP
08-24 13:09:14.009  2684  3059 D UlPriorityPred: rsrp -113 ,ulbsr: 1 ,ulpdcptput: 148 nextLimit: 35.0 flag: false mTimes: 0 inLimit: false
08-24 13:09:14.143  2684  3059 D CommonApp-154-10189: transport layer data is invalid
08-24 13:09:14.144  2684  3059 D CommonApp-154-10094: transport layer data is invalid
08-24 13:09:14.145  2684  3059 D CommonApp-154-10693: transport layer data is invalid
08-24 13:09:14.158   988   988 D vendor.oplus.hardware.charger-V6-service: get_ui_charge_icon_type 0 0 0 0 0
08-24 13:09:14.159   988   988 D vendor.oplus.hardware.charger-V6-service: oplus_chg_get_cpa_power 2500 charge_online 1 retention_topic 0
08-24 13:09:14.160   988   988 D vendor.oplus.hardware.charger-V6-service: oplus_chg_get_cpa_power 2500 charge_online 1 retention_topic 0
08-24 13:09:14.160   988   988 D vendor.oplus.hardware.charger-V6-service: getIsSingleHyperSupport=2, cpa_power=2
08-24 13:09:14.345  5509 32206 D gaia-GaiaConnectChecker: start connect check++
08-24 13:09:14.351  5509 19046 D gaia-GaiaConnectChecker: start connect check++
08-24 13:09:14.399  2310  2580 I SystemUi--Statusbar: MobileConnectionRepositoryImpl-->subId:4 isSoftSimCard:false slotId:1
08-24 13:09:14.670  2684  3056 D ActivityAdapter: notifyActivityQuery: [com.google.android.packageinstaller; com.google.android.packageinstaller; 1; COMMON; 10189, com.android.vending; com.android.vending; 1; COMMON; 10094]
08-24 13:09:14.671  2684  3056 D OPlusFrontAppManager: decide -->> [com.google.android.packageinstaller; com.google.android.packageinstaller; 1; COMMON; 10189, com.android.vending; com.android.vending; 1; COMMON; 10094]
08-24 13:09:14.671  2684  3059 D CommonApp-154-10693: destory
08-24 13:09:14.672  2684  3059 D CommonApp-154-10693: stopDataCollection
08-24 13:09:14.672  2684  3059 D CommonApp-154-10693: CommonState exit
08-24 13:09:14.672  2684  3059 D CommonApp-154-10189: DefaultState EVENT_SCENARIOS_CHANGE
08-24 13:09:14.672  2684  3059 D CommonApp-154-10189: scene=COMMON pn=com.google.android.packageinstaller
08-24 13:09:14.672  2684  3059 D CommonApp-154-10094: DefaultState EVENT_SCENARIOS_CHANGE
08-24 13:09:14.672  2684  3059 D CommonApp-154-10094: scene=COMMON pn=com.android.vending
08-24 13:09:14.745   954  1061 I mtkpower@impl: [powerd_req] TIMER_MSG_PERF_LOCK_TIMEOUT hdl:14178
08-24 13:09:14.746   954  1061 I libPowerHal: [perfLockRel] hdl:14178, idx:1
08-24 13:09:14.746   954  1061 I [UAH_CLIENT]: UahRelease, handle:34862
08-24 13:09:14.746   954  1061 I libPowerHal: [perfScnUpdate] release powerhal handle 14178
08-24 13:09:14.746   954  1061 I libPowerHal: [PD] MTKPOWER_HINT_PROCESS_CREATE update cmd:1408300 param:40, pr:3
08-24 13:09:14.747   954  1061 I libPowerHal: [PD] MTKPOWER_HINT_PROCESS_CREATE update cmd:300c000 param:0, pr:6
08-24 13:09:14.748   954  1061 I libPowerHal: [perfLockRel] Done for hdl : 14178
08-24 13:09:15.005  2699  2727 E NhsAppRILAidl/0: onEventIndication: 2
08-24 13:09:15.008  2801  2801 D AtCmdParser: parserAtcmdUrc can not find parser for +EDMFAPP
08-24 13:09:15.008  2684  3059 D UlPriorityPred: rsrp -113 ,ulbsr: 6 ,ulpdcptput: 212 nextLimit: 35.0 flag: false mTimes: 0 inLimit: false
08-24 13:09:15.071  2684 24034 D TelephonyImpl: getRealNrState start:0
08-24 13:09:15.074  2684 24034 D TelephonyImpl: getRealNrState start:0
08-24 13:09:15.081  2684 24034 D TelephonyImpl: getRealNrState start:0
08-24 13:09:15.167  2684  3059 D CommonApp-154-10189: transport layer data is invalid
08-24 13:09:15.168  2684  3059 D CommonApp-154-10094: transport layer data is invalid
08-24 13:09:15.787  1387  1852 D ULogGuard: Monitoring: 2 threads, 0 requests, 0 time-bombs; 2 guards. ResetFlags = 0x7
08-24 13:09:16.006  2699  2727 E NhsAppRILAidl/0: onEventIndication: 2
08-24 13:09:16.008  2801  2801 D AtCmdParser: parserAtcmdUrc can not find parser for +EDMFAPP
08-24 13:09:16.009  2684  3059 D UlPriorityPred: rsrp -114 ,ulbsr: 0 ,ulpdcptput: 158 nextLimit: 35.0 flag: false mTimes: 0 inLimit: false
08-24 13:09:16.191  2684  3059 D CommonApp-154-10189: transport layer data is invalid
08-24 13:09:16.192  2684  3059 D CommonApp-154-10094: transport layer data is invalid
08-24 13:09:16.210  2310  2580 I SystemUi--Statusbar: MobileConnectionRepositoryImpl-->subId:1 isSoftSimCard:false slotId:0
08-24 13:09:16.247  1073  1073 I BufferQueueProducer: [StatusBar#98](this:0xb400007be17959e0,id:-1,api:0,p:-1,c:1073) queueBuffer: fps=0.33 dur=3038.35 max=3038.35 min=3038.35
08-24 13:09:16.254  1073  1073 I BufferQueueProducer: [FramebufferSurface](this:0xb400007c37b18ed0,id:-1,api:1,p:1073,c:1073) queueBuffer: fps=0.33 dur=3039.27 max=3039.27 min=3039.27
08-24 13:09:16.254   929   929 I hwcomposer: [HWCDisplay] (0 updateFps():4192), (type:1, mode:2) fps:0.329025,dur:3039.28,max:3039.28,min:3039.28  
08-24 13:09:16.337  2801  2801 D AtCmdParser: [PHONE0]< com.oplus.telephony.AtCmdParser$2@fff2a17 urc ind:+ECSQ: 17,28,-405,1,1,-46,-451,4096,12,1
08-24 13:09:16.412  1080  1091 D ccci_mdinit: (1):monitor_time_update_thread round:11063 ########
08-24 13:09:16.514  2801  2801 D AtCmdParser: [PHONE1]< com.oplus.telephony.AtCmdParser$2@fff2a17 urc ind:+ECSQ: 21,34,-390,1,1,-37,-427,4096,47,1
08-24 13:09:16.518  2310  2580 I SystemUi--Statusbar: MobileConnectionRepositoryImpl-->subId:4 isSoftSimCard:false slotId:1
08-24 13:09:16.675  4631  4697 D AppSwitchObserverHelper: packageName: com.nareshkumarbalamurugan.YuvaUpdate,com.nareshkumarbalamurugan.YuvaUpdate
08-24 13:09:16.684  1863  2117 D InetDiagMessage: Destroyed 0 sockets, proto=IPPROTO_TCP, family=AF_INET, states=14
08-24 13:09:16.685  1863  2117 D InetDiagMessage: Destroyed 0 sockets, proto=IPPROTO_TCP, family=AF_INET6, states=14
08-24 13:09:16.685  1863  2117 D InetDiagMessage: Destroyed live tcp sockets for uids={10693} in 2ms
08-24 13:09:16.686  1863  2117 D InetDiagMessage: Destroyed 0 sockets, proto=IPPROTO_TCP, family=AF_INET, states=14
08-24 13:09:16.687  1863  2117 D InetDiagMessage: Destroyed 0 sockets, proto=IPPROTO_TCP, family=AF_INET6, states=14
08-24 13:09:16.687  1863  2117 D InetDiagMessage: Destroyed live tcp sockets for uids={20693} in 2ms
08-24 13:09:16.834   938  1006 E VirtualSensors: pedo minute, step_count = 38706, report_count = 5531 move_statust = 0 ,time_gap = 0 , step_run_count = 0 , step_walk_count = 38706
08-24 13:09:16.835   938  1006 E VirtualSensors: post_events : call
08-24 13:09:16.838  2251  2251 I StepApp_StepDataPreHandler: (main)onSensorChanged raw data: step=38706.0 state=0.0 minuteDelta=0.0 timestamp=342876372834847 steprun=0.0 stepwalk=38706.0 formatted data: step=38706 state=0 timestamp=342876372834847 time=1756021156834 steprun=0 stepwalk=38706
08-24 13:09:16.840  2251 18854 I StepApp_StepDataSaver: (StepDataDispatcher)getNewFixedOffsetStep type is STEP
08-24 13:09:16.840  2251 18854 I StepApp_StepDataSaver: (StepDataDispatcher)isRebootCountStep:false	 lastRealTimeStamp = 1756021080000	 bootTimestamp = 1755678280461	 mLastModifiedMinuteTime = 2025-08-24-13-08
08-24 13:09:16.840  2251 18854 I StepApp_StepDataSaver: (StepDataDispatcher)calOffSet:sensorStep = 38706	 lastModifiedStep = 38706	 offSet = 0
08-24 13:09:16.840  2251 18854 I StepApp_StepDataSaver: (StepDataDispatcher)getNewFixedOffsetStep type is RUN
08-24 13:09:16.841  2251 18854 I StepApp_StepDataSaver: (StepDataDispatcher)isRebootCountStep:false	 lastRealTimeStamp = 1756021080000	 bootTimestamp = 1755678280461	 mLastModifiedMinuteTime = 2025-08-24-13-08
08-24 13:09:16.841  2251 18854 I StepApp_StepDataSaver: (StepDataDispatcher)calOffSet:sensorStep = 0	 lastModifiedStep = 0	 offSet = 0
08-24 13:09:16.841  2251 18854 I StepApp_StepDataSaver: (StepDataDispatcher)getNewFixedOffsetStep type is WALK
08-24 13:09:16.841  2251 18854 I StepApp_StepDataSaver: (StepDataDispatcher)isRebootCountStep:false	 lastRealTimeStamp = 1756021080000	 bootTimestamp = 1755678280461	 mLastModifiedMinuteTime = 2025-08-24-13-08
08-24 13:09:16.841  2251 18854 I StepApp_StepDataSaver: (StepDataDispatcher)calOffSet:sensorStep = 38706	 lastModifiedStep = 38706	 offSet = 0
08-24 13:09:17.006  2699  2727 E NhsAppRILAidl/0: onEventIndication: 2
08-24 13:09:17.008  2801  2801 D AtCmdParser: parserAtcmdUrc can not find parser for +EDMFAPP
08-24 13:09:17.009  2684  3059 D UlPriorityPred: rsrp -113 ,ulbsr: 105 ,ulpdcptput: 86 nextLimit: 35.0 flag: false mTimes: 0 inLimit: false
08-24 13:09:17.163  1863  1902 D AES     : AEEIOCTL_GET/SET_SF_STATE IOCTL,cmd= 1074294797, lParam=0. 
08-24 13:09:17.163  1863  1902 D AES     : AEEIOCTL_RT_MON_Kick IOCTL,cmd= 2147774474, lParam=300. 
08-24 13:09:17.187  2310  2499 I SystemUi--Statusbar: OplusNetworkSpeedControllExImpl-->updateNetworkSpeed: isConnected:true,isSwitchOn:true
08-24 13:09:17.189  2310  2499 I SystemUi--Statusbar: OplusNetworkSpeedControllExImpl-->getTotalByte: totalRxBytes:29983979090,totalTxBytes:5041816798,loopbackTxBytes:941255,loopbackRxBytes:940835 ,totalBytes:35023913798
08-24 13:09:17.215  2684  3059 D CommonApp-154-10189: transport layer data is invalid
08-24 13:09:17.216  2684  3059 D CommonApp-154-10094: transport layer data is invalid
08-24 13:09:17.263  9130  9161 D ProfileInstaller: Installing profile for com.nareshkumarbalamurugan.YuvaUpdate
08-24 13:09:17.467 32372 32372 I dnsmasq : sig_handler errno = 13
08-24 13:09:17.665  1863  2728 I OplusHansManager : uid=10693, pkg=com.nareshkumarbalamurugan.YuvaUpdate M enter(), R stay=6
08-24 13:09:17.690  1863  1906 D Theia.TransparentWindow: handleMessage CHECK_TRANS_WINDOW_ERROR_MSG
08-24 13:09:17.713  2310  2580 I SystemUi--Statusbar: MobileConnectionRepositoryImpl-->subId:1 isSoftSimCard:false slotId:0
08-24 13:09:17.742  1073  1073 I BufferQueueProducer: [StatusBar#98](this:0xb400007be17959e0,id:-1,api:0,p:-1,c:1073) queueBuffer: fps=1.34 dur=1494.09 max=966.52 min=527.58
08-24 13:09:17.748  1073  1073 I BufferQueueProducer: [FramebufferSurface](this:0xb400007c37b18ed0,id:-1,api:1,p:1073,c:1073) queueBuffer: fps=1.34 dur=1494.24 max=966.28 min=527.96
08-24 13:09:17.748   929   929 I hwcomposer: [HWCDisplay] (0 updateFps():4192), (type:1, mode:2) fps:1.338426,dur:1494.29,max:966.19,min:528.10  
08-24 13:09:17.750   954  1061 I mtkpower@impl: [powerd_req] TIMER_MSG_PERF_LOCK_TIMEOUT hdl:14179
08-24 13:09:17.750   954  1061 I libPowerHal: [perfLockRel] hdl:14179, idx:4
08-24 13:09:17.750   954  1061 I [UAH_CLIENT]: UahRelease, handle:34863
08-24 13:09:17.750   954  1061 I libPowerHal: [perfScnUpdate] release powerhal handle 14179
08-24 13:09:17.750   954  1061 I libPowerHal: [PD] MTKPOWER_HINT_EXT_LAUNCH update cmd:2020000 param:1, pr:6
08-24 13:09:17.751   954  1061 I libPowerHal: [PD] MTKPOWER_HINT_EXT_LAUNCH update cmd:1408300 param:0, pr:6
08-24 13:09:17.752   954  1061 I libPowerHal: [PD] MTKPOWER_HINT_EXT_LAUNCH update cmd:808000 param:0 pr:6
08-24 13:09:17.752   954  1061 I libPowerHal: [perfLockRel] Done for hdl : 14179
08-24 13:09:18.007  2699  2727 E NhsAppRILAidl/0: onEventIndication: 2
08-24 13:09:18.009  2801  2801 D AtCmdParser: parserAtcmdUrc can not find parser for +EDMFAPP
08-24 13:09:18.010  2684  3059 D UlPriorityPred: rsrp -113 ,ulbsr: 228 ,ulpdcptput: 7604 nextLimit: 35.0 flag: false mTimes: 0 inLimit: false
08-24 13:09:18.090  2684 24034 D TelephonyImpl: getRealNrState start:0
08-24 13:09:18.094  2684 24034 D TelephonyImpl: getRealNrState start:0
08-24 13:09:18.102  2684 24034 D TelephonyImpl: getRealNrState start:0
08-24 13:09:18.239  2684  3059 D CommonApp-154-10189: transport layer data is invalid
08-24 13:09:18.240  2684  3059 D CommonApp-154-10094: transport layer data is invalid
08-24 13:09:18.717   902 10988 E TetherController: property_get sys.radio.data.modem_share_flag return 0, 1!
08-24 13:09:18.717  1044  7949 D AudioPolicyService: updateUidStates_l() current->uid=99000 current->pid=7839 allowCapture=1 UidState=5 apmStat=1
08-24 13:09:18.788  1387  1852 D ULogGuard: Monitoring: 2 threads, 0 requests, 0 time-bombs; 2 guards. ResetFlags = 0x7
08-24 13:09:19.007  2699  2727 E NhsAppRILAidl/0: onEventIndication: 2
08-24 13:09:19.009  2801  2801 D AtCmdParser: parserAtcmdUrc can not find parser for +EDMFAPP
08-24 13:09:19.011  2684  3059 D UlPriorityPred: rsrp -114 ,ulbsr: 0 ,ulpdcptput: 158 nextLimit: 35.0 flag: false mTimes: 0 inLimit: false
08-24 13:09:19.215   901   930 E statsd  : Could not find a broadcast receiver for (1000 1002)
08-24 13:09:19.215   901   930 E statsd  : Could not find a broadcast receiver for (1000 100000)
08-24 13:09:19.215   901   930 E statsd  : Could not find a broadcast receiver for (1000 1049)
08-24 13:09:19.220  2310  2580 I SystemUi--Statusbar: MobileConnectionRepositoryImpl-->subId:1 isSoftSimCard:false slotId:0
08-24 13:09:19.230  2801  2801 D AtCmdParser: [PHONE0]< com.oplus.telephony.AtCmdParser$2@fff2a17 urc ind:+ECSQ: 17,28,-407,1,1,-45,-452,4096,16,1
08-24 13:09:19.232  2665  2665 D OplusTelephonyController: onSignalStrengthChanged: SignalStrength=SignalStrength:{mCdma=CellSignalStrengthCdma: cdmaDbm=2147483647 cdmaEcio=2147483647 evdoDbm=2147483647 evdoEcio=2147483647 evdoSnr=2147483647 level=0,mGsm=CellSignalStrengthGsm: rssi=2147483647 ber=2147483647 mTa=2147483647 mLevel=0,mWcdma=CellSignalStrengthWcdma: ss=2147483647 ber=2147483647 rscp=2147483647 ecno=2147483647 level=0,mTdscdma=CellSignalStrengthTdscdma: rssi=2147483647 ber=2147483647 rscp=2147483647 level=0,mLte=CellSignalStrengthLte: rssi=-103 rsrp=-113 rsrq=-12 rssnr=4 cqiTableIndex=2147483647 cqi=0 ta=0 level=2 parametersUseForLevel=0,mNr=CellSignalStrengthNr:{ csiRsrp = 2147483647 csiRsrq = 2147483647 csiCqiTableIndex = 2147483647 csiCqiReport = [] ssRsrp = 2147483647 ssRsrq = 2147483647 ssSinr = 2147483647 level = 0 parametersUseForLevel = 0 timingAdvance = 2147483647 },primary=CellSignalStrengthLte}
08-24 13:09:19.233  2801  2801 D SubsysEventListenerManager-SubsysTelephonyCallback[0]: onSignalStrengthsChanged
08-24 13:09:19.233  2801  2801 D SubsysEventListenerManager-SubsysTelephonyCallback[1]: onSignalStrengthsChanged
08-24 13:09:19.234  2310  2580 I SystemUi--Statusbar: MobileConnectionRepositoryImpl-->subId:1 isSoftSimCard:false slotId:0
08-24 13:09:19.244  1073  1073 I BufferQueueProducer: [StatusBar#98](this:0xb400007be17959e0,id:-1,api:0,p:-1,c:1073) queueBuffer: fps=0.67 dur=1502.11 max=1502.11 min=1502.11
08-24 13:09:19.251  1073  1073 I BufferQueueProducer: [FramebufferSurface](this:0xb400007c37b18ed0,id:-1,api:1,p:1073,c:1073) queueBuffer: fps=0.67 dur=1503.17 max=1503.17 min=1503.17
08-24 13:09:19.252   929   929 I hwcomposer: [HWCDisplay] (0 updateFps():4192), (type:1, mode:2) fps:0.665262,dur:1503.17,max:1503.17,min:1503.17  
08-24 13:09:19.263  2684  3059 D CommonApp-154-10189: transport layer data is invalid
08-24 13:09:19.265  2684  3059 D CommonApp-154-10094: transport layer data is invalid
08-24 13:09:19.326  2647  2780 E NetlinkUtils: receiveNetlinkAck, errmsg=NetlinkErrorMessage{ nlmsghdr{StructNlMsgHdr{ nlmsg_len{100}, nlmsg_type{2()}, nlmsg_flags{0()}, nlmsg_seq{1}, nlmsg_pid{-1684714249} }}, nlmsgerr{StructNlMsgErr{ error{-2}, msg{StructNlMsgHdr{ nlmsg_len{80}, nlmsg_type{256()}, nlmsg_flags{261(NLM_F_REQUEST|NLM_F_ACK|NLM_F_ROOT)}, nlmsg_seq{1}, nlmsg_pid{0} }} }} }
08-24 13:09:19.326  2647  2780 W Tethering: [BpfCoordinator] WARN Failed to update conntrack entry (proto: 6, src4: /10.126.137.155, srcPort: 62134, dst4: /140.82.112.21, dstPort: 443), msg: 50000000000105010100000000000000020000003400018014000180080001000A7E899B080002008C5270151C000280050001000600000006000200F2B600000600030001BB00000800070000069780, e: android.system.ErrnoException: NetlinkErrorMessage{ nlmsghdr{StructNlMsgHdr{ nlmsg_len{100}, nlmsg_type{2()}, nlmsg_flags{0()}, nlmsg_seq{1}, nlmsg_pid{-1684714249} }}, nlmsgerr{StructNlMsgErr{ error{-2}, msg{StructNlMsgHdr{ nlmsg_len{80}, nlmsg_type{256()}, nlmsg_flags{261(NLM_F_REQUEST|NLM_F_ACK|NLM_F_ROOT)}, nlmsg_seq{1}, nlmsg_pid{0} }} }} } failed: ENOENT (No such file or directory)
08-24 13:09:19.347  2647  2780 E NetlinkUtils: receiveNetlinkAck, errmsg=NetlinkErrorMessage{ nlmsghdr{StructNlMsgHdr{ nlmsg_len{100}, nlmsg_type{2()}, nlmsg_flags{0()}, nlmsg_seq{1}, nlmsg_pid{-665429903} }}, nlmsgerr{StructNlMsgErr{ error{-2}, msg{StructNlMsgHdr{ nlmsg_len{80}, nlmsg_type{256()}, nlmsg_flags{261(NLM_F_REQUEST|NLM_F_ACK|NLM_F_ROOT)}, nlmsg_seq{1}, nlmsg_pid{0} }} }} }
08-24 13:09:19.347  2647  2780 W Tethering: [BpfCoordinator] WARN Failed to update conntrack entry (proto: 6, src4: /10.126.137.155, srcPort: 62135, dst4: /140.82.112.21, dstPort: 443), msg: 50000000000105010100000000000000020000003400018014000180080001000A7E899B080002008C5270151C000280050001000600000006000200F2B700000600030001BB00000800070000069780, e: android.system.ErrnoException: NetlinkErrorMessage{ nlmsghdr{StructNlMsgHdr{ nlmsg_len{100}, nlmsg_type{2()}, nlmsg_flags{0()}, nlmsg_seq{1}, nlmsg_pid{-665429903} }}, nlmsgerr{StructNlMsgErr{ error{-2}, msg{StructNlMsgHdr{ nlmsg_len{80}, nlmsg_type{256()}, nlmsg_flags{261(NLM_F_REQUEST|NLM_F_ACK|NLM_F_ROOT)}, nlmsg_seq{1}, nlmsg_pid{0} }} }} } failed: ENOENT (No such file or directory)
08-24 13:09:19.376  2647  2780 E NetlinkUtils: receiveNetlinkAck, errmsg=NetlinkErrorMessage{ nlmsghdr{StructNlMsgHdr{ nlmsg_len{100}, nlmsg_type{2()}, nlmsg_flags{0()}, nlmsg_seq{1}, nlmsg_pid{-1383969625} }}, nlmsgerr{StructNlMsgErr{ error{-2}, msg{StructNlMsgHdr{ nlmsg_len{80}, nlmsg_type{256()}, nlmsg_flags{261(NLM_F_REQUEST|NLM_F_ACK|NLM_F_ROOT)}, nlmsg_seq{1}, nlmsg_pid{0} }} }} }
08-24 13:09:19.376  2647  2780 W Tethering: [BpfCoordinator] WARN Failed to update conntrack entry (proto: 6, src4: /10.126.137.155, srcPort: 62134, dst4: /140.82.112.21, dstPort: 443), msg: 50000000000105010100000000000000020000003400018014000180080001000A7E899B080002008C5270151C000280050001000600000006000200F2B600000600030001BB00000800070000069780, e: android.system.ErrnoException: NetlinkErrorMessage{ nlmsghdr{StructNlMsgHdr{ nlmsg_len{100}, nlmsg_type{2()}, nlmsg_flags{0()}, nlmsg_seq{1}, nlmsg_pid{-1383969625} }}, nlmsgerr{StructNlMsgErr{ error{-2}, msg{StructNlMsgHdr{ nlmsg_len{80}, nlmsg_type{256()}, nlmsg_flags{261(NLM_F_REQUEST|NLM_F_ACK|NLM_F_ROOT)}, nlmsg_seq{1}, nlmsg_pid{0} }} }} } failed: ENOENT (No such file or directory)
08-24 13:09:19.400  2647  2780 E NetlinkUtils: receiveNetlinkAck, errmsg=NetlinkErrorMessage{ nlmsghdr{StructNlMsgHdr{ nlmsg_len{100}, nlmsg_type{2()}, nlmsg_flags{0()}, nlmsg_seq{1}, nlmsg_pid{-825056084} }}, nlmsgerr{StructNlMsgErr{ error{-2}, msg{StructNlMsgHdr{ nlmsg_len{80}, nlmsg_type{256()}, nlmsg_flags{261(NLM_F_REQUEST|NLM_F_ACK|NLM_F_ROOT)}, nlmsg_seq{1}, nlmsg_pid{0} }} }} }
08-24 13:09:19.401  2647  2780 W Tethering: [BpfCoordinator] WARN Failed to update conntrack entry (proto: 6, src4: /10.126.137.155, srcPort: 62135, dst4: /140.82.112.21, dstPort: 443), msg: 50000000000105010100000000000000020000003400018014000180080001000A7E899B080002008C5270151C000280050001000600000006000200F2B700000600030001BB00000800070000069780, e: android.system.ErrnoException: NetlinkErrorMessage{ nlmsghdr{StructNlMsgHdr{ nlmsg_len{100}, nlmsg_type{2()}, nlmsg_flags{0()}, nlmsg_seq{1}, nlmsg_pid{-825056084} }}, nlmsgerr{StructNlMsgErr{ error{-2}, msg{StructNlMsgHdr{ nlmsg_len{80}, nlmsg_type{256()}, nlmsg_flags{261(NLM_F_REQUEST|NLM_F_ACK|NLM_F_ROOT)}, nlmsg_seq{1}, nlmsg_pid{0} }} }} } failed: ENOENT (No such file or directory)
08-24 13:09:19.714 32372 32372 I dnsmasq : sig_handler errno = 13
08-24 13:09:19.714 32372 32372 I dnsmasq : sig_handler errno = 4
08-24 13:09:19.876   932   932 D healthd : system healthd: battery l=90 v=4 t=35.0 h=2 st=2 c=-111 fc=4859000 cc=104 chg=u
08-24 13:09:19.959   932   932 D healthd : system healthd: battery l=90 v=4 t=35.0 h=2 st=2 c=-109 fc=4859000 cc=104 chg=u
08-24 13:09:20.004  2699  2727 E NhsAppRILAidl/0: onEventIndication: 2
08-24 13:09:20.006  2801  2801 D AtCmdParser: parserAtcmdUrc can not find parser for +EDMFAPP
08-24 13:09:20.008  2684  3059 D UlPriorityPred: rsrp -113 ,ulbsr: 499 ,ulpdcptput: 14112 nextLimit: 35.0 flag: false mTimes: 0 inLimit: false
08-24 13:09:20.149   988   988 D vendor.oplus.hardware.charger-V6-service: get_ui_charge_icon_type 0 0 0 0 0
08-24 13:09:20.150   988   988 D vendor.oplus.hardware.charger-V6-service: oplus_chg_get_cpa_power 2500 charge_online 1 retention_topic 0
08-24 13:09:20.150   988   988 D vendor.oplus.hardware.charger-V6-service: oplus_chg_get_cpa_power 2500 charge_online 1 retention_topic 0
08-24 13:09:20.150   988   988 D vendor.oplus.hardware.charger-V6-service: getIsSingleHyperSupport=2, cpa_power=2
08-24 13:09:20.287  2684  3059 D CommonApp-154-10189: transport layer data is invalid
08-24 13:09:20.291  2684  3059 D CommonApp-154-10094: transport layer data is invalid
08-24 13:09:20.304   988   988 D vendor.oplus.hardware.charger-V6-service: get_ui_charge_icon_type 0 0 0 0 0
08-24 13:09:20.304   988   988 D vendor.oplus.hardware.charger-V6-service: oplus_chg_get_cpa_power 2500 charge_online 1 retention_topic 0
08-24 13:09:20.305   988   988 D vendor.oplus.hardware.charger-V6-service: oplus_chg_get_cpa_power 2500 charge_online 1 retention_topic 0
08-24 13:09:20.305   988   988 D vendor.oplus.hardware.charger-V6-service: getIsSingleHyperSupport=2, cpa_power=2
08-24 13:09:20.572  2801  2801 D AtCmdParser: parserAtcmdUrc can not find parser for +EXLCE
08-24 13:09:20.585  1863  2032 V AlarmManager: sending alarm Alarm{bae8bbd type 2 origWhen 342870124 whenElapsed 342870124 com.heytap.mcs} uid 1000 whenElapsed 342870124 windowLength 10000 maxWhenElapsed 342880124 repeatInterval 0 action com.heytap.mcs.action component null flags 0x8 procName com.heytap.mcs
08-24 13:09:20.680  1044  7949 D AudioPolicyService: updateUidStates_l() current->uid=99000 current->pid=7839 allowCapture=1 UidState=5 apmStat=1
08-24 13:09:20.682  1863  2311 W Binder  : Outgoing transactions from this process must be FLAG_ONEWAY
08-24 13:09:20.682  1863  2311 W Binder  : java.lang.Throwable
08-24 13:09:20.682  1863  2311 W Binder  : 	at android.os.BinderProxy.transact(BinderProxy.java:633)
08-24 13:09:20.682  1863  2311 W Binder  : 	at android.content.ContentProviderProxy.insert(ContentProviderNative.java:587)
08-24 13:09:20.682  1863  2311 W Binder  : 	at android.content.ContentProviderClient.insert(ContentProviderClient.java:347)
08-24 13:09:20.682  1863  2311 W Binder  : 	at android.content.ContentProviderClient.insert(ContentProviderClient.java:336)
08-24 13:09:20.682  1863  2311 W Binder  : 	at com.oplus.util.OplusStatisticsImpl.insert(OplusStatisticsImpl.java:307)
08-24 13:09:20.682  1863  2311 W Binder  : 	at com.oplus.util.OplusStatisticsImpl.sendDataToDCS(OplusStatisticsImpl.java:287)
08-24 13:09:20.682  1863  2311 W Binder  : 	at com.oplus.util.OplusStatisticsImpl.flushInternal(OplusStatisticsImpl.java:264)
08-24 13:09:20.682  1863  2311 W Binder  : 	at com.oplus.util.OplusStatisticsImpl.lambda$setDelayFlushJobIfNeed$4(OplusStatisticsImpl.java:211)
08-24 13:09:20.682  1863  2311 W Binder  : 	at com.oplus.util.OplusStatisticsImpl.$r8$lambda$4UYTp2NCu6Rml69JNqEuK7o54SI(Unknown Source:0)
08-24 13:09:20.682  1863  2311 W Binder  : 	at com.oplus.util.OplusStatisticsImpl$$ExternalSyntheticLambda5.run(D8$$SyntheticClass:0)
08-24 13:09:20.682  1863  2311 W Binder  : 	at java.util.concurrent.Executors$RunnableAdapter.call(Executors.java:524)
08-24 13:09:20.682  1863  2311 W Binder  : 	at java.util.concurrent.FutureTask.run(FutureTask.java:317)
08-24 13:09:20.682  1863  2311 W Binder  : 	at java.util.concurrent.ScheduledThreadPoolExecutor$ScheduledFutureTask.run(ScheduledThreadPoolExecutor.java:348)
08-24 13:09:20.682  1863  2311 W Binder  : 	at java.util.concurrent.ThreadPoolExecutor.runWorker(ThreadPoolExecutor.java:1156)
08-24 13:09:20.682  1863  2311 W Binder  : 	at java.util.concurrent.ThreadPoolExecutor$Worker.run(ThreadPoolExecutor.java:651)
08-24 13:09:20.682  1863  2311 W Binder  : 	at java.lang.Thread.run(Thread.java:1119)
08-24 13:09:20.683   902 10988 E TetherController: property_get sys.radio.data.modem_share_flag return 0, 1!
08-24 13:09:20.726  2310  2580 I SystemUi--Statusbar: MobileConnectionRepositoryImpl-->subId:1 isSoftSimCard:false slotId:0
08-24 13:09:20.747  1073  1073 I BufferQueueProducer: [StatusBar#98](this:0xb400007be17959e0,id:-1,api:0,p:-1,c:1073) queueBuffer: fps=0.67 dur=1503.67 max=1503.67 min=1503.67
08-24 13:09:20.754  1073  1073 I BufferQueueProducer: [FramebufferSurface](this:0xb400007c37b18ed0,id:-1,api:1,p:1073,c:1073) queueBuffer: fps=0.67 dur=1503.02 max=1503.02 min=1503.02
08-24 13:09:20.755   929   929 I hwcomposer: [HWCDisplay] (0 updateFps():4192), (type:1, mode:2) fps:0.665294,dur:1503.10,max:1503.10,min:1503.10  
08-24 13:09:21.007  2699  2727 E NhsAppRILAidl/0: onEventIndication: 2
08-24 13:09:21.009  2801  2801 D AtCmdParser: parserAtcmdUrc can not find parser for +EDMFAPP
08-24 13:09:21.010  2684  3059 D UlPriorityPred: rsrp -113 ,ulbsr: 133 ,ulpdcptput: 5106 nextLimit: 35.0 flag: false mTimes: 0 inLimit: false
08-24 13:09:21.108  2684 24034 D TelephonyImpl: getRealNrState start:0
08-24 13:09:21.111  2684 24034 D TelephonyImpl: getRealNrState start:0
08-24 13:09:21.119  2684 24034 D TelephonyImpl: getRealNrState start:0
08-24 13:09:21.190  2310  2499 I SystemUi--Statusbar: OplusNetworkSpeedControllExImpl-->updateNetworkSpeed: isConnected:true,isSwitchOn:true
08-24 13:09:21.196  2310  2499 I SystemUi--Statusbar: OplusNetworkSpeedControllExImpl-->getTotalByte: totalRxBytes:29983988119,totalTxBytes:5041825525,loopbackTxBytes:941255,loopbackRxBytes:940835 ,totalBytes:35023931554
08-24 13:09:21.311  2684  3059 D CommonApp-154-10189: transport layer data is invalid
08-24 13:09:21.314  2684  3059 D CommonApp-154-10094: transport layer data is invalid
08-24 13:09:21.458  1392  1392 I thermal_repeater: [recvMdThermalInfo] ret=27, strLen=127,  3, 43, 16, 0, 32767, 10354
08-24 13:09:21.636  2801  2801 D AtCmdParser: [PHONE1]< com.oplus.telephony.AtCmdParser$2@fff2a17 urc ind:+ECSQ: 17,33,-386,1,1,-46,-432,4096,46,1
08-24 13:09:21.679  2684  3059 D CommonApp-154-10189: DefaultState EVENT_SCENARIOS_CHANGE
08-24 13:09:21.679  2684  3059 D CommonApp-154-10189: scene=COMMON pn=com.google.android.packageinstaller
08-24 13:09:21.679  2684  3059 D CommonApp-154-10094: DefaultState EVENT_SCENARIOS_CHANGE
08-24 13:09:21.679  2684  3059 D CommonApp-154-10094: scene=COMMON pn=com.android.vending
08-24 13:09:21.788  1387  1852 D ULogGuard: Monitoring: 2 threads, 0 requests, 0 time-bombs; 2 guards. ResetFlags = 0x7
08-24 13:09:21.798  2801  2801 D AtCmdParser: [PHONE0]< com.oplus.telephony.AtCmdParser$2@fff2a17 urc ind:+ECSQ: 17,28,-406,1,1,-46,-452,4096,12,1
08-24 13:09:21.800  2665  2665 D OplusTelephonyController: onSignalStrengthChanged: SignalStrength=SignalStrength:{mCdma=CellSignalStrengthCdma: cdmaDbm=2147483647 cdmaEcio=2147483647 evdoDbm=2147483647 evdoEcio=2147483647 evdoSnr=2147483647 level=0,mGsm=CellSignalStrengthGsm: rssi=2147483647 ber=2147483647 mTa=2147483647 mLevel=0,mWcdma=CellSignalStrengthWcdma: ss=2147483647 ber=2147483647 rscp=2147483647 ecno=2147483647 level=0,mTdscdma=CellSignalStrengthTdscdma: rssi=2147483647 ber=2147483647 rscp=2147483647 level=0,mLte=CellSignalStrengthLte: rssi=-103 rsrp=-113 rsrq=-12 rssnr=3 cqiTableIndex=2147483647 cqi=0 ta=0 level=2 parametersUseForLevel=0,mNr=CellSignalStrengthNr:{ csiRsrp = 2147483647 csiRsrq = 2147483647 csiCqiTableIndex = 2147483647 csiCqiReport = [] ssRsrp = 2147483647 ssRsrq = 2147483647 ssSinr = 2147483647 level = 0 parametersUseForLevel = 0 timingAdvance = 2147483647 },primary=CellSignalStrengthLte}
08-24 13:09:21.801  2801  2801 D SubsysEventListenerManager-SubsysTelephonyCallback[0]: onSignalStrengthsChanged
08-24 13:09:21.801  2801  2801 D SubsysEventListenerManager-SubsysTelephonyCallback[1]: onSignalStrengthsChanged
08-24 13:09:21.802  2310  2580 I SystemUi--Statusbar: MobileConnectionRepositoryImpl-->subId:1 isSoftSimCard:false slotId:0
08-24 13:09:22.007  2699  2727 E NhsAppRILAidl/0: onEventIndication: 2
08-24 13:09:22.009  2801  2801 D AtCmdParser: parserAtcmdUrc can not find parser for +EDMFAPP
08-24 13:09:22.011  2684  3059 D UlPriorityPred: rsrp -113 ,ulbsr: 2368 ,ulpdcptput: 43390 nextLimit: 35.0 flag: false mTimes: 0 inLimit: false
08-24 13:09:22.335  2684  3059 D CommonApp-154-10189: transport layer data is invalid
08-24 13:09:22.337  2684  3059 D CommonApp-154-10094: transport layer data is invalid
