08-24 13:07:35.097 E/AndroidRuntime( 8612): 	at com.nareshkumarbalamurugan.YuvaUpdate.MainActivity.onCreate(MainActivity.kt:19)
08-24 13:07:35.097 E/AndroidRuntime( 8612): 	at android.app.Activity.performCreate(Activity.java:9196)
08-24 13:07:35.097 E/AndroidRuntime( 8612): 	at android.app.Activity.performCreate(Activity.java:9168)
08-24 13:07:35.097 E/AndroidRuntime( 8612): 	at android.app.Instrumentation.callActivityOnCreate(Instrumentation.java:1544)
08-24 13:07:35.097 E/AndroidRuntime( 8612): 	at android.app.ActivityThread.performLaunchActivity(ActivityThread.java:4346)
08-24 13:07:35.097 E/AndroidRuntime( 8612): 	... 13 more
08-24 13:07:35.098 E/DevLauncher( 8612): DevLauncher tries to handle uncaught exception.
08-24 13:07:35.098 E/DevLauncher( 8612): java.lang.RuntimeException: Unable to start activity ComponentInfo{com.nareshkumarbalamurugan.YuvaUpdate/com.nareshkumarbalamurugan.YuvaUpdate.MainActivity}: android.content.ActivityNotFoundException: Unable to find explicit activity class {com.nareshkumarbalamurugan.YuvaUpdate/expo.modules.devlauncher.launcher.DevLauncherActivity}; have you declared this activity in your AndroidManifest.xml, or does your intent not match its declared <intent-filter>?
08-24 13:07:35.098 E/DevLauncher( 8612): 	at android.app.ActivityThread.performLaunchActivity(ActivityThread.java:4372)
08-24 13:07:35.098 E/DevLauncher( 8612): 	at android.app.ActivityThread.handleLaunchActivity(ActivityThread.java:4569)
08-24 13:07:35.098 E/DevLauncher( 8612): 	at android.app.servertransaction.LaunchActivityItem.execute(LaunchActivityItem.java:126)
08-24 13:07:35.098 E/DevLauncher( 8612): 	at android.app.servertransaction.TransactionExecutor.executeNonLifecycleItem(TransactionExecutor.java:179)
08-24 13:07:35.098 E/DevLauncher( 8612): 	at android.app.servertransaction.TransactionExecutor.executeTransactionItems(TransactionExecutor.java:114)
08-24 13:07:35.098 E/DevLauncher( 8612): 	at android.app.servertransaction.TransactionExecutor.execute(TransactionExecutor.java:86)
08-24 13:07:35.098 E/DevLauncher( 8612): 	at android.app.ActivityThread$H.handleMessage(ActivityThread.java:2902)
08-24 13:07:35.098 E/DevLauncher( 8612): 	at android.os.Handler.dispatchMessage(Handler.java:107)
08-24 13:07:35.098 E/DevLauncher( 8612): 	at android.os.Looper.loopOnce(Looper.java:282)
08-24 13:07:35.098 E/DevLauncher( 8612): 	at android.os.Looper.loop(Looper.java:387)
08-24 13:07:35.098 E/DevLauncher( 8612): 	at android.app.ActivityThread.main(ActivityThread.java:9500)
08-24 13:07:35.098 E/DevLauncher( 8612): 	at java.lang.reflect.Method.invoke(Native Method)
08-24 13:07:35.098 E/DevLauncher( 8612): 	at com.android.internal.os.RuntimeInit$MethodAndArgsCaller.run(RuntimeInit.java:600)
08-24 13:07:35.098 E/DevLauncher( 8612): 	at com.android.internal.os.ZygoteInit.main(ZygoteInit.java:1005)
08-24 13:07:35.098 E/DevLauncher( 8612): Caused by: android.content.ActivityNotFoundException: Unable to find explicit activity class {com.nareshkumarbalamurugan.YuvaUpdate/expo.modules.devlauncher.launcher.DevLauncherActivity}; have you declared this activity in your AndroidManifest.xml, or does your intent not match its declared <intent-filter>?
08-24 13:07:35.098 E/DevLauncher( 8612): 	at android.app.Instrumentation.checkStartActivityResult(Instrumentation.java:2452)
08-24 13:07:35.098 E/DevLauncher( 8612): 	at android.app.Instrumentation.execStartActivity(Instrumentation.java:2030)
08-24 13:07:35.098 E/DevLauncher( 8612): 	at android.app.ContextImpl.startActivity(ContextImpl.java:1173)
08-24 13:07:35.098 E/DevLauncher( 8612): 	at android.app.ContextImpl.startActivity(ContextImpl.java:1144)
08-24 13:07:35.098 E/DevLauncher( 8612): 	at android.content.ContextWrapper.startActivity(ContextWrapper.java:448)
08-24 13:07:35.098 E/DevLauncher( 8612): 	at expo.modules.devlauncher.DevLauncherController.navigateToLauncher(DevLauncherController.kt:227)
08-24 13:07:35.098 E/DevLauncher( 8612): 	at expo.modules.devlauncher.DevLauncherController.redirectFromStartActivity(DevLauncherController.kt:336)
08-24 13:07:35.098 E/DevLauncher( 8612): 	at expo.modules.devlauncher.DevLauncherController.access$redirectFromStartActivity(DevLauncherController.kt:63)
08-24 13:07:35.098 E/DevLauncher( 8612): 	at expo.modules.devlauncher.DevLauncherController$getCurrentReactActivityDelegate$1.invoke(DevLauncherController.kt:328)
08-24 13:07:35.098 E/DevLauncher( 8612): 	at expo.modules.devlauncher.DevLauncherController$getCurrentReactActivityDelegate$1.invoke(DevLauncherController.kt:328)
08-24 13:07:35.098 E/DevLauncher( 8612): 	at expo.modules.devlauncher.react.activitydelegates.DevLauncherReactActivityRedirectDelegate.onCreate(DevLauncherReactActivityRedirectDelegate.kt:16)
08-24 13:07:35.098 E/DevLauncher( 8612): 	at expo.modules.ReactActivityDelegateWrapper.onCreate(ReactActivityDelegateWrapper.kt:143)
08-24 13:07:35.098 E/DevLauncher( 8612): 	at com.facebook.react.ReactActivity.onCreate(ReactActivity.java:47)
08-24 13:07:35.098 E/DevLauncher( 8612): 	at com.nareshkumarbalamurugan.YuvaUpdate.MainActivity.onCreate(MainActivity.kt:19)
08-24 13:07:35.098 E/DevLauncher( 8612): 	at android.app.Activity.performCreate(Activity.java:9196)
08-24 13:07:35.098 E/DevLauncher( 8612): 	at android.app.Activity.performCreate(Activity.java:9168)
08-24 13:07:35.098 E/DevLauncher( 8612): 	at android.app.Instrumentation.callActivityOnCreate(Instrumentation.java:1544)
08-24 13:07:35.098 E/DevLauncher( 8612): 	at android.app.ActivityThread.performLaunchActivity(ActivityThread.java:4346)
08-24 13:07:35.098 E/DevLauncher( 8612): 	... 13 more
08-24 13:07:35.115 E/ugan.YuvaUpdate( 8612): hiddenapi: Accessing hidden method Ljava/lang/StackTraceElement;-><init>()V (runtime_flags=0, domain=core-platform, api=blocked) from Lcom/google/gson/internal/ConstructorConstructor; (domain=app) using reflection: denied
08-24 13:07:35.115 I/SystemUiProxy( 2613): SystemUiProxy#getRecentTasks isInGoRecentsAnim: false
08-24 13:07:35.117 D/ActivityTaskManager( 1863): Skipping, invisible task: Task{2e9e8ec #1145 type=home I=com.android.launcher/.Launcher}
08-24 13:07:35.121 D/OplusSplitScreenManagerService( 1863): com.android.settings unSupportsSplitScreen by blockList or ForbidActivityList
08-24 13:07:35.121 D/OplusSplitScreenManagerService( 1863): com.android.settings unSupportsSplitScreen by blockList or ForbidActivityList
08-24 13:07:35.121 D/OplusSplitScreenManagerService( 1863): com.android.settings unSupportsSplitScreen by blockList or ForbidActivityList
08-24 13:07:35.122 D/ActivityTaskManager( 1863): pre-Filtered:com.nareshkumarbalamurugan.YuvaUpdate # com.whatsapp # com.oppo.quicksearchbox # com.adobe.scan.android # com.google.android.youtube # com.coloros.alarmclock # com.linkedin.android # com.google.android.googlequicksearchbox # com.coloros.filemanager # com.android.settings # com.android.chrome # com.android.settings # com.coloros.calculator # com.google.android.googlequicksearchbox # com.google.android.calendar # com.phonepe.app # com.android.mms # com.google.android.apps.docs # 
08-24 13:07:35.122 D/ActivityTaskManager( 1863): after skip size 18
08-24 13:07:35.127 D/OplusAppQuickStart_AppQuickStartController( 1863): notifyStartActivity intent:Intent { flg=0x10018000 cmp=com.nareshkumarbalamurugan.YuvaUpdate/expo.modules.devlauncher.launcher.errors.DevLauncherErrorActivity }, function disable
08-24 13:07:35.128 I/[UAH_CLIENT]( 1863): UahEventAcquire, cmdid:2, pkg:none, identity:com.android.server.wm
08-24 13:07:35.128 D/WindowManager( 1863): NFW_setClientVisible:ActivityRecord{dfd1db1 u0 com.nareshkumarbalamurugan.YuvaUpdate/expo.modules.devlauncher.launcher.errors.DevLauncherErrorActivity clientVisible:true
08-24 13:07:35.128 V/GrammaticalInflectionUtils( 1863): AttributionSource: android.content.AttributionSource@c8f42dc0 does not have READ_SYSTEM_GRAMMATICAL_GENDER permission.
08-24 13:07:35.129 D/FlexibleTaskController( 1863): isSupportFlexibleWindow target = com.nareshkumarbalamurugan.YuvaUpdate/expo.modules.devlauncher.launcher.errors.DevLauncherErrorActivity callPkg = FlexibleTaskController support = true ,caller = 1863
08-24 13:07:35.129 D/ActivityStarterExtImpl( 1863): checkOpMode: 3
08-24 13:07:35.130 D/FlexibleWindowManagerService( 1863): isIgnoreAppearedAcrossTask:false
08-24 13:07:35.130 D/ActivityStarterExtImpl( 1863): setForceUpdateWindow, targetTask = Task{a06386a #1175 type=standard A=10693:com.nareshkumarbalamurugan.YuvaUpdate} r = ActivityRecord{dfd1db1 u0 com.nareshkumarbalamurugan.YuvaUpdate/expo.modules.devlauncher.launcher.errors.DevLauncherErrorActivity t-1} notFinish =false
08-24 13:07:35.130 D/FlexibleWindowManagerService( 1863): isIgnoreAppearedAcrossTask:false
08-24 13:07:35.130 D/FlexibleTaskController( 1863): findSourceTaskForFreeForm: sourceRecord = null ,realCallingPid:8612 ,launchFromZoomMode:false ,prevTopTask:Task{a06386a #1175 type=standard A=10693:com.nareshkumarbalamurugan.YuvaUpdate}
08-24 13:07:35.130 D/FlexibleTaskController( 1863): findSourceTaskForFreeForm: the caller is not a flexible freeform window application and does not have a zoom windowMode startup parameter
08-24 13:07:35.130 D/FlexibleTaskController( 1863): adjustOptionsForFlexibleTask not allow options follow process task's options, reason:9 ,reusedOptions:null
08-24 13:07:35.130 I/TaskFragmentExtImpl( 1863): reset pause in recents anim for mTaskFragment: Task{a06386a #1175 type=standard A=10693:com.nareshkumarbalamurugan.YuvaUpdate}
08-24 13:07:35.130 D/FlexibleTaskController( 1863): isSupportFlexibleWindow target = com.nareshkumarbalamurugan.YuvaUpdate/expo.modules.devlauncher.launcher.errors.DevLauncherErrorActivity callPkg = FlexibleTaskController support = true ,caller = 1863
08-24 13:07:35.130 D/FlexibleTaskController( 1863): shouldKeepFlexibleTask flexibleTask not active.
08-24 13:07:35.131 D/ActivityStarterExtImpl( 1863): isLaunchingRootActivity = false
08-24 13:07:35.133 D/ActivityStarterExtImpl( 1863): resume targetTask isVisibleRequested is true or in SkipCheckedList, need resume:targetTask=Task{a06386a #1175 type=standard A=10693:com.nareshkumarbalamurugan.YuvaUpdate}
08-24 13:07:35.133 D/ActivityTaskManager( 1863): isStartingWindowDisplayed: data.mIsDisplayed = true, mStartingWindow.isDrawn = true
08-24 13:07:35.133 D/ActivityRecordExtImpl( 1863): skipPrepareAppTransitionForZoom false
08-24 13:07:35.133 D/ActivityTaskManager( 1863): setAppVisibility(Token{5d2815b ActivityRecord{d2203f u0 com.nareshkumarbalamurugan.YuvaUpdate/.MainActivity t1175 f}}}, visible=false): mNextAppTransitionRequests=[], mNextAppTransitionFlags=,mAppTransitionState=APP_STATE_IDLE visible=true mVisibleRequested=true
08-24 13:07:35.134 D/ActivityTaskManager( 1863): setVisibility(Token{5d2815b ActivityRecord{d2203f u0 com.nareshkumarbalamurugan.YuvaUpdate/.MainActivity t1175 f}}}, visible=false) defer commitVisibility for transition collecting
08-24 13:07:35.134 I/PowerHalWrapper( 1863): amsBoostNotify pid:8612,activity:com.nareshkumarbalamurugan.YuvaUpdate.MainActivity, package:com.nareshkumarbalamurugan.YuvaUpdate, mProcessCreatePackcom.nareshkumarbalamurugan.YuvaUpdate 
08-24 13:07:35.134 I/PowerHalWrapper( 1863): state: 0 
08-24 13:07:35.134 I/mtkpower_client( 1863): [PowerHal_Wrap_notifyAppState] com.nareshkumarbalamurugan.YuvaUpdate/com.nareshkumarbalamurugan.YuvaUpdate.MainActivity pid=8612 activityId:13770815 state:0
08-24 13:07:35.134 I/vendor.mediatek.hardware.mtkpower_applist-service.mediatek(  952): packName: com.nareshkumarbalamurugan.YuvaUpdate actName: com.nareshkumarbalamurugan.YuvaUpdate.MainActivity pid: 8612 activityId: 13770815 uid: 10693 state: 0
08-24 13:07:35.134 I/MTK_APPList(  952): [notifyAPPstate] com.nareshkumarbalamurugan.YuvaUpdate/com.nareshkumarbalamurugan.YuvaUpdate.MainActivity, pid=8612, activityId=13770815, uid=10693, state:PAUSED, fps:-1, win:1
08-24 13:07:35.134 I/MTK_APPList(  952): [notifyAPPstate] multi_resumed_app_count: 2
08-24 13:07:35.134 I/MTK_APPList(  952): [notifyAPPstate] multi_resumed_app_info[0] com.whatsapp/com.whatsapp.accountswitching.secondaryprocess.AccountSwitchingActivity, pid:17014, activityId:25922012, fps:-1, isMultiWindow:0
08-24 13:07:35.134 I/MTK_APPList(  952): [notifyAPPstate] multi_resumed_app_info[1] com.whatsapp/com.whatsapp.accountswitching.secondaryprocess.AccountSwitchingActivity, pid:17014, activityId:209276310, fps:-1, isMultiWindow:0
08-24 13:07:35.134 I/MTK_APPList(  952): [getForegroundAPPCount] 2
08-24 13:07:35.134 I/MTK_APPList(  952): [notifyNetdUID] 10693
08-24 13:07:35.135 I/PowerHalWrapper( 1863): amsBoostNotify AMS_BOOST_PROCESS_CREATE_BOOST:false 
08-24 13:07:35.135 D/MBrainLocalService( 1863): isVendorFreezeConditionPass is false
08-24 13:07:35.135 E/MBrainLocalService( 1863): notifyAppSwitch failed
08-24 13:07:35.137 I/MTK_APPList(  952): [notifyPID] 8612
08-24 13:07:35.138 I/libPowerHal(  954): [perfSetSysInfo] pid type:24, 8612
08-24 13:07:35.138 I/MTK_APPList(  952): [notifyAPPstate] applist_idx_list[0] 14
08-24 13:07:35.138 I/MTK_APPList(  952): [notifyAPPstate] AppScenarioStatusInfo[0] 1
08-24 13:07:35.138 I/MTK_APPList(  952): [notifyAPPstate] applist_idx_list[1] 14
08-24 13:07:35.138 I/MTK_APPList(  952): [notifyAPPstate] AppScenarioStatusInfo[1] 1
08-24 13:07:35.139 D/OplusStartingWindowManager( 1863): we don't revise window flags for third app
08-24 13:07:35.139 D/ActivityTaskManager( 1863): validateStartingWindowTheme:  Pkg=com.nareshkumarbalamurugan.YuvaUpdate, Translucent=false, Floating=false, ShowWallpaper=false, Disable=false, LaunchSource=4
08-24 13:07:35.139 D/ActivityTaskManager( 1863): addStartingWindow for ActivityRecord{dfd1db1 u0 com.nareshkumarbalamurugan.YuvaUpdate/expo.modules.devlauncher.launcher.errors.DevLauncherErrorActivity t1175}, mainWin=null, state=INITIALIZING, isKeyguardLocked=false, isKeyguardGoingAway=false
08-24 13:07:35.139 D/ActivityTaskManager( 1863): getStartingWindowType: , newTask=true, taskSwitch=false, processRunning=true, allowTaskSnapshot=true, activityCreated=false, activityAllDrawn=false, snapshot exist: false
08-24 13:07:35.139 D/ActivityRecordExtImpl( 1863): handleStartingWindowForCompactWindow origin type:2, adjustType : 2
08-24 13:07:35.139 D/ActivityTaskManager( 1863): Moving existing StartingWindow Window{b8fe13c u0 Splash Screen com.nareshkumarbalamurugan.YuvaUpdate} from ActivityRecord{d2203f u0 com.nareshkumarbalamurugan.YuvaUpdate/.MainActivity t1175 f}} to ActivityRecord{dfd1db1 u0 com.nareshkumarbalamurugan.YuvaUpdate/expo.modules.devlauncher.launcher.errors.DevLauncherErrorActivity t1175}
08-24 13:07:35.140 D/ActivityTaskManager( 1863): Removing StartingWindow Window{b8fe13c u0 Splash Screen com.nareshkumarbalamurugan.YuvaUpdate} from ActivityRecord{d2203f u0 com.nareshkumarbalamurugan.YuvaUpdate/.MainActivity t1175 f}}
08-24 13:07:35.140 D/WindowManager( 1863): NFW_findFocusedWindowIfNeeded:null mCurrentFocus:null
08-24 13:07:35.140 D/ActivityTaskManager( 1863): skip transferStartingWindow  from: ActivityRecord{d2203f u0 com.nareshkumarbalamurugan.YuvaUpdate/.MainActivity t1175 f}}
08-24 13:07:35.143 D/callGcSupression( 1863): java.lang.NullPointerException: Attempt to invoke virtual method 'java.lang.Object java.lang.reflect.Method.invoke(java.lang.Object, java.lang.Object[])' on a null object reference
08-24 13:07:35.143 V/WindowManagerShell( 2310): Transition requested (#2215): android.os.BinderProxy@d884d82 TransitionRequestInfo { type = OPEN, triggerTask = TaskInfo{userId=0 taskId=1175 displayId=0 isRunning=true baseIntent=Intent { flg=0x10000000 cmp=com.nareshkumarbalamurugan.YuvaUpdate/.MainActivity mCallingUid=2000 } baseActivity=ComponentInfo{com.nareshkumarbalamurugan.YuvaUpdate/expo.modules.devlauncher.launcher.errors.DevLauncherErrorActivity} topActivity=ComponentInfo{com.nareshkumarbalamurugan.YuvaUpdate/expo.modules.devlauncher.launcher.errors.DevLauncherErrorActivity} origActivity=null realActivity=ComponentInfo{com.nareshkumarbalamurugan.YuvaUpdate/com.nareshkumarbalamurugan.YuvaUpdate.MainActivity} numActivities=1 lastActiveTime=342774673 supportsSplitScreenMultiWindow=true supportsMultiWindow=true supportsPocketStudioMultiWindow=true isInFlexibleEmbedded = false uid = 10693 pid = 0 resizeMode=1 isResizeable=true minWidth=-1 minHeight=-1 defaultMinSize=220 token=WCT{android.window.IWindowContainerToken$Stub$Proxy@f32cc93} topActivityType=1 pictureInPictureParams=null shouldDockBigOverlays=false launchIntoPipHostTaskId=-1 lastParentTaskIdBeforePip=-1 displayCutoutSafeInsets=null topActivityInfo=ActivityInfo{fa814d0 expo.modules.devlauncher.launcher.errors.DevLauncherErrorActivity} launchCookies=[] positionInParent=Point(0, 0) parentTaskId=-1 isFocused=true isVisible=true isVisibleRequested=true isSleeping=false locusId=null displayAreaFeatureId=1 isTopActivityTransparent=false appCompatTaskInfo=AppCompatTaskInfo { topActivityInSizeCompat=false topActivityInOplusCompatMode=false topActivityEligibleForLetterboxEducation= falseisLetterboxEducationEnabled= false isLetterboxDoubleTapEnabled= false topActivityEligibleForUserAspectRatioButton= false topActivityBoundsLetterboxed= false isFromLetterboxDoubleTap= false topActivityLetterboxVerticalPosition= -1 topActivityLetterboxHorizontalPosition= -1 topActivityLetterboxWidth=720 topActivityLetterboxHeight=1612 isUserFullscreenOverrideEnabled=false isSystemFullscreenOverrideEnabled=false cameraCompatTaskInfo=CameraCompatTaskInfo { cameraCompatControlState=hidden freeformCameraCompatMode=inactive}} topActivityLetterboxInsets=Rect(0, 0 - 0, 0) mOplusExtraBundle = Bundle[mParcelledData.dataSize=348]}, pipTask = null, remoteTransition = null, displayChange = null, flags = 0, debugId = 2215 }
08-24 13:07:35.145 D/WindowManager( 1863): setFrameRateStart invalid typeId return!
08-24 13:07:35.146 D/WindowManager( 1863): setFrameRateStart invalid typeId return!
08-24 13:07:35.148 I/TaskOrganizerController( 1863): onTaskInfoChanged taskid 1175 config { mBounds=Rect(0, 0 - 720, 1612) mAppBounds=Rect(0, 0 - 720, 1612) mMaxBounds=Rect(0, 0 - 720, 1612) mDisplayRotation=ROTATION_0 mWindowingMode=fullscreen mActivityType=standard mAlwaysOnTop=undefined mRotation=ROTATION_0}
08-24 13:07:35.149 D/OplusVisibleTasks( 1863):  notifyTasksNumChange no need to notify.
08-24 13:07:35.149 D/OplusFlexibleWindowMinimizedManagerHelper( 1863): onTaskInfoChanged taskInfo:TaskInfo{userId=0 taskId=1175 displayId=0 isRunning=true baseIntent=Intent { flg=0x10000000 cmp=com.nareshkumarbalamurugan.YuvaUpdate/.MainActivity mCallingUid=2000 } baseActivity=ComponentInfo{com.nareshkumarbalamurugan.YuvaUpdate/expo.modules.devlauncher.launcher.errors.DevLauncherErrorActivity} topActivity=ComponentInfo{com.nareshkumarbalamurugan.YuvaUpdate/expo.modules.devlauncher.launcher.errors.DevLauncherErrorActivity} origActivity=null realActivity=ComponentInfo{com.nareshkumarbalamurugan.YuvaUpdate/com.nareshkumarbalamurugan.YuvaUpdate.MainActivity} numActivities=1 lastActiveTime=342774673 supportsSplitScreenMultiWindow=true supportsMultiWindow=true supportsPocketStudioMultiWindow=true isInFlexibleEmbedded = false uid = 10693 pid = 0 resizeMode=1 isResizeable=true minWidth=-1 minHeight=-1 defaultMinSize=220 token=WCT{RemoteToken{c73a17d Task{a06386a #1175 type=standard A=10693:com.nareshkumarbalamurugan.YuvaUpdate}}} topActivityType=1 pictureInPictureParams=null shouldDockBigOverlays=false launchIntoPipHostTaskId=-1 lastParentTaskIdBeforePip=-1 displayCutoutSafeInsets=null topActivityInfo=ActivityInfo{d050788 expo.modules.devlauncher.launcher.errors.DevLauncherErrorActivity} launchCookies=[] positionInParent=Point(0, 0) parentTaskId=-1 isFocused=true isVisible=true isVisibleRequested=true isSleeping=false locusId=null displayAreaFeatureId=1 isTopActivityTransparent=false appCompatTaskInfo=AppCompatTaskInfo { topActivityInSizeCompat=false topActivityInOplusCompatMode=false topActivityEligibleForLetterboxEducation= falseisLetterboxEducationEnabled= false isLetterboxDoubleTapEnabled= false topActivityEligibleForUserAspectRatioButton= false topActivityBoundsLetterboxed= false isFromLetterboxDoubleTap= false topActivityLetterboxVerticalPosition= -1 topActivityLetterboxHorizontalPosition= -1 topActivityLetterboxWidth=720 topActivityLetterboxHeight=1612 isUserFullscreenOverrideEnabled=false isSystemFullscreenOverrideEnabled=false cameraCompatTaskInfo=CameraCompatTaskInfo { cameraCompatControlState=hidden freeformCameraCompatMode=inactive}} topActivityLetterboxInsets=Rect(0, 0 - 0, 0) mOplusExtraBundle = Bundle[{androidx.flexible.taskFrame=Rect(0, 0 - 0, 0), key_flexible_task_state=0, androidx.activity.LaunchScenario=0, androidx.activity.LaunchScale=1.0}]} task:Task{a06386a #1175 type=standard A=10693:com.nareshkumarbalamurugan.YuvaUpdate}
08-24 13:07:35.149 D/OplusFlexibleDragToSplitAnimController( 1863): visibleFlexibleTaskInfos delete:1175
08-24 13:07:35.149 I/ActivityTaskManager( 1863): START u0 {flg=0x10018000 cmp=com.nareshkumarbalamurugan.YuvaUpdate/expo.modules.devlauncher.launcher.errors.DevLauncherErrorActivity mCallingUid=10693} with LAUNCH_MULTIPLE from uid 10693 (BAL_ALLOW_VISIBLE_WINDOW) result code=0
08-24 13:07:35.152 D/OplusAppStartupMonitor( 1863): notifyUnstableAppInfo: Bundle[{unstableTime=1756021055151, reason=crash, userId=0, exceptionMsg=Unable to find explicit activity class {com.nareshkumarbalamurugan.YuvaUpdate/expo.modules.devlauncher.launcher.DevLauncherActivity}; have you declared this activity in your AndroidManifest.xml, or does your intent not match its declared <intent-filter>?, exceptionClass=android.content.ActivityNotFoundException, app_channel_type=unstable, packageName=com.nareshkumarbalamurugan.YuvaUpdate, unstable_restrict_switch=true}]
08-24 13:07:35.152 D/ShellTaskOrganizerExt( 2310): visibleFlexibleTaskInfos delete:1175
08-24 13:07:35.152 D/ShellTaskOrganizerExt( 2310): isOnCanvas size:0
08-24 13:07:35.152 D/ShellTaskOrganizerExt( 2310): isOnThreeFlexibleCanvas size:0
08-24 13:07:35.154 I/mtkpower_client( 1863): [PowerHal_Wrap_notifyAppState] com.nareshkumarbalamurugan.YuvaUpdate/com.nareshkumarbalamurugan.YuvaUpdate pid=8612 activityId:8612 state:3
08-24 13:07:35.155 D/ITheiaManagerExt( 1863): [sendEvent] TheiaEvent:[id:0x00000005 name:appCrash type:java enable:false reportFreq:1800000 logType:4099 delay:30000 condition:0 recoveryId:0 extraInfo:] versionId:202312280900 INCREMENTAL:T.R4T2.1e8aaab_1684e
08-24 13:07:35.155 W/ITheiaManagerExt( 1863): [sendEvent] the event state is disable: 5
08-24 13:07:35.155 W/OplusEapManager handleErrorInfo sendEvent: ( 1863): com.nareshkumarbalamurugan.YuvaUpdate happenedcrash
08-24 13:07:35.156 D/OplusAnrCrashMonitor( 1863): handleAnrCrashData: bundle data done
08-24 13:07:35.156 I/vendor.mediatek.hardware.mtkpower_applist-service.mediatek(  952): packName: com.nareshkumarbalamurugan.YuvaUpdate actName: com.nareshkumarbalamurugan.YuvaUpdate pid: 8612 activityId: 8612 uid: 10693 state: 3
08-24 13:07:35.156 I/MTK_APPList(  952): [notifyAPPstate] com.nareshkumarbalamurugan.YuvaUpdate/com.nareshkumarbalamurugan.YuvaUpdate, pid=8612, activityId=8612, uid=10693, state:DEAD, fps:-1, win:1
08-24 13:07:35.156 I/MTK_APPList(  952): [notifyAPPstate] multi_resumed_app_count: 2
08-24 13:07:35.156 I/MTK_APPList(  952): [notifyAPPstate] multi_resumed_app_info[0] com.whatsapp/com.whatsapp.accountswitching.secondaryprocess.AccountSwitchingActivity, pid:17014, activityId:25922012, fps:-1, isMultiWindow:0
08-24 13:07:35.156 I/MTK_APPList(  952): [notifyAPPstate] multi_resumed_app_info[1] com.whatsapp/com.whatsapp.accountswitching.secondaryprocess.AccountSwitchingActivity, pid:17014, activityId:209276310, fps:-1, isMultiWindow:0
08-24 13:07:35.156 I/MTK_APPList(  952): [getForegroundAPPCount] 2
08-24 13:07:35.156 I/MTK_APPList(  952): [notifyAPPstate] pack:com.nareshkumarbalamurugan.YuvaUpdate, pid:8612, STATE_DEAD
08-24 13:07:35.156 I/MTK_APPList(  952): [notifyNetdUID] 10693
08-24 13:07:35.156 D/OplusAmsUtilsFeatrue( 1863): detectExceptionsForOIDT type:0
08-24 13:07:35.157 D/OplusAnrCrashMonitor( 1863): handleServiceCall: bundle data
08-24 13:07:35.158 I/MTK_APPList(  952): [notifyPID] 8612
08-24 13:07:35.158 I/libPowerHal(  954): [perfSetSysInfo] pid type:24, 8612
08-24 13:07:35.158 W/OplusSelfProtectManager( 1863): pkg[com.oplus.crashbox] not in policy list
08-24 13:07:35.159 I/MTK_APPList(  952): [notifyAPPstate] applist_idx_list[0] 14
08-24 13:07:35.159 I/MTK_APPList(  952): [notifyAPPstate] AppScenarioStatusInfo[0] 1
08-24 13:07:35.159 I/MTK_APPList(  952): [notifyAPPstate] applist_idx_list[1] 14
08-24 13:07:35.159 I/MTK_APPList(  952): [notifyAPPstate] AppScenarioStatusInfo[1] 1
08-24 13:07:35.159 I/DropBoxManagerService( 1863): add tag=data_app_crash isTagEnabled=true flags=0x2
08-24 13:07:35.161 D/DropBoxManagerService( 1863): file :: /data/system/dropbox/data_app_crash@1756021055160.txt
08-24 13:07:35.162 W/AES     ( 1863): Exception Log handling...
08-24 13:07:35.162 W/AES     ( 1863): Skipped - do not care third party apk
08-24 13:07:35.164 I/ActivityManager( 1863): Showing crash dialog for package com.nareshkumarbalamurugan.YuvaUpdate u0
08-24 13:07:35.165 W/CrashBox_TestModeManager(18977): PackageName not found:com.oplus.autotest.qetest
08-24 13:07:35.165 I/AbnormalAppMonitorController( 2251): recordAbnormalMessage - ThirdKitFeature =1
08-24 13:07:35.168 I/SurfaceFlinger( 1073): onHandleDestroyed: name=Surface(name=a330e5e StatusBar)/@0x4f7d41 - animation-leash of insets_animation#30270, layerId=30270, parentId=0
08-24 13:07:35.168 I/SurfaceFlinger( 1073): onHandleDestroyed: name=Surface(name=514cde8 NavigationBar_displayId_0)/@0x34309c5 - animation-leash of insets_animation#30269, layerId=30269, parentId=0
08-24 13:07:35.168 W/CrashBox_ExceptionInfoManager(18977): open db report no limit ....
08-24 13:07:35.169 D/AbnormalAppMonitorController( 2251): foreground = true
08-24 13:07:35.170 D/AbnormalAppMonitorController( 2251): crashType = crash
08-24 13:07:35.178 E/ActivityThread( 2251): Failed to find provider info for com.oplus.thirdkit
08-24 13:07:35.178 E/AbnormalAppMonitorController( 2251): callProvider errorUnknown authority com.oplus.thirdkit
08-24 13:07:35.181 I/oplus.android.OplusFrameworkFactoryImpl( 1863): get feature:IOplusDynamicVsyncFeature
08-24 13:07:35.182 I/oplus.android.OplusFrameworkFactoryImpl( 1863): get feature:IOplusDynamicVsyncFeature
08-24 13:07:35.182 I/oplus.android.OplusFrameworkFactoryImpl( 1863): get feature:IOplusDynamicVsyncFeature
08-24 13:07:35.184 I/BufferQueueDebug( 1073): [Surface(name=514cde8 NavigationBar_displayId_0)/@0x34309c5 - animation-leash of insets_animation#30269](this:0xb400007bdda609e0,id:-1,api:0,p:-1,c:1073) onDestructor()
08-24 13:07:35.184 I/BufferQueueDebug( 1073): [Surface(name=a330e5e StatusBar)/@0x4f7d41 - animation-leash of insets_animation#30270](this:0xb400007bddb359e0,id:-1,api:0,p:-1,c:1073) onDestructor()
08-24 13:07:35.191 E/AlertControllerExt( 1863): mButtonPanelStub is null when setButtonsHorizontal
08-24 13:07:35.206 I/SurfaceFlinger( 1073): [SF client] NEW(0xb400007c32eaca00) for (1863:system_server)
08-24 13:07:35.216 D/WindowManager( 1863): Add to mViews: com.android.internal.policy.DecorView{4a0ecf5 V.E...... R.....I. 0,0-0,0 alpha=1.0 viewInfo = }[YuvaUpdate],pkg= null
08-24 13:07:35.216 D/skia    ( 1863): setRusSupported enable 0
08-24 13:07:35.232 D/WindowManager( 1863): NFW_findFocusedWindowIfNeeded:Window{e709d18 u0 Application Error: com.nareshkumarbalamurugan.YuvaUpdate} mCurrentFocus:null
08-24 13:07:35.233 V/WindowManager( 1863): Changing focus from null to Window{e709d18 u0 Application Error: com.nareshkumarbalamurugan.YuvaUpdate},diplayid=0
08-24 13:07:35.235 D/WindowManager( 1863): setFrameRateStart invalid typeId return!
08-24 13:07:35.236 D/WindowManager( 1863): setFrameRateStart invalid typeId return!
08-24 13:07:35.237 D/Theia.NoFocusWindow( 1863): FocusWindowErrorScene cancelCheckFreezeScreen
08-24 13:07:35.237 W/TheiaWindowMonitor( 1863): [check] focusedWindow is null or enable is false
08-24 13:07:35.237 I/WindowManager( 1863): addWindow: New client android.view.OplusViewRootImplHooks$ColorW@b35ba8a : window=Window{e709d18 u0 Application Error: com.nareshkumarbalamurugan.YuvaUpdate}
08-24 13:07:35.238 D/ViewRootImplExtImpl( 1863): onDisplayChanged -1 for VRI android.view.ViewRootImpl@831f730
08-24 13:07:35.241 E/OplusBracketLog( 1863): [OplusViewMirrorManager] updateHostViewRootIfNeeded, not support android.view.ViewRootImpl@831f730
08-24 13:07:35.242 D/CoreBackPreview( 1863): Window{e709d18 u0 Application Error: com.nareshkumarbalamurugan.YuvaUpdate}: Setting back callback OnBackInvokedCallbackInfo{mCallback=android.window.WindowOnBackInvokedDispatcher$OnBackInvokedCallbackWrapper@b6d592e, mPriority=0, mIsAnimationCallback=false}
08-24 13:07:35.244 V/WindowManager( 1863): Relayout Window{e709d18 u0 Application Error: com.nareshkumarbalamurugan.YuvaUpdate}: viewVisibility=0, oldvis=0, req=720x418, vsysui=, x=0, y=0
08-24 13:07:35.244 I/WindowManager( 1863): Window{e709d18 u0 Application Error: com.nareshkumarbalamurugan.YuvaUpdate} state from NO_SURFACE to DRAW_PENDING; reason: resetDrawState
08-24 13:07:35.245 D/OplusLayer( 1073): setProcInfo (30293,Application Error: com.nareshkumarbalamurugan.YuvaUpdate#30293,system_server,0x6B7B3E53)
08-24 13:07:35.249 D/callGcSupression( 1863): java.lang.NullPointerException: Attempt to invoke virtual method 'java.lang.Object java.lang.reflect.Method.invoke(java.lang.Object, java.lang.Object[])' on a null object reference
08-24 13:07:35.249 D/WindowManager( 1863): NFW_findFocusedWindowIfNeeded:Window{e709d18 u0 Application Error: com.nareshkumarbalamurugan.YuvaUpdate} mCurrentFocus:Window{e709d18 u0 Application Error: com.nareshkumarbalamurugan.YuvaUpdate}
08-24 13:07:35.251 D/SurfaceComposerClient( 1863): Transaction::apply InputWindowCommands.focusRequests timestamp=169498543012948, windowName=e709d18 Application Error: com.nareshkumarbalamurugan.YuvaUpdate
08-24 13:07:35.251 I/SurfaceFlinger( 1073): onHandleDestroyed: name=Surface(name=a330e5e StatusBar)/@0x4f7d41 - animation-leash of insets_animation#30288, layerId=30288, parentId=0
08-24 13:07:35.251 I/SurfaceFlinger( 1073): onHandleDestroyed: name=Surface(name=514cde8 NavigationBar_displayId_0)/@0x34309c5 - animation-leash of insets_animation#30287, layerId=30287, parentId=0
08-24 13:07:35.252 D/[OSIE]  ( 1073): scltmLayer_name VRI[YuvaUpdate][Application Error: com.nareshkumarbalamurugan.YuvaUpdate]
08-24 13:07:35.252 D/[OSIE]  ( 1073): IsSCLTMLayer=0 
08-24 13:07:35.252 D/BufferQueueConsumer( 1863): [](id:747000004da,api:0,p:-1,c:1863) connect: controlledByApp=false
08-24 13:07:35.264 I/SurfaceControl( 1863):  setExtendedRangeBrightness sc=Surface(name=Application Error: com.nareshkumarbalamurugan.YuvaUpdate)/@0x2f9da3a,currentBufferRatio=1.0,desiredRatio=1.0
08-24 13:07:35.267 D/SurfaceFlinger( 1073): Focus addInputWindowCommands timestamp=169498543012948, windowName=e709d18 Application Error: com.nareshkumarbalamurugan.YuvaUpdate
08-24 13:07:35.268 I/BufferQueueDebug( 1073): [Surface(name=514cde8 NavigationBar_displayId_0)/@0x34309c5 - animation-leash of insets_animation#30287](this:0xb400007bddb059e0,id:-1,api:0,p:-1,c:1073) onDestructor()
08-24 13:07:35.268 I/BufferQueueDebug( 1073): [Surface(name=a330e5e StatusBar)/@0x4f7d41 - animation-leash of insets_animation#30288](this:0xb400007bdde4a9e0,id:-1,api:0,p:-1,c:1073) onDestructor()
08-24 13:07:35.273 D/SurfaceFlinger( 1073): updateWinowInfo=1, setFocusedWindow timestamp=169498543012948, windowName=e709d18 Application Error: com.nareshkumarbalamurugan.YuvaUpdate
08-24 13:07:35.274 I/InputDispatcher( 1863): NFW_setFocusedWindow, e709d18 Application Error: com.nareshkumarbalamurugan.YuvaUpdate on display 0, same as the previous:0
08-24 13:07:35.282 D/BLASTBufferQueue( 1863): [VRI[YuvaUpdate][Application Error: com.nareshkumarbalamurugan.YuvaUpdate]#616](f:0,a:1) acquireNextBufferLocked size=720x418 mFrameNumber=1 applyTransaction=true mTimestamp=169498573888332(auto) mPendingTransactions.size=0 graphicBufferId=8001524074838 transform=0
08-24 13:07:35.283 D/VRI[YuvaUpdate]( 1863): Received frameCommittedCallback lastAttemptedDrawFrameNum=1 didProduceBuffer=true syncBuffer=false
08-24 13:07:35.283 D/VRI[YuvaUpdate]( 1863): draw finished. seqId=0
08-24 13:07:35.283 D/ViewRootImplExtImpl( 1863): setMaxDequeuedBufferCount: 1
08-24 13:07:35.284 I/WindowManager( 1863): Window{e709d18 u0 Application Error: com.nareshkumarbalamurugan.YuvaUpdate} state from DRAW_PENDING to COMMIT_DRAW_PENDING; reason: finishDrawingLocked
08-24 13:07:35.285 I/WindowManager( 1863): Window{e709d18 u0 Application Error: com.nareshkumarbalamurugan.YuvaUpdate} state from COMMIT_DRAW_PENDING to READY_TO_SHOW; reason: commitFinishDrawingLocked
08-24 13:07:35.287 D/WindowManager( 1863): setFrameRateStart invalid typeId return!
08-24 13:07:35.287 I/WindowManager( 1863): Window{e709d18 u0 Application Error: com.nareshkumarbalamurugan.YuvaUpdate} state from READY_TO_SHOW to HAS_DRAWN; reason: performShowLocked
08-24 13:07:35.290 D/VRI[YuvaUpdate]( 1863): Received frameCommittedCallback lastAttemptedDrawFrameNum=2 didProduceBuffer=true syncBuffer=false
08-24 13:07:35.291 D/VRI[YuvaUpdate]( 1863): draw finished. seqId=0
08-24 13:07:35.300 D/callGcSupression( 1863): java.lang.NullPointerException: Attempt to invoke virtual method 'java.lang.Object java.lang.reflect.Method.invoke(java.lang.Object, java.lang.Object[])' on a null object reference
08-24 13:07:35.301 D/SurfaceAnimationRunner( 1863): onAnimationStart:Surface(name=Surface(name=e709d18 Application Error: com.nareshkumarbalamurugan.YuvaUpdate)/@0x82614f4 - animation-leash of window_animation)/@0xb51741d
08-24 13:07:35.301 D/SurfaceFlinger( 1073): calculateTimeoutTime, triggerInterval = 2 sec + 999999769 nsec
08-24 13:07:35.316 D/AudioPolicyService( 1044): updateUidStates_l() current->uid=99000 current->pid=7839 allowCapture=1 UidState=5 apmStat=1
08-24 13:07:35.317 D/AudioPolicyService( 1044): updateUidStates_l() current->uid=99000 current->pid=7839 allowCapture=1 UidState=5 apmStat=1
08-24 13:07:35.317 D/callGcSupression( 1863): java.lang.NullPointerException: Attempt to invoke virtual method 'java.lang.Object java.lang.reflect.Method.invoke(java.lang.Object, java.lang.Object[])' on a null object reference
08-24 13:07:35.317 D/SurfaceAnimationRunner( 1863): onAnimationStart:Surface(name=Dim Layer for - WindowedMagnification:0:64)/@0x8eb0e8c
08-24 13:07:35.324 I/InputDispatcher( 1863): updateFocusedWindow, e709d18 Application Error: com.nareshkumarbalamurugan.YuvaUpdate on display 0, reason: Window became focusable. Previous reason: NOT_VISIBLE, result:   FocusedWindows:
08-24 13:07:35.324 I/InputDispatcher( 1863):     displayId=0, name='e709d18 Application Error: com.nareshkumarbalamurugan.YuvaUpdate'
08-24 13:07:35.324 D/VRI[YuvaUpdate]( 1863): onFocusEvent true
08-24 13:07:35.348 V/WindowManagerShell( 2310): Transition animation finished (aborted=false), notifying core (#2214) android.os.BinderProxy@21a6d0f@0
08-24 13:07:35.348 W/OplusShellTransition( 2310): RecentsTransitionHandler.getRecentController: no controller found , token=android.os.BinderProxy@21a6d0f
08-24 13:07:35.348 D/SplitScreen-->AppLockManager( 2310): setStartFromSafeControl mStartFromSafeControl=false
08-24 13:07:35.350 D/Transition( 1863): finishTransition ar ActivityRecord{d2203f u0 com.nareshkumarbalamurugan.YuvaUpdate/.MainActivity t1175 f}}, isVisibleRequested=false, state=PAUSING, visibleAtTransitionEndTokens={ActivityRecord{d2203f u0 com.nareshkumarbalamurugan.YuvaUpdate/.MainActivity t1175 f}}, WallpaperWindowToken{ed08ecc token=android.os.Binder@61f7795 showWhenLocked=false}}, this=TransitionRecord{98884c3 id=2214 track=0 type=OPEN flags=0x0 state=2}
08-24 13:07:35.351 D/Transition( 1863): finishTransition ar ActivityRecord{afbb243 u0 com.android.launcher/.Launcher t1145}, isVisibleRequested=false, state=PAUSED, visibleAtTransitionEndTokens={ActivityRecord{d2203f u0 com.nareshkumarbalamurugan.YuvaUpdate/.MainActivity t1175 f}}, WallpaperWindowToken{ed08ecc token=android.os.Binder@61f7795 showWhenLocked=false}}, this=TransitionRecord{98884c3 id=2214 track=0 type=OPEN flags=0x0 state=2}
08-24 13:07:35.351 D/ActivityTaskManager( 1863): commitVisibility: ActivityRecord{afbb243 u0 com.android.launcher/.Launcher t1145}: visible=false visibleRequested=false, isInTransition=false, runningAnimation=false 
08-24 13:07:35.351 D/WindowManager( 1863): NFW_setClientVisible:ActivityRecord{afbb243 u0 com.android.launcher/.Launcher t1145} clientVisible:false
08-24 13:07:35.351 D/OplusTransitionAnimationManager( 1863): hideDeferredWallpapersIfNeeded: Window{3804917 u0 com.android.launcher/com.android.launcher.Launcher}
08-24 13:07:35.351 D/VRI[Launcher]( 2613): dispatchAppVisibility visible:false
08-24 13:07:35.351 D/WindowManager( 1863): NFW_setClientVisible:WallpaperWindowToken{ed08ecc token=android.os.Binder@61f7795 showWhenLocked=false} clientVisible:false
08-24 13:07:35.351 D/VRI[Launcher]( 2613): visibilityChanged oldVisibility=true newVisibility=false
08-24 13:07:35.352 I/OplusAppSwitchManagerService( 1863):  handleAppVisible , r = ActivityRecord{d2203f u0 com.nareshkumarbalamurugan.YuvaUpdate/.MainActivity t1175 f}}
08-24 13:07:35.352 D/OplusTransitionController( 1863): finishTransition, transition: TransitionRecord{98884c3 id=2214 track=0 type=OPEN flags=0x0 state=4}
08-24 13:07:35.352 D/WallpaperControllerExtImpl( 1863): screenshot + id = 65 userId = 0
08-24 13:07:35.353 W/UserAwareMgr( 1863): event can not be released, id: 5001, count: 2, releasePid: 1863
08-24 13:07:35.353 W/UserAwareMgr( 1863): event can not be released, id: 5005, count: 4, releasePid: 1863
08-24 13:07:35.353 D/ShellTaskOrganizer( 2310): onTransitionFinish, isRecent:false
08-24 13:07:35.353 V/WindowManagerShell( 2310): Track 0 became idle
08-24 13:07:35.354 W/UserManagerService( 1863): Requested status bar icon for non-badged user 0
08-24 13:07:35.354 E/ReflectionUtils( 2310): methodInvoke DesupressionGC failed1
08-24 13:07:35.354 E/ReflectionUtils( 2310): java.lang.NoSuchMethodException: dalvik.system.VMRuntime.DesupressionGC [int]
08-24 13:07:35.354 E/ReflectionUtils( 2310): 	at java.lang.Class.getMethod(Class.java:2940)
08-24 13:07:35.354 E/ReflectionUtils( 2310): 	at java.lang.Class.getDeclaredMethod(Class.java:2919)
08-24 13:07:35.354 E/ReflectionUtils( 2310): 	at com.android.wm.shell.util.ReflectionUtils.methodInvoke(ReflectionUtils.java:32)
08-24 13:07:35.354 E/ReflectionUtils( 2310): 	at com.oplus.transition.OplusTransitionReflectionHelper.callGcDesupression(OplusTransitionReflectionHelper.java:120)
08-24 13:07:35.354 E/ReflectionUtils( 2310): 	at com.android.wm.shell.transition.Transitions.onFinish(Transitions.java:1627)
08-24 13:07:35.354 E/ReflectionUtils( 2310): 	at com.android.wm.shell.transition.Transitions.lambda$playTransition$3(Transitions.java:1358)
08-24 13:07:35.354 E/ReflectionUtils( 2310): 	at com.android.wm.shell.transition.Transitions.$r8$lambda$96XCaSAhJXxB3nlVJy1TNPeH46k(Transitions.java:0)
08-24 13:07:35.354 E/ReflectionUtils( 2310): 	at com.android.wm.shell.transition.Transitions$$ExternalSyntheticLambda8.onTransitionFinished(R8$$SyntheticClass:0)
08-24 13:07:35.354 E/ReflectionUtils( 2310): 	at com.android.wm.shell.transition.DefaultTransitionHandler.lambda$startAnimation$2(DefaultTransitionHandler.java:396)
08-24 13:07:35.354 E/ReflectionUtils( 2310): 	at com.android.wm.shell.transition.DefaultTransitionHandler.$r8$lambda$dQGDCIj8oXu4Q3gE3IU3-TQE6Pc(DefaultTransitionHandler.java:0)
08-24 13:07:35.354 E/ReflectionUtils( 2310): 	at com.android.wm.shell.transition.DefaultTransitionHandler$$ExternalSyntheticLambda4.run(R8$$SyntheticClass:0)
08-24 13:07:35.354 E/ReflectionUtils( 2310): 	at com.android.wm.shell.transition.DefaultTransitionHandler.lambda$buildSurfaceAnimation$8(DefaultTransitionHandler.java:1171)
08-24 13:07:35.354 E/ReflectionUtils( 2310): 	at com.android.wm.shell.transition.DefaultTransitionHandler.$r8$lambda$SibS6C6yE4_jWZJm9l8mh9KjTYk(DefaultTransitionHandler.java:0)
08-24 13:07:35.354 E/ReflectionUtils( 2310): 	at com.android.wm.shell.transition.DefaultTransitionHandler$$ExternalSyntheticLambda14.run(R8$$SyntheticClass:0)
08-24 13:07:35.354 E/ReflectionUtils( 2310): 	at android.os.Handler.handleCallback(Handler.java:973)
08-24 13:07:35.354 E/ReflectionUtils( 2310): 	at android.os.Handler.dispatchMessage(Handler.java:100)
08-24 13:07:35.354 E/ReflectionUtils( 2310): 	at android.os.Looper.loopOnce(Looper.java:282)
08-24 13:07:35.354 E/ReflectionUtils( 2310): 	at android.os.Looper.loop(Looper.java:387)
08-24 13:07:35.354 E/ReflectionUtils( 2310): 	at android.os.HandlerThread.run(HandlerThread.java:85)
08-24 13:07:35.355 I/mtkpower@impl(  954): [setMode] type:6, enabled:1
08-24 13:07:35.355 W/UserManagerService( 1863): Requested status bar icon for non-badged user 0
08-24 13:07:35.355 E/mtkpower@impl(  954): [setMode] unknown type
08-24 13:07:35.363 I/SurfaceView( 2613): 103462868 surfaceDestroyed
08-24 13:07:35.363 D/BLASTBufferQueue( 2613): [SurfaceView[com.android.launcher/com.android.launcher.Launcher]#930](f:0,a:0) destructor()
08-24 13:07:35.363 D/BufferQueueConsumer( 2613): [SurfaceView[com.android.launcher/com.android.launcher.Launcher]#930(BLAST Consumer)930](id:a3500000409,api:0,p:-1,c:2613) disconnect
08-24 13:07:35.364 D/OplusStartingWindowManager( 1863): updateRecordSurfaceViewState windowToken = android.os.BinderProxy@4cb9996, surfaceState = false, attachedToWindow = true, inList = false, win = Window{3804917 u0 com.android.launcher/com.android.launcher.Launcher}
08-24 13:07:35.364 D/SurfaceView( 2613): 165257959positionLost mSurfaceControl is null return;
08-24 13:07:35.365 D/HWUI    ( 2613): RenderProxy::destroy: this=0xb40000757df08000, mContext=0xb400007577cb3880
08-24 13:07:35.365 D/HWUI    ( 2613): SkiaOpenGLPipeline::setSurface: this=0xb40000756a396f00, surface=NULL
08-24 13:07:35.366 D/ViewRootImplExtImpl( 2613): wrapConfigInfoIntoFlags rotation=0, smallestScreenWidthDp=360, relayoutAsync=false, flags=0, newFlags=23592960, residentWS=false, title=com.android.launcher/com.android.launcher.Launcher
08-24 13:07:35.366 D/WindowManagerServiceExtImpl( 1863): extractConfigInfoAndRealFlags rotation=0, screenDp=360, residentWS:0, win=Window{3804917 u0 com.android.launcher/com.android.launcher.Launcher}
08-24 13:07:35.366 V/WindowManager( 1863): Relayout Window{3804917 u0 com.android.launcher/com.android.launcher.Launcher}: viewVisibility=8, oldvis=0, req=720x1612, vsysui=LAYOUT_STABLE LAYOUT_HIDE_NAVIGATION LAYOUT_FULLSCREEN
08-24 13:07:35.368 I/TaskOrganizerController( 1863): onTaskInfoChanged taskid 1 config { mBounds=Rect(0, 0 - 720, 1612) mAppBounds=Rect(0, 0 - 720, 1612) mMaxBounds=Rect(0, 0 - 720, 1612) mDisplayRotation=ROTATION_0 mWindowingMode=fullscreen mActivityType=home mAlwaysOnTop=undefined mRotation=ROTATION_0}
08-24 13:07:35.368 D/OplusFlexibleWindowMinimizedManagerHelper( 1863): onTaskInfoChanged taskInfo:TaskInfo{userId=0 taskId=1 displayId=0 isRunning=true baseIntent=Intent { act=android.intent.action.MAIN cat=[android.intent.category.HOME] flg=0x34000000 cmp=com.android.launcher/.Launcher mCallingUid=10169 } baseActivity=ComponentInfo{com.android.launcher/com.android.launcher.Launcher} topActivity=ComponentInfo{com.android.launcher/com.android.launcher.Launcher} origActivity=null realActivity=null numActivities=1 lastActiveTime=31785 supportsSplitScreenMultiWindow=false supportsMultiWindow=true supportsPocketStudioMultiWindow=false isInFlexibleEmbedded = false uid = 10169 pid = 2613 resizeMode=2 isResizeable=true minWidth=-1 minHeight=-1 defaultMinSize=220 token=WCT{RemoteToken{bab5a88 Task{fc48624 #1 type=home}}} topActivityType=2 pictureInPictureParams=null shouldDockBigOverlays=false launchIntoPipHostTaskId=-1 lastParentTaskIdBeforePip=-1 displayCutoutSafeInsets=Rect(0, 64 - 0, 0) topActivityInfo=ActivityInfo{49ade16 com.android.launcher.Launcher} launchCookies=[] positionInParent=Point(0, 0) parentTaskId=-1 isFocused=false isVisible=false isVisibleRequested=false isSleeping=false locusId=LocusId[17_chars] displayAreaFeatureId=1 isTopActivityTransparent=false appCompatTaskInfo=AppCompatTaskInfo { topActivityInSizeCompat=false topActivityInOplusCompatMode=false topActivityEligibleForLetterboxEducation= falseisLetterboxEducationEnabled= false isLetterboxDoubleTapEnabled= false topActivityEligibleForUserAspectRatioButton= false topActivityBoundsLetterboxed= false isFromLetterboxDoubleTap= false topActivityLetterboxVerticalPosition= -1 topActivityLetterboxHorizontalPosition= -1 topActivityLetterboxWidth=720 topActivityLetterboxHeight=1612 isUserFullscreenOverrideEnabled=false isSystemFullscreenOverrideEnabled=false cameraCompatTaskInfo=CameraCompatTaskInfo { cameraCompatControlState=hidden freeformCameraCompatMode=inactive}} topActivityLetterboxInsets=Rect(0, 0 - 0, 0) mOplusExtraBundle = Bundle[{androidx.flexible.taskFrame=Rect(0, 0 - 0, 0), key_flexible_task_state=0, androidx.activity.LaunchScenario=0, androidx.activity.LaunchScale=1.0}]} task:Task{fc48624 #1 type=home}
08-24 13:07:35.368 D/OplusFlexibleDragToSplitAnimController( 1863): visibleFlexibleTaskInfos delete:1
08-24 13:07:35.369 D/WindowManager( 1863): NFW_findFocusedWindowIfNeeded:Window{e709d18 u0 Application Error: com.nareshkumarbalamurugan.YuvaUpdate} mCurrentFocus:Window{e709d18 u0 Application Error: com.nareshkumarbalamurugan.YuvaUpdate}
08-24 13:07:35.369 I/SurfaceFlinger( 1073): onHandleDestroyed: name=Transition Root: Task=1175#30284, layerId=30284, parentId=0
08-24 13:07:35.370 D/VRI[Launcher]( 2613): relayoutWindow result, sizeChanged:false, surfaceControlChanged:true, transformHintChanged:false, mSurfaceSize:Point(720, 1612), mLastSurfaceSize:Point(720, 1612), mWidth:720, mHeight:1612, requestedWidth:720, requestedHeight:1612, transformHint:0, installOrientation:0, displayRotation:0, isSurfaceValid:false, attr.flag:-2121203456, tmpFrames:ClientWindowFrames{frame=[0,0][720,1612] display=[0,0][720,1612] parentFrame=[0,0][0,0]}, relayoutAsync:false, mSyncSeqId:0
08-24 13:07:35.370 D/ShellTaskOrganizerExt( 2310): visibleFlexibleTaskInfos delete:1
08-24 13:07:35.370 D/ShellTaskOrganizerExt( 2310): isOnCanvas size:0
08-24 13:07:35.370 D/ShellTaskOrganizerExt( 2310): isOnThreeFlexibleCanvas size:0
08-24 13:07:35.370 I/SurfaceFlinger( 1073): onHandleDestroyed: name=Bounds for - com.android.launcher/com.android.launcher.Launcher#30271, layerId=30271, parentId=0
08-24 13:07:35.370 D/BLASTBufferQueue( 2613): [VRI[Launcher][com.android.launcher/com.android.launcher.Launcher]#929](f:0,a:3) destructor()
08-24 13:07:35.370 D/BufferQueueConsumer( 2613): [VRI[Launcher][com.android.launcher/com.android.launcher.Launcher]#929(BLAST Consumer)929](id:a3500000408,api:0,p:-1,c:2613) disconnect
08-24 13:07:35.370 I/DispPerfService( 1073): updateLayerMask 8
08-24 13:07:35.385 I/BufferQueueDebug( 1073): [Transition Root: Task=1175#30284](this:0xb400007bddc3c9e0,id:-1,api:0,p:-1,c:1073) onDestructor()
08-24 13:07:35.386 W/SurfaceFlinger( 1073): commitOffscreenLayers Layer 0xb400007bddbda000 not alive
08-24 13:07:35.386 I/SurfaceFlinger( 1073): onHandleDestroyed: name=SurfaceView[com.android.launcher/com.android.launcher.Launcher]#30272, layerId=30272, parentId=0
08-24 13:07:35.386 I/SurfaceFlinger( 1073): onHandleDestroyed: name=Background for SurfaceView[com.android.launcher/com.android.launcher.Launcher]#30274, layerId=30274, parentId=0
08-24 13:07:35.386 I/SurfaceFlinger( 1073): onHandleDestroyed: name=SurfaceView[com.android.launcher/com.android.launcher.Launcher](BLAST)#30273, layerId=30273, parentId=0
08-24 13:07:35.386 I/DispPerfService( 1073): updateLayerMask 0
08-24 13:07:35.401 I/BufferQueueDebug( 1073): [SurfaceView[com.android.launcher/com.android.launcher.Launcher]#30272](this:0xb400007bdde649e0,id:-1,api:0,p:-1,c:1073) onDestructor()
08-24 13:07:35.402 I/BufferQueueDebug( 1073): [SurfaceView[com.android.launcher/com.android.launcher.Launcher](BLAST)#30273](this:0xb400007bddec79e0,id:-1,api:0,p:-1,c:1073) onDestructor()
08-24 13:07:35.402 I/BufferQueueDebug( 1073): [Background for SurfaceView[com.android.launcher/com.android.launcher.Launcher]#30274](this:0xb400007bddf109e0,id:-1,api:0,p:-1,c:1073) onDestructor()
08-24 13:07:35.437 D/TelephonyImpl( 2684): getRealNrState start:0
08-24 13:07:35.441 D/TelephonyImpl( 2684): getRealNrState start:0
08-24 13:07:35.450 D/callGcDesupression( 1863): java.lang.NullPointerException: Attempt to invoke virtual method 'java.lang.Object java.lang.reflect.Method.invoke(java.lang.Object, java.lang.Object[])' on a null object reference
08-24 13:07:35.450 D/SurfaceAnimationRunner( 1863): onAnimationEnd:Surface(name=Surface(name=e709d18 Application Error: com.nareshkumarbalamurugan.YuvaUpdate)/@0x82614f4 - animation-leash of window_animation)/@0xb51741d
08-24 13:07:35.450 W/UserAwareMgr( 1863): event can not be released, id: 5005, count: 3, releasePid: 1863
08-24 13:07:35.451 D/TelephonyImpl( 2684): getRealNrState start:0
08-24 13:07:35.484 D/callGcDesupression( 1863): java.lang.NullPointerException: Attempt to invoke virtual method 'java.lang.Object java.lang.reflect.Method.invoke(java.lang.Object, java.lang.Object[])' on a null object reference
08-24 13:07:35.484 D/SurfaceAnimationRunner( 1863): onAnimationEnd:Surface(name=Dim Layer for - WindowedMagnification:0:64)/@0x8eb0e8c
08-24 13:07:35.485 I/SurfaceFlinger( 1073): onHandleDestroyed: name=Surface(name=e709d18 Application Error: com.nareshkumarbalamurugan.YuvaUpdate)/@0x82614f4 - animation-leash of window_animation#30294, layerId=30294, parentId=0
08-24 13:07:35.501 I/BufferQueueDebug( 1073): [Surface(name=e709d18 Application Error: com.nareshkumarbalamurugan.YuvaUpdate)/@0x82614f4 - animation-leash of window_animation#30294](this:0xb400007bddb059e0,id:-1,api:0,p:-1,c:1073) onDestructor()
08-24 13:07:35.535 I/mtkpower@impl(  954): [setMode] type:6, enabled:0
08-24 13:07:35.535 E/mtkpower@impl(  954): [setMode] unknown type
