--------- beginning of main
08-24 13:09:09.007  2699  2727 E NhsAppRILAidl/0: onEventIndication: 2
08-24 13:09:09.009  2801  2801 D AtCmdParser: parserAtcmdUrc can not find parser for +EDMFAPP
08-24 13:09:09.011  2684  3059 D UlPriorityPred: rsrp -114 ,ulbsr: 14942 ,ulpdcptput: 87000 nextLimit: 35.0 flag: false mTimes: 0 inLimit: false
08-24 13:09:09.023  2684  3059 D CommonApp-154-10189: transport layer data is invalid
08-24 13:09:09.025  2684  3059 D CommonApp-154-10094: transport layer data is invalid
08-24 13:09:09.025  2684  3059 D CommonApp-154-10693: transport layer data is invalid
08-24 13:09:09.033  2684 24034 D TelephonyImpl: getRealNrState start:0
08-24 13:09:09.036  2684 24034 D TelephonyImpl: getRealNrState start:0
08-24 13:09:09.044  2684 24034 D TelephonyImpl: getRealNrState start:0
08-24 13:09:09.179  2310  2499 I SystemUi--Statusbar: OplusNetworkSpeedControllExImpl-->updateNetworkSpeed: isConnected:true,isSwitchOn:true
08-24 13:09:09.182  2310  2499 I SystemUi--Statusbar: OplusNetworkSpeedControllExImpl-->getTotalByte: totalRxBytes:29983974312,totalTxBytes:5041811811,loopbackTxBytes:941255,loopbackRxBytes:940835 ,totalBytes:35023904033
08-24 13:09:09.284  2310  2580 I SystemUi--Statusbar: MobileConnectionRepositoryImpl-->subId:4 isSoftSimCard:false slotId:1
08-24 13:09:09.471 32372 32372 I dnsmasq : sig_handler errno = 13
08-24 13:09:09.472 32372 32372 I dnsmasq : sig_handler errno = 4
--------- beginning of system
08-24 13:09:09.545  1863  6163 D OplusAppQuickStart_AppQuickStartController: notifyStartActivity intent:Intent { flg=0x10000000 cmp=com.nareshkumarbalamurugan.YuvaUpdate/.MainActivity }, function disable
08-24 13:09:09.546  1863  6163 W ActivityTaskManager: callingPackage for (uid=2000, pid=9086) has no WPC
08-24 13:09:09.546  1863  2204 I [UAH_CLIENT]: UahEventAcquire, cmdid:2, pkg:none, identity:com.android.server.wm
08-24 13:09:09.548  1863  6163 D WindowManager: NFW_setClientVisible:ActivityRecord{7526322 u0 com.nareshkumarbalamurugan.YuvaUpdate/.MainActivity clientVisible:true
08-24 13:09:09.548  1863  6163 V GrammaticalInflectionUtils: AttributionSource: android.content.AttributionSource@c8f42dc0 does not have READ_SYSTEM_GRAMMATICAL_GENDER permission.
08-24 13:09:09.549  1863  6163 D FlexibleTaskController: isSupportFlexibleWindow target = com.nareshkumarbalamurugan.YuvaUpdate/.MainActivity callPkg = FlexibleTaskController support = true ,caller = 1863
08-24 13:09:09.549  1863  6163 D ActivityStarterExtImpl: do not intercept for realCallingAppIsSystemApp or CallingAppIsSystemApp
08-24 13:09:09.550  1863  6163 D FlexibleWindowManagerService: isIgnoreAppearedAcrossTask:false
08-24 13:09:09.550  1863  6163 D FlexibleWindowManagerService: isIgnoreAppearedAcrossTask:false
08-24 13:09:09.550  1863  6163 D FlexibleTaskController: findSourceTaskForFreeForm: sourceRecord = null ,realCallingPid:9086 ,launchFromZoomMode:false ,prevTopTask:Task{2e9e8ec #1145 type=home I=com.android.launcher/.Launcher}
08-24 13:09:09.550  1863  6163 D FlexibleTaskController: findSourceTaskForFreeForm: the caller is not a flexible freeform window application and does not have a zoom windowMode startup parameter
08-24 13:09:09.550  1863  6163 D FlexibleTaskController: adjustOptionsForFlexibleTask not allow options follow process task's options, reason:9 ,reusedOptions:null
08-24 13:09:09.550  1863  6163 D FlexibleTaskController: isSupportFlexibleWindow target = com.nareshkumarbalamurugan.YuvaUpdate/.MainActivity callPkg = FlexibleTaskController support = true ,caller = 1863
08-24 13:09:09.550  1863  6163 D FlexibleWindowManagerService: no reused task found for ActivityRecord{7526322 u0 com.nareshkumarbalamurugan.YuvaUpdate/.MainActivity t-1}
08-24 13:09:09.554  1863  6163 D ActivityTaskManager: onWindowFocusChanged Task{2e9e8ec #1145 type=home I=com.android.launcher/.Launcher} would transfer to compact
08-24 13:09:09.554  1863  1910 I UserAwareMgr: handleTopAppChanged: com.android.launcher, pid: 2613, uid: 10169
08-24 13:09:09.554  1863  6163 I InputDispatcher: setFocusedApplication displayId=0 ActivityRecord{afbb243 u0 com.android.launcher/.Launcher t1145}
08-24 13:09:09.554  1863  6163 D ActivityTaskManager: NFW_setLastResumedActivityUncheckLocked:true r:ActivityRecord{afbb243 u0 com.android.launcher/.Launcher t1145} currentFocus:Window{3804917 u0 com.android.launcher/com.android.launcher.Launcher}
08-24 13:09:09.554  1863  6163 D WindowManager: NFW_findFocusedWindowIfNeeded:Window{3804917 u0 com.android.launcher/com.android.launcher.Launcher} mCurrentFocus:Window{3804917 u0 com.android.launcher/com.android.launcher.Launcher}
08-24 13:09:09.554  1863  6163 D FlexibleTaskController: onTaskFocusChanged prevTask:null ,currentTask:Task{2e9e8ec #1145 type=home I=com.android.launcher/.Launcher}, reason: addChildTask
08-24 13:09:09.554  1863  6163 D OplusFlexibleDCSManager: onNextPkgChanged pkg = com.android.launcher
08-24 13:09:09.554  1863  6163 I OplusJoystickManager: handleApplicationSwitch deprecated!
08-24 13:09:09.554  1863  2204 I [UAH_CLIENT]: UahEventAcquire, cmdid:0, pkg:com.android.launcher, identity:com.android.server.wm
08-24 13:09:09.555  1863  2845 D OplusAppSwitchListener: Detect com.nareshkumarbalamurugan.YuvaUpdate switch to background
08-24 13:09:09.555  1863  2845 D OplusFeatureReduceBrightness: onAppExit , info = com.nareshkumarbalamurugan.YuvaUpdate
08-24 13:09:09.555  2251  2682 V DCSEX-AppSwitchManager: OnAppSwitchObserver: onAppExit, resuming = com.android.launcher, target = com.nareshkumarbalamurugan.YuvaUpdate, is ResumingFirstStart =  false, is ResumingMultiApp =  false, extensionInfo =  Bundle[mParcelledData.dataSize=84]
08-24 13:09:09.555  1863  2845 D OplusEapManager: mTargetExitName :com.nareshkumarbalamurugan.YuvaUpdate
08-24 13:09:09.555  1863  6163 I PowerHalWrapper: amsBoostNotify pid:2613,activity:com.android.launcher.Launcher, package:com.android.launcher, mProcessCreatePackcom.nareshkumarbalamurugan.YuvaUpdate 
08-24 13:09:09.555  1863  6163 I PowerHalWrapper: state: 1 
08-24 13:09:09.555  1863  6163 I mtkpower_client: [PowerHal_Wrap_notifyAppState] com.android.launcher/com.android.launcher.Launcher pid=2613 activityId:184267331 state:1
08-24 13:09:09.555  2251  2462 D DCSEX-AppLaunchEventRecorder: onAppSwitch from = com.nareshkumarbalamurugan.YuvaUpdate to = com.android.launcher
08-24 13:09:09.555  2251  2462 D DCSEX-AppLaunchEventRecorder: recordExitApp = com.nareshkumarbalamurugan.YuvaUpdate
08-24 13:09:09.555  1863  1958 D VRR [OPlusRefreshRateService]: handleFrontAppChange pkgName: null
08-24 13:09:09.556   952   952 I vendor.mediatek.hardware.mtkpower_applist-service.mediatek: packName: com.android.launcher actName: com.android.launcher.Launcher pid: 2613 activityId: 184267331 uid: 10169 state: 1
08-24 13:09:09.556   952   952 I MTK_APPList: [notifyAPPstate] com.android.launcher/com.android.launcher.Launcher, pid=2613, activityId=184267331, uid=10169, state:RESUMED, fps:-1, win:1
08-24 13:09:09.556   952   952 I MTK_APPList: [notifyAPPstate] multi_resumed_app_count: 3
08-24 13:09:09.556  1863  6163 I PowerHalWrapper: amsBoostNotify AMS_BOOST_PROCESS_CREATE_BOOST:false 
08-24 13:09:09.556   952   952 I MTK_APPList: [notifyAPPstate] multi_resumed_app_info[0] com.whatsapp/com.whatsapp.accountswitching.secondaryprocess.AccountSwitchingActivity, pid:17014, activityId:25922012, fps:-1, isMultiWindow:0
08-24 13:09:09.557  2684  3056 D ActivityAdapter: onCommonAppExit: OplusAppExitInfo = {  targetName = com.nareshkumarbalamurugan.YuvaUpdate hasResumingActivity = true resumingPackageName = com.android.launcher resumingActivityName = com.android.launcher.Launcher resumingWindowMode = 1 isResumingMultiApp = false isResumingFirstStart = false extension = Bundle[mParcelledData.dataSize=84]}
08-24 13:09:09.557   952   952 I MTK_APPList: [notifyAPPstate] multi_resumed_app_info[1] com.whatsapp/com.whatsapp.accountswitching.secondaryprocess.AccountSwitchingActivity, pid:17014, activityId:209276310, fps:-1, isMultiWindow:0
08-24 13:09:09.557   952   952 I MTK_APPList: [notifyAPPstate] multi_resumed_app_info[2] com.android.launcher/com.android.launcher.Launcher, pid:2613, activityId:184267331, fps:-1, isMultiWindow:1
08-24 13:09:09.557   952   952 I MTK_APPList: [getForegroundAPPCount] 3
08-24 13:09:09.557   952   952 I MTK_APPList: [notifyAPPstate] foreground:com.android.launcher, pid:2613, activityId:184267331, uid:10169
08-24 13:09:09.557   952   952 I MTK_APPList: [notifyNetdUID] 10169
08-24 13:09:09.557  1863  1863 D MBrainLocalService: isVendorFreezeConditionPass is false
08-24 13:09:09.557  1863  1863 E MBrainLocalService: notifyAppSwitch failed
08-24 13:09:09.557  2684  3059 D OplusLinkBoostSceneManager: onAppExit:com.nareshkumarbalamurugan.YuvaUpdate
08-24 13:09:09.557  2684  3059 D OplusLinkBoostSceneManager: onCommonAppExit: reset foreground app
08-24 13:09:09.557  1863  2845 D OplusWifiPower_TriggerCenter: mComponentCallback: fgapplist
08-24 13:09:09.557  4631  4649 W Battery : AppSwitchDetectorV2: OnAppSwitchObserver: onAppExit , info = OplusAppExitInfo = {  targetName = com.nareshkumarbalamurugan.YuvaUpdate hasResumingActivity = true resumingPackageName = com.android.launcher resumingActivityName = com.android.launcher.Launcher resumingWindowMode = 1 isResumingMultiApp = false isResumingFirstStart = false extension = Bundle[mParcelledData.dataSize=84]}
08-24 13:09:09.558  2251  2682 V DCSEX-AppSwitchManager: OnAppSwitchObserver: onAppEnter, launchedFrom =  com.android.launcher, target =  com.android.launcher, is firstStart =  false, is multiApp =  false, extensionInfo =  Bundle[mParcelledData.dataSize=188]
08-24 13:09:09.558  1863  2845 D OplusAppSwitchListener: Detect com.android.launcher switch to foreground
08-24 13:09:09.558   952   952 I MTK_APPList: [notifyPID] 2613
08-24 13:09:09.558  1863  2845 D OplusFeatureRiderMode: onAppEnter , info = com.android.launcher
08-24 13:09:09.559  4631  4649 W Battery : ThermalControlUtils: mForegroundPkg=com.android.launcher mLastWindowMode=1
08-24 13:09:09.559   954  1061 I libPowerHal: [perfSetSysInfo] pid type:24, 2613
08-24 13:09:09.559  1863  2845 D OplusEapManager: mTargetEnterName :com.android.launcher
08-24 13:09:09.559  1863  2845 D OplusLatencyOptimizerManager: enter pkg: com.android.launcher isPrevBlackAppTop: false mIsBlackAppTop: false
08-24 13:09:09.559  1863  2845 D VRR [OPlusFrontAppManager]: OnAppSwitchObserver: onAppEnter , info.targetName = com.android.launcher
08-24 13:09:09.559  1863  1922 E OplusThermalStats: Error getting package info: com.android.launcher
08-24 13:09:09.559  1863  1951 I OplusSmartBrightnessController: handleMessage MSG_POWER_BRIGHTNESS_CHANGED.
08-24 13:09:09.560  1863  1958 D VRR [OPlusRefreshRateService]: handleFrontAppChange pkgName: com.android.launcher
08-24 13:09:09.560  1863  1949 D ColorAutomaticBrightnessController: MSG_UPDATE_BRIGHTNESS
08-24 13:09:09.560  1863  1949 D OplusSmartBrightnessController: force rate to be fast displayId[0]=2400 -> 2400 boostMode=1
08-24 13:09:09.560  2769  2789 I Athena  : AthenaDynamicReceiver: pre_app:com.nareshkumarbalamurugan.YuvaUpdate, next_app:com.android.launcher(10169|2613)
08-24 13:09:09.562  1863  6163 D OplusStartingWindowManager: we don't revise window flags for third app
08-24 13:09:09.562  1863  6163 D ActivityTaskManager: validateStartingWindowTheme:  Pkg=com.nareshkumarbalamurugan.YuvaUpdate, Translucent=false, Floating=false, ShowWallpaper=false, Disable=false, LaunchSource=4
08-24 13:09:09.562  1863  6163 D ActivityTaskManager: addStartingWindow for ActivityRecord{7526322 u0 com.nareshkumarbalamurugan.YuvaUpdate/.MainActivity t1176}, mainWin=null, state=INITIALIZING, isKeyguardLocked=false, isKeyguardGoingAway=false
08-24 13:09:09.562  1863  6163 D ActivityTaskManager: getStartingWindowType: , newTask=true, taskSwitch=true, processRunning=false, allowTaskSnapshot=true, activityCreated=false, activityAllDrawn=false, snapshot exist: false
08-24 13:09:09.562  1863  6163 D ActivityRecordExtImpl: handleStartingWindowForCompactWindow origin type:2, adjustType : 2
08-24 13:09:09.562  1863  6163 D TaskOrganizerController: TaskOrganizerController.addStartingWindow: call wmshell to addStartingWindow
08-24 13:09:09.563  1863  6163 I PowerHalWrapper: amsBoostNotify pid:2613,activity:com.android.launcher.Launcher, package:com.android.launcher, mProcessCreatePackcom.nareshkumarbalamurugan.YuvaUpdate 
08-24 13:09:09.563  1863  6163 I PowerHalWrapper: state: 0 
08-24 13:09:09.563  1863  6163 I mtkpower_client: [PowerHal_Wrap_notifyAppState] com.android.launcher/com.android.launcher.Launcher pid=2613 activityId:184267331 state:0
08-24 13:09:09.563  4631  4649 W Battery : ThermalControllerCenter: mSafetyState=10010,  mSafetyTestConfigList=01111,10111,11011,11101,11110,00111,01011,01101,01110,10011,10101,10110,11001,11010,11100,11000,11111
08-24 13:09:09.563   952   952 I MTK_APPList: [notifyAPPstate] applist_idx_list[0] 14
08-24 13:09:09.563   952   952 I MTK_APPList: [notifyAPPstate] AppScenarioStatusInfo[0] 1
08-24 13:09:09.563   952   952 I MTK_APPList: [notifyAPPstate] applist_idx_list[1] 14
08-24 13:09:09.563   952   952 I MTK_APPList: [notifyAPPstate] AppScenarioStatusInfo[1] 1
08-24 13:09:09.563   952   952 I MTK_APPList: [notifyAPPstate] pc:0, com.nareshkumarbalamurugan.YuvaUpdate => com.android.launcher
08-24 13:09:09.563  4631  4649 W Battery : ThermalControllHandler: tempLevel=[4],userMode=3,gameUserMode=-1,appType=-1,envTempType=1,appStates=[],appSwitchSafetyMode=false,split=[],float=[],full=[com.android.launcher], tempGear=[4],configItemName=common_config
08-24 13:09:09.564  1863  6163 I PowerHalWrapper: amsBoostNotify AMS_BOOST_PROCESS_CREATE_BOOST:false 
08-24 13:09:09.564   901   930 I statsd  : An anomaly (119840000001) (100198)0x10000->com.android.launcher[S] (100198)0x20000->10169[I]  has occurred! Informing subscribers.
08-24 13:09:09.564  1044 26778 D AudioPolicyService: updateUidStates_l() current->uid=99000 current->pid=7839 allowCapture=1 UidState=5 apmStat=1
08-24 13:09:09.565  1863  2204 I [UAH_CLIENT]: UahEventAcquire, cmdid:1, pkg:com.nareshkumarbalamurugan.YuvaUpdate, identity:com.android.server.wm
08-24 13:09:09.565  1863  1863 D MBrainLocalService: isVendorFreezeConditionPass is false
08-24 13:09:09.565  1863  1863 E MBrainLocalService: notifyAppSwitch failed
08-24 13:09:09.565  1863  6163 D ActivityTaskManager: notifyTaskRemoved, task: Task{a06386a #1175 type=standard A=10693:com.nareshkumarbalamurugan.YuvaUpdate} trace:com.android.server.wm.RecentTasks.removeForAddTask:1837 com.android.server.wm.RecentTasks.add:1350 com.android.server.wm.ActivityStarter.startActivityInner:2627 com.android.server.wm.ActivityStarter.startActivityUnchecked:1897 com.android.server.wm.ActivityStarter.executeRequest:1639 
08-24 13:09:09.565  1863  8756 V GrammaticalInflectionUtils: AttributionSource: android.content.AttributionSource@c8f42dc0 does not have READ_SYSTEM_GRAMMATICAL_GENDER permission.
08-24 13:09:09.565  1863  6163 D ActivityTaskManager: notifyTaskAdded, task: Task{3cd3370 #1176 type=standard A=10693:com.nareshkumarbalamurugan.YuvaUpdate} trace:com.android.server.wm.RecentTasks.add:1365 com.android.server.wm.ActivityStarter.startActivityInner:2627 com.android.server.wm.ActivityStarter.startActivityUnchecked:1897 com.android.server.wm.ActivityStarter.executeRequest:1639 com.android.server.wm.ActivityStarter.execute:905 
08-24 13:09:09.566  1863  2211 D ScorerRus: scorer params updated:ScoreParam id:5 baseId:0
08-24 13:09:09.566  1863  2211 D ScorerRus: L2={ rssi:[-80, -76, -72, -67][-80, -75, -72, -67][-80, -75, -72, -67] lowplatformrssi:[-77, -73, -69, -64][-77, -72, -69, -65][-77, -72, -69, -65] tx_per:[85, 75, 65, 20] txLost:[80, 70, 55, 40] txRetry:[90, 75, 60, 50] cca:[195, 170, 115, 70] link_speed:[8, 15, 24, 36][8, 15, 24, 36][8, 15, 24, 36][9, 18, 35, 70][10, 26, 35, 70] qos_poor_level_count:[3, 2, 2, 2, 1] stall_count:[5, 3, 2, 2, 1] traffic_insufficient_count:[5, 3, 2, 2, 1] tx_bad_count:[5, 3, 2, 2, 1] cca_bad_count:[5, 3, 2, 2, 1] tx_pps:[10, 50, 200] rx_pps:[10, 50, 200] LowLatencyPpsThreshold:0}
08-24 13:09:09.566  1863  2211 D ScorerRus: L3={ rtt:[370, 190, 110, 60] tx_lost:[80, 65, 50, 30] tx_retry:[85, 70, 55, 40] tx_through_put:[10, 100] rx_through_put:[10, 100] probe:[ http=[10000, 3000, 5, 200, 1] lan=[2000, 200, 3, 60, 3]]}
08-24 13:09:09.566  1863  2211 D ScorerRus: L4GameLatency=[110, 190, 300, 3000, 2000]
08-24 13:09:09.566  1863  2211 D ScorerRus: AppQoE=[1, 1, 1, 1]
08-24 13:09:09.566  1863  2211 D ScorerRus: qos_level_map:{111=1, 112=1, 113=1, 114=1, 115=1, 121=1, 122=1, 123=1, 124=1, 125=1, 131=1, 132=1, 133=1, 134=1, 135=2, 141=2, 142=2, 143=2, 144=3, 145=3, 151=2, 152=3, 153=3, 154=3, 155=3, 211=1, 212=1, 213=2, 214=2, 215=2, 221=1, 222=1, 223=2, 224=2, 225=2, 231=2, 232=3, 233=3, 234=3, 235=3, 241=3, 242=3, 243=3, 244=4, 245=4, 251=3, 252=3, 253=3, 254=4, 255=4, 311=1, 312=2, 313=2, 314=2, 315=2, 321=2, 322=2, 323=2, 324=3, 325=3, 331=3, 332=3, 333=3, 334=3, 335=3, 341=3, 342=3, 343=3, 344=4, 345=4, 351=3, 352=3, 353=3, 354=4, 355=5, 411=1, 412=2, 413=3, 414=2, 415=3, 421=3, 422=3, 423=3, 424=3, 425=3, 431=3, 432=3, 433=4, 434=4, 435=4, 441=3, 442=3, 443=4, 444=5, 445=5, 451=3, 452=3, 453=4, 454=5, 455=5, 511=3, 512=3, 513=3, 514=3, 515=3, 521=3, 522=3, 523=3, 524=4, 525=4, 531=4, 532=4, 533=5, 534=5, 535=5, 541=4, 542=4, 543=5, 544=5, 545=5, 551=4, 552=4, 553=5, 554=5, 555=5}
08-24 13:09:09.567  2310  2441 V WindowManagerShell: Transition requested (#2217): android.os.BinderProxy@dc24048 TransitionRequestInfo { type = OPEN, triggerTask = TaskInfo{userId=0 taskId=1176 displayId=0 isRunning=true baseIntent=Intent { flg=0x10000000 cmp=com.nareshkumarbalamurugan.YuvaUpdate/.MainActivity mCallingUid=2000 } baseActivity=ComponentInfo{com.nareshkumarbalamurugan.YuvaUpdate/com.nareshkumarbalamurugan.YuvaUpdate.MainActivity} topActivity=ComponentInfo{com.nareshkumarbalamurugan.YuvaUpdate/com.nareshkumarbalamurugan.YuvaUpdate.MainActivity} origActivity=null realActivity=ComponentInfo{com.nareshkumarbalamurugan.YuvaUpdate/com.nareshkumarbalamurugan.YuvaUpdate.MainActivity} numActivities=1 lastActiveTime=342869104 supportsSplitScreenMultiWindow=true supportsMultiWindow=true supportsPocketStudioMultiWindow=true isInFlexibleEmbedded = false uid = 10693 pid = 0 resizeMode=1 isResizeable=true minWidth=-1 minHeight=-1 defaultMinSize=220 token=WCT{android.window.IWindowContainerToken$Stub$Proxy@afb7ee1} topActivityType=1 pictureInPictureParams=null shouldDockBigOverlays=false launchIntoPipHostTaskId=-1 lastParentTaskIdBeforePip=-1 displayCutoutSafeInsets=Rect(0, 64 - 0, 0) topActivityInfo=ActivityInfo{c3c406 com.nareshkumarbalamurugan.YuvaUpdate.MainActivity} launchCookies=[] positionInParent=Point(0, 0) parentTaskId=-1 isFocused=false isVisible=false isVisibleRequested=false isSleeping=false locusId=null displayAreaFeatureId=1 isTopActivityTransparent=false appCompatTaskInfo=AppCompatTaskInfo { topActivityInSizeCompat=false topActivityInOplusCompatMode=false topActivityEligibleForLetterboxEducation= falseisLetterboxEducationEnabled= false isLetterboxDoubleTapEnabled= false topActivityEligibleForUserAspectRatioButton= false topActivityBoundsLetterboxed= false isFromLetterboxDoubleTap= false topActivityLetterboxVerticalPosition= -1 topActivityLetterboxHorizontalPosition= -1 topActivityLetterboxWidth=720 topActivityLetterboxHeight=1612 isUserFullscreenOverrideEnabled=false isSystemFullscreenOverrideEnabled=false cameraCompatTaskInfo=CameraCompatTaskInfo { cameraCompatControlState=hidden freeformCameraCompatMode=inactive}} topActivityLetterboxInsets=Rect(0, 0 - 0, 0) mOplusExtraBundle = Bundle[mParcelledData.dataSize=348]}, pipTask = null, remoteTransition = null, displayChange = null, flags = 0, debugId = 2217 }
08-24 13:09:09.567  2310  5124 E ReflectionUtils: methodInvoke SupressionGC failed1
08-24 13:09:09.567  2310  5124 E ReflectionUtils: java.lang.NoSuchMethodException: dalvik.system.VMRuntime.SupressionGC [int, int]
08-24 13:09:09.567  2310  5124 E ReflectionUtils: 	at java.lang.Class.getMethod(Class.java:2940)
08-24 13:09:09.567  2310  5124 E ReflectionUtils: 	at java.lang.Class.getDeclaredMethod(Class.java:2919)
08-24 13:09:09.567  2310  5124 E ReflectionUtils: 	at com.android.wm.shell.util.ReflectionUtils.methodInvoke(ReflectionUtils.java:32)
08-24 13:09:09.567  2310  5124 E ReflectionUtils: 	at com.oplus.transition.OplusTransitionReflectionHelper.callGcSupression(OplusTransitionReflectionHelper.java:109)
08-24 13:09:09.567  2310  5124 E ReflectionUtils: 	at com.android.wm.shell.ShellTaskOrganizer.addStartingWindow(ShellTaskOrganizer.java:549)
08-24 13:09:09.567  2310  5124 E ReflectionUtils: 	at android.window.TaskOrganizer$1.addStartingWindow(TaskOrganizer.java:298)
08-24 13:09:09.567  2310  5124 E ReflectionUtils: 	at android.window.ITaskOrganizer$Stub.onTransact(ITaskOrganizer.java:184)
08-24 13:09:09.567  2310  5124 E ReflectionUtils: 	at android.os.Binder.execTransactInternal(Binder.java:1523)
08-24 13:09:09.567  2310  5124 E ReflectionUtils: 	at android.os.Binder.execTransact(Binder.java:1457)
08-24 13:09:09.567  2310  2464 D PhoneStartingWindowTypeAlgorithm: preferredStartingWindowType newTask=true, taskSwitch=true, processRunning=false, allowTaskSnapshot=true, activityCreated=false, isSolidColorSplashScreen=false, legacySplashScreen=false, activityDrawn=false, windowless=false, topIsHome=false
08-24 13:09:09.568  2310  2464 D OplusShellStartingWindowManager: getReviseStartingWindowType not support, windowInfo is null
08-24 13:09:09.568  1863  6163 I ActivityTaskManager: START u0 {flg=0x10000000 cmp=com.nareshkumarbalamurugan.YuvaUpdate/.MainActivity mCallingUid=2000} with LAUNCH_SINGLE_TASK from uid 2000 (BAL_ALLOW_PERMISSION) result code=0
08-24 13:09:09.568   902 10988 E TetherController: property_get sys.radio.data.modem_share_flag return 0, 1!
08-24 13:09:09.568   952   952 I vendor.mediatek.hardware.mtkpower_applist-service.mediatek: packName: com.android.launcher actName: com.android.launcher.Launcher pid: 2613 activityId: 184267331 uid: 10169 state: 0
08-24 13:09:09.568   952   952 I MTK_APPList: [notifyAPPstate] com.android.launcher/com.android.launcher.Launcher, pid=2613, activityId=184267331, uid=10169, state:PAUSED, fps:-1, win:1
08-24 13:09:09.568   952   952 I MTK_APPList: [notifyAPPstate] multi_resumed_app_count: 2
08-24 13:09:09.568   952   952 I MTK_APPList: [notifyAPPstate] multi_resumed_app_info[0] com.whatsapp/com.whatsapp.accountswitching.secondaryprocess.AccountSwitchingActivity, pid:17014, activityId:25922012, fps:-1, isMultiWindow:0
08-24 13:09:09.568   952   952 I MTK_APPList: [notifyAPPstate] multi_resumed_app_info[1] com.whatsapp/com.whatsapp.accountswitching.secondaryprocess.AccountSwitchingActivity, pid:17014, activityId:209276310, fps:-1, isMultiWindow:0
08-24 13:09:09.568   952   952 I MTK_APPList: [getForegroundAPPCount] 2
08-24 13:09:09.569   952   952 I MTK_APPList: [notifyNetdUID] 10169
08-24 13:09:09.569  2613  2613 D callGcSupression: java.lang.NullPointerException: Attempt to invoke virtual method 'java.lang.Object java.lang.reflect.Method.invoke(java.lang.Object, java.lang.Object[])' on a null object reference
08-24 13:09:09.569  2613  2613 D ResourcesManagerExtImpl: applyConfigurationToAppResourcesLocked app.getDisplayId() return callback.displayId:0
08-24 13:09:09.569  4631  4701 W Battery : AppSceneCenter: PerfPolicy not enable!
08-24 13:09:09.569  4631  4721 W Battery : ThermalControllHandler: MSG_THERMAL_CONTROL_CATEGORY_CHANGED
08-24 13:09:09.569  1863  1896 D callGcSupression: java.lang.NullPointerException: Attempt to invoke virtual method 'java.lang.Object java.lang.reflect.Method.invoke(java.lang.Object, java.lang.Object[])' on a null object reference
08-24 13:09:09.569   952   952 I MTK_APPList: [notifyPID] 2613
08-24 13:09:09.570   954  1061 I libPowerHal: [perfSetSysInfo] pid type:24, 2613
08-24 13:09:09.570   952   952 I MTK_APPList: [notifyAPPstate] applist_idx_list[0] 14
08-24 13:09:09.570  1863  1900 I TaskOrganizerController: onTaskInfoChanged taskid 1 config { mBounds=Rect(0, 0 - 720, 1612) mAppBounds=Rect(0, 0 - 720, 1612) mMaxBounds=Rect(0, 0 - 720, 1612) mDisplayRotation=ROTATION_0 mWindowingMode=fullscreen mActivityType=home mAlwaysOnTop=undefined mRotation=ROTATION_0}
08-24 13:09:09.570   952   952 I MTK_APPList: [notifyAPPstate] AppScenarioStatusInfo[0] 1
08-24 13:09:09.570   952   952 I MTK_APPList: [notifyAPPstate] applist_idx_list[1] 14
08-24 13:09:09.570   952   952 I MTK_APPList: [notifyAPPstate] AppScenarioStatusInfo[1] 1
08-24 13:09:09.570  1863  1900 D OplusFlexibleWindowMinimizedManagerHelper: onTaskInfoChanged taskInfo:TaskInfo{userId=0 taskId=1 displayId=0 isRunning=true baseIntent=Intent { act=android.intent.action.MAIN cat=[android.intent.category.HOME] flg=0x34000000 cmp=com.android.launcher/.Launcher mCallingUid=10169 } baseActivity=ComponentInfo{com.android.launcher/com.android.launcher.Launcher} topActivity=ComponentInfo{com.android.launcher/com.android.launcher.Launcher} origActivity=null realActivity=null numActivities=1 lastActiveTime=31785 supportsSplitScreenMultiWindow=false supportsMultiWindow=true supportsPocketStudioMultiWindow=false isInFlexibleEmbedded = false uid = 10169 pid = 2613 resizeMode=2 isResizeable=true minWidth=-1 minHeight=-1 defaultMinSize=220 token=WCT{RemoteToken{bab5a88 Task{fc48624 #1 type=home}}} topActivityType=2 pictureInPictureParams=null shouldDockBigOverlays=false launchIntoPipHostTaskId=-1 lastParentTaskIdBeforePip=-1 displayCutoutSafeInsets=null topActivityInfo=ActivityInfo{49ade16 com.android.launcher.Launcher} launchCookies=[] positionInParent=Point(0, 0) parentTaskId=-1 isFocused=true isVisible=true isVisibleRequested=true isSleeping=false locusId=LocusId[17_chars] displayAreaFeatureId=1 isTopActivityTransparent=false appCompatTaskInfo=AppCompatTaskInfo { topActivityInSizeCompat=false topActivityInOplusCompatMode=false topActivityEligibleForLetterboxEducation= falseisLetterboxEducationEnabled= false isLetterboxDoubleTapEnabled= false topActivityEligibleForUserAspectRatioButton= false topActivityBoundsLetterboxed= false isFromLetterboxDoubleTap= false topActivityLetterboxVerticalPosition= -1 topActivityLetterboxHorizontalPosition= -1 topActivityLetterboxWidth=720 topActivityLetterboxHeight=1612 isUserFullscreenOverrideEnabled=false isSystemFullscreenOverrideEnabled=false cameraCompatTaskInfo=CameraCompatTaskInfo { cameraCompatControlState=hidden freeformCameraCompatMode=inactive}} topActivityLetterboxInsets=Rect(0, 0 - 0, 0) mOplusExtraBundle = Bundle[{androidx.flexible.taskFrame=Rect(0, 0 - 0, 0), key_flexible_task_state=0, androidx.activity.LaunchScenario=0, androidx.activity.LaunchScale=1.0}]} task:Task{fc48624 #1 type=home}
08-24 13:09:09.570  1863  1900 D OplusFlexibleDragToSplitAnimController: visibleFlexibleTaskInfos delete:1
08-24 13:09:09.571  1863  8756 I PowerHalWrapper: amsBoostProcessCreate package:com.nareshkumarbalamurugan.YuvaUpdate 
08-24 13:09:09.571  2613  2613 D ScrollOptim [SceneManager]: updateCurrentActivity: mCurrentActivityName=null, isOptEnable=true, isAnimAheadEnable=true, isFrameInsertEnable=true, InsertNum=1, isEnabledForScrollChanged=false
08-24 13:09:09.571  2613  2613 I SplitScreenManager: Attached Launcher#7ff3b0 ON_PAUSE
08-24 13:09:09.572  2613  2613 W LauncherClient[u0]: isConnected false because mOverlay is null
08-24 13:09:09.572  2310  2441 D ShellTaskOrganizerExt: visibleFlexibleTaskInfos delete:1
08-24 13:09:09.572  2310  2441 D ShellTaskOrganizerExt: isOnCanvas size:0
08-24 13:09:09.572  2310  2441 D ShellTaskOrganizerExt: isOnThreeFlexibleCanvas size:0
08-24 13:09:09.573  1863  6101 I OplusAccessController: enter isIgnoreAppSwitchActivity
08-24 13:09:09.573  1863  6101 I OplusAccessController: enter isIgnoreAppSwitchActivity and intent != null
08-24 13:09:09.573  1863  6101 I OplusAccessController: enter isIgnoreAppSwitchActivity and componentName != null
08-24 13:09:09.573  1863  6101 I OplusAccessController: enter isIgnoreAppSwitchActivity and packageName&activity is not Empty
08-24 13:09:09.573  2310  2464 D OplusShellStartingWindowManager: adjustSuggestedWindowType originType: 1, wi: StartingWindowInfo{taskId=1176 targetActivityInfo=null displayId=0 topActivityType=1 preferredStartingWindowType=8b insetsState=null topWindowLayoutParams=null mainWindowLayoutParams=null splashScreenThemeResId 7f14023c, exi: OplusStartingWindowExtendedInfo{mAppToken=android.os.BinderProxy@9a3fbbf, mSupportSplashScreenPreview=false, mIsSystemApp=false, mIsExceptionListApp=false, mPreviewBitmap=null, mShouldDrawBackground=false, mForceLightMode=false, mForceNightMode=false, mNotSupportNightMode=false, mForcePreview=false, mForceBigIcon=false, mQuickStartingSurface=null, mForceSolidColorSplash=false}
08-24 13:09:09.573  2310  2464 D OplusShellStartingWindowManager: adjustSuggestedWindowType: skip no-system app and no-exception list app
08-24 13:09:09.573  1863  6101 V SensorManager: call sensorServiceCommonInterface name: setScreenShotDisable
08-24 13:09:09.573  1863  6101 D SensorServiceExtImpl: sensorServiceCommonInterface funcName = setScreenShotDisable, flag = 0, status = 0
08-24 13:09:09.573  1863  6101 I OplusHansManager : front pkg: com.nareshkumarbalamurugan.YuvaUpdate, uid: 10693, prev pkg: com.android.launcher, prev uid: 10169
08-24 13:09:09.573  1863  6101 D RefreshRate: don't do app switch boost,arDisplayId:0 mDisplayId:0 currentSettingMode:2 hasAppSwitchBoostPriority:false is supportRefreshRateSwitch:true
08-24 13:09:09.573  1863  6101 V SensorManager: call sensorServiceCommonInterface name: setScreenShotDisable
08-24 13:09:09.573  2310  2465 D ShellStartingWindow: getWindowAttrs SplashScreenWindowAttrs{ mWindowBgResId: 7f08013a, mWindowBgColor: 0, mWindowBgImage: false, mSplashScreenIcon: false, mBrandingImage: false, mIconBgColor: 0, uiMode: 0}
08-24 13:09:09.574  2310  2465 I ShellStartingWindow: makeSplashScreenContentView themeBGColor: ffffffff, isDark: true, last config hash: 232195724
08-24 13:09:09.574  1863  6101 D SensorServiceExtImpl: sensorServiceCommonInterface funcName = setScreenShotDisable, flag = 0, status = 0
08-24 13:09:09.573  1073  1073 I BpBinder: onLastStrongRef automatically unlinking death recipients: 
08-24 13:09:09.574  1863  2204 I [UAH_CLIENT]: UahEventAcquire, cmdid:1, pkg:com.nareshkumarbalamurugan.YuvaUpdate, identity:com.android.server.wm
08-24 13:09:09.575  1073  1668 I SurfaceFlinger: [SF client] NEW(0xb400007c32ed2c00) for (2310:com.android.systemui)
08-24 13:09:09.576  1863  6101 D ActivityTaskManager: setAppVisibility(Token{82a169c ActivityRecord{7526322 u0 com.nareshkumarbalamurugan.YuvaUpdate/.MainActivity t1176}}, visible=true): mNextAppTransitionRequests=[], mNextAppTransitionFlags=,mAppTransitionState=APP_STATE_IDLE visible=false mVisibleRequested=false
08-24 13:09:09.576  1863  6101 D ActivityTaskManager: setVisibility(Token{82a169c ActivityRecord{7526322 u0 com.nareshkumarbalamurugan.YuvaUpdate/.MainActivity t1176}}, visible=true) defer commitVisibility for transition collecting
08-24 13:09:09.576  1863  6101 V SensorManager: call sensorServiceCommonInterface name: setScreenShotDisable
08-24 13:09:09.576  1863  6101 D SensorServiceExtImpl: sensorServiceCommonInterface funcName = setScreenShotDisable, flag = 0, status = 0
08-24 13:09:09.577  1863  2204 I [UAH_CLIENT]: UahEventAcquire, cmdid:1, pkg:com.nareshkumarbalamurugan.YuvaUpdate, identity:com.android.server.wm
08-24 13:09:09.577  1863  6101 D ActivityTaskManager: setAppVisibility(Token{51844b5 ActivityRecord{afbb243 u0 com.android.launcher/.Launcher t1145}}, visible=false): mNextAppTransitionRequests=[], mNextAppTransitionFlags=,mAppTransitionState=APP_STATE_IDLE visible=true mVisibleRequested=true
08-24 13:09:09.577  2310  2465 D ShellStartingWindow: inconsize = 384
08-24 13:09:09.577  1863  6101 D ActivityTaskManager: setVisibility(Token{51844b5 ActivityRecord{afbb243 u0 com.android.launcher/.Launcher t1145}}, visible=false) defer commitVisibility for transition collecting
08-24 13:09:09.578  2310  2464 D WindowManager: Add to mViews: android.widget.FrameLayout{86fa3b7 V.E...... ......I. 0,0-0,0 alpha=1.0 viewInfo = },pkg= com.nareshkumarbalamurugan.YuvaUpdate
08-24 13:09:09.578  2310  2528 D skia    : setRusSupported enable 0
08-24 13:09:09.582  2310  2441 D WindowManagerShell: setLauncherKeepClearAreaHeight: visible=false, height=168
08-24 13:09:09.583   954  1061 I libPowerHal: [perfLockAcq] idx:1 hdl:14176 hint:21 pid:954 tid:954 duration:10000 lock_user:vendor.mediatek => ret_hdl:14176
08-24 13:09:09.583   954  1061 I libPowerHal: [powerhal2uah] transfer powerhal opcode 0x01000000 value 0 to uah
08-24 13:09:09.583   954  1061 I [UAH_CLIENT]: UahPlatformResAcquire
08-24 13:09:09.583   954  1061 I [UAH_CLIENT]: UahEventAcquire, cmdid:-3, pkg:954 0, identity:mtk-powerd
08-24 13:09:09.584  1863  6101 D ActivityTaskManager: attachStartingWindow: mStartingData=SplashScreenStartingData{9ee5ecc waitForSyncTransactionCommit=false removeAfterTransaction= 0},mStartingWindow=Window{27cb01e u0 Splash Screen com.nareshkumarbalamurugan.YuvaUpdate}
08-24 13:09:09.584  1863  6101 I WindowManager: addWindow: New client android.os.BinderProxy@702ac59 : window=Window{27cb01e u0 Splash Screen com.nareshkumarbalamurugan.YuvaUpdate}
08-24 13:09:09.584  1863  2735 D NativeFreezeManager: freezeForAppSwitchScene mAppLaunchFzDxEnable enter, mFgAppPkgname com.nareshkumarbalamurugan.YuvaUpdate
08-24 13:09:09.584  1863  6101 D WindowManager: rotation(ROTATION_0) no changed  displayId = 0, lastOrientation = 1
08-24 13:09:09.586  2310  2464 D ViewRootImplExtImpl: onDisplayChanged -1 for VRI android.view.ViewRootImpl@d9c8a89
08-24 13:09:09.587  2310  2464 E OplusBracketLog: [OplusViewMirrorManager] updateHostViewRootIfNeeded, not support android.view.ViewRootImpl@d9c8a89
08-24 13:09:09.587  2310  2464 D ViewRootImplExtImpl: wrapConfigInfoIntoFlags rotation=0, smallestScreenWidthDp=360, relayoutAsync=false, flags=0, newFlags=23592960, residentWS=false, title=Splash Screen com.nareshkumarbalamurugan.YuvaUpdate
08-24 13:09:09.587   954  1061 I libPowerHal: [powerhal2uah] register powerhal handle 14176 to uah handle 34848
08-24 13:09:09.588  1863  6101 D CoreBackPreview: Window{27cb01e u0 Splash Screen com.nareshkumarbalamurugan.YuvaUpdate}: Setting back callback OnBackInvokedCallbackInfo{mCallback=android.window.IOnBackInvokedCallback$Stub$Proxy@928b515, mPriority=0, mIsAnimationCallback=false}
08-24 13:09:09.588   954  1061 I libPowerHal: [PE] MTKPOWER_HINT_PROCESS_CREATE update cmd:2020000, param:15, pr:3
08-24 13:09:09.588  1863  6163 D WindowManagerServiceExtImpl: extractConfigInfoAndRealFlags rotation=0, screenDp=360, residentWS:0, win=Window{27cb01e u0 Splash Screen com.nareshkumarbalamurugan.YuvaUpdate}
08-24 13:09:09.588   954  1061 I libPowerHal: [PE] MTKPOWER_HINT_PROCESS_CREATE update cmd:1408300, param:100, pr:3
08-24 13:09:09.588  1863  6163 V WindowManager: Relayout Window{27cb01e u0 Splash Screen com.nareshkumarbalamurugan.YuvaUpdate}: viewVisibility=0, oldvis=0, req=720x1612, vsysui=, x=0, y=0
08-24 13:09:09.588  1863  6163 I WindowManager: Window{27cb01e u0 Splash Screen com.nareshkumarbalamurugan.YuvaUpdate} state from NO_SURFACE to DRAW_PENDING; reason: resetDrawState
08-24 13:09:09.588   954  1061 I libPowerHal: [PE] MTKPOWER_HINT_PROCESS_CREATE update cmd:300c000, param:15, pr:3
08-24 13:09:09.588   954  1061 I libPowerHal: [PE] MTKPOWER_HINT_PROCESS_CREATE update cmd:808000 param:1 pr:3
08-24 13:09:09.588   954  1061 I libPowerHal: [perfLockAcq] Done for hdl : 14176
08-24 13:09:09.589  1073  1668 D OplusLayer: setProcInfo (30311,Splash Screen com.nareshkumarbalamurugan.YuvaUpdate#30311,com.android.systemui,0x4578D52F)
08-24 13:09:09.589   954  1061 I libPowerHal: [perfLockRel] hdl:14173, idx:-1
08-24 13:09:09.591  1863  6163 D WindowManager: NFW_findFocusedWindowIfNeeded:null mCurrentFocus:Window{3804917 u0 com.android.launcher/com.android.launcher.Launcher}
08-24 13:09:09.591   903   903 D Zygote  : Forked child process 9096
08-24 13:09:09.591  1863  6163 V WindowManager: Changing focus from Window{3804917 u0 com.android.launcher/com.android.launcher.Launcher} to null,diplayid=0
08-24 13:09:09.592  2310  2310 D callGcSupression: java.lang.NullPointerException: Attempt to invoke virtual method 'java.lang.Object java.lang.reflect.Method.invoke(java.lang.Object, java.lang.Object[])' on a null object reference
08-24 13:09:09.593  2310  2464 W VRI[YuvaUpdate]: updateBlastSurfaceIfNeeded, surfaceSize:Point(720, 1612), lastSurfaceSize:Point(0, 0), format:-3, blastBufferQueue:null
08-24 13:09:09.594  1073  1668 D [OSIE]  : scltmLayer_name VRI[YuvaUpdate][Splash Screen com.nareshkumarbalamurugan.YuvaUpdate]
08-24 13:09:09.594  1073  1668 D [OSIE]  : IsSCLTMLayer=0 
08-24 13:09:09.594  5962 20092 D ShellSubscriberWorkerThread: the first 8 bytes empty, and RestData length > 8 
08-24 13:09:09.594  2310  2464 D BufferQueueConsumer: [](id:906000005e0,api:0,p:-1,c:2310) connect: controlledByApp=false
08-24 13:09:09.595  2310  2441 D ZoomController: onTaskMovedToFront, task id:1176
08-24 13:09:09.595  2310  2441 I ZoomUiController: FloatHandle-isFloatHandleShow mPackageName = null
08-24 13:09:09.597  2310  2464 I SurfaceControl:  setExtendedRangeBrightness sc=Surface(name=Splash Screen com.nareshkumarbalamurugan.YuvaUpdate)/@0x11952af,currentBufferRatio=1.0,desiredRatio=1.0
08-24 13:09:09.601  1863  1914 I ActivityManager: Start proc 9096:com.nareshkumarbalamurugan.YuvaUpdate/u0a693 for next-top-activity {com.nareshkumarbalamurugan.YuvaUpdate/com.nareshkumarbalamurugan.YuvaUpdate.MainActivity}
08-24 13:09:09.601  1863  1914 W ContextImpl: Calling a method in the system process without a qualified user: android.app.ContextImpl.sendBroadcast:1261 com.android.server.am.OplusAppStartupConfig.sendAbnormalNotify:1927 com.android.server.am.OplusAppStartupConfig.notifyAbnormalInfo:1860 com.android.server.am.OplusAppStartupManager.handleStartAppInfo:5356 com.android.server.am.ProcessListExtImpl.hookHandleProcessStart:294 
08-24 13:09:09.604  1863  3104 I OplusHansManager : onUidActive() update stay time, uid=10693, pkgName=com.nareshkumarbalamurugan.YuvaUpdate, U stay=92
08-24 13:09:09.605  1044 26778 D AudioPolicyService: updateUidStates_l() current->uid=99000 current->pid=7839 allowCapture=1 UidState=5 apmStat=1
08-24 13:09:09.607  2310  2528 D BLASTBufferQueue: [VRI[YuvaUpdate][Splash Screen com.nareshkumarbalamurugan.YuvaUpdate]#1480](f:0,a:1) acquireNextBufferLocked size=720x1612 mFrameNumber=1 applyTransaction=true mTimestamp=169592898974492(auto) mPendingTransactions.size=0 graphicBufferId=9921374501616 transform=0
08-24 13:09:09.609  2310  2528 D VRI[YuvaUpdate]: Received frameCommittedCallback lastAttemptedDrawFrameNum=1 didProduceBuffer=true syncBuffer=false
08-24 13:09:09.609  9096  9096 I ugan.YuvaUpdate: Late-enabling -Xcheck:jni
08-24 13:09:09.610  2310  2464 D VRI[YuvaUpdate]: draw finished. seqId=0
08-24 13:09:09.612  1863  2338 I Osense-BaseDecisionMaker: notifySceneToAthenaPolicy: SCENE_APP_SWITCH, bundle: Bundle[{prevPkgName=com.android.launcher, curUid=10693, curPkgName=com.nareshkumarbalamurugan.YuvaUpdate, prevUid=10169}]
08-24 13:09:09.612  1863  2338 I Osense-BaseDecisionMaker: scene: SCENE_APP_SWITCH, excutingPolicy: freezer
08-24 13:09:09.612  1863  2338 D Osense-BaseDecisionMaker: invoke freezer policy,type: fast
08-24 13:09:09.613  1863  6101 D OplusTransitionController: onSyncFinishedDrawing, Window{27cb01e u0 Splash Screen com.nareshkumarbalamurugan.YuvaUpdate}
08-24 13:09:09.613  2310  2464 D ViewRootImplExtImpl: setMaxDequeuedBufferCount: 2
08-24 13:09:09.613  1863  6101 I WindowManager: finishDrawing skipLayout:false,syncSeqId=0,mPrepareSyncSeqId=0 Window{27cb01e u0 Splash Screen com.nareshkumarbalamurugan.YuvaUpdate} com.android.server.wm.WindowManagerService.finishDrawingWindow:3140 com.android.server.wm.Session.finishDrawing:380 android.view.IWindowSession$Stub.onTransact:815 
08-24 13:09:09.613  1863  6101 I WindowManager: Window{27cb01e u0 Splash Screen com.nareshkumarbalamurugan.YuvaUpdate} state from DRAW_PENDING to COMMIT_DRAW_PENDING; reason: finishDrawingLocked
08-24 13:09:09.613  1863  6101 D OplusTransitionAnimationManager: skipFinishDrawingIfNeed clientRotation=0, currentRotation=0, hasFixedRotationApp=false, requestedOrientation=1, win=Window{27cb01e u0 Splash Screen com.nareshkumarbalamurugan.YuvaUpdate}, activity=ActivityRecord{7526322 u0 com.nareshkumarbalamurugan.YuvaUpdate/.MainActivity t1176}, currentConfig={1.0 ??mcc??mnc [en_IN,en_GB] ldltr sw360dp w360dp h806dp 320dpi nrml long port night finger -keyb/v/h -nav/h winConfig={ mBounds=Rect(0, 0 - 720, 1612) mAppBounds=Rect(0, 0 - 720, 1612) mMaxBounds=Rect(0, 0 - 720, 1612) mDisplayRotation=ROTATION_0 mWindowingMode=fullscreen mActivityType=standard mAlwaysOnTop=undefined mRotation=ROTATION_0} s.2 fontWeightAdjustment=0mThemeChanged= 1, mThemeChangedFlags= 11, mFlipFont= 0, mScenario= 0, mAccessibleChanged= -1, mUxIconConfig= 3468918229140783377, mMaterialColor= 3, mUserId= 0, mFontUserId= 0, mFontVariationSettings= 1226, mFoldingAngle = -1.0, mIconPackName= , mDarkModeBackgroundMaxL= 0.0, mDarkModeDialogBgMaxL= 27.0, mDarkModeForegroundMinL= 100.0, mOplusConfigType= 1, mOplusChangedConfigs= 0, OpSans= -1, mBurmeseFontFlag= 2, mFlag= 0, mFlexibleActivitySuitable= -1, mPuttDisplayFlag= -1}
08-24 13:09:09.614  2310  2464 W VRI[YuvaUpdate]: handleResized, msg:, frameChanged:false, configChanged:false, displayChanged:false, attachedFrameChanged:false, compatScaleChanged:false, pendingDragResizing=false
08-24 13:09:09.614  1863  6101 I InputDispatcher: updateFocusedWindow,  on display 0, reason: NO_WINDOW, result:   FocusedWindows: <none>
08-24 13:09:09.618  1863  1900 I WindowManager: Window{27cb01e u0 Splash Screen com.nareshkumarbalamurugan.YuvaUpdate} state from COMMIT_DRAW_PENDING to READY_TO_SHOW; reason: commitFinishDrawingLocked
08-24 13:09:09.618  2613  2613 D VRI[Launcher]: onFocusEvent false
08-24 13:09:09.618  1863  1900 D ActivityTaskManager: onStartingWindowDrawn: app=null, mStartingData=SplashScreenStartingData{9ee5ecc waitForSyncTransactionCommit=false removeAfterTransaction= 0}, finishing=false,mLaunchedFromBubble=false, mVisibleRequested=true, mDisplayContent=Display{#0 state=ON size=720x1612 ROTATION_0}, isZoomMode=false
08-24 13:09:09.619  1863  1900 D ActivityTaskManager: isStartingWindowDisplayed: data.mIsDisplayed = true, mStartingWindow.isDrawn = true
08-24 13:09:09.619  1863  1900 D ActivityTaskManager: isStartingWindowDisplayed: data.mIsDisplayed = true, mStartingWindow.isDrawn = true
08-24 13:09:09.620  1863  1900 D ActivityTaskManager: commitVisibility: ActivityRecord{7526322 u0 com.nareshkumarbalamurugan.YuvaUpdate/.MainActivity t1176}: visible=true visibleRequested=true, isInTransition=true, runningAnimation=true 
08-24 13:09:09.621  1863  1900 I WindowManager: Window{27cb01e u0 Splash Screen com.nareshkumarbalamurugan.YuvaUpdate} state from READY_TO_SHOW to HAS_DRAWN; reason: performShowLocked
08-24 13:09:09.621  1863  1900 I WindowStateExtImpl: onSurfaceShowChange show = true mPackageName = com.nareshkumarbalamurugan.YuvaUpdate parentPkgName = com.nareshkumarbalamurugan.YuvaUpdate
08-24 13:09:09.621  1863  1900 D Transition: collectOrderChanges onTopTasksEnd: [Task{3cd3370 #1176 type=standard A=10693:com.nareshkumarbalamurugan.YuvaUpdate}], reportedOnTop:null, mOnTopTasksStart: [Task{3cd3370 #1176 type=standard A=10693:com.nareshkumarbalamurugan.YuvaUpdate}], TDA child: [Task{2f4ca1d #2 type=undefined}, Task{c5e1087 #1060 type=standard A=10248:com.google.android.apps.docs}, Task{72c0e06 #1063 type=standard A=10208:com.android.mms}, Task{d1aaa22 #1040 type=standard A=10524:com.phonepe.app}, Task{e55413e #1083 type=standard I=com.google.android.googlequicksearchbox/com.google.android.apps.search.assistant.surfaces.voice.robin.main.MainActivity}, Task{7d27b1a #1094 type=standard A=10138:com.coloros.calculator}, Task{8c0b524 #1091 type=standard A=1000:com.android.settings}, Task{830d359 #1080 type=standard A=10125:com.android.chrome}, Task{640e2a7 #1065 type=standard A=1000:com.android.settings.root}, Task{759ad98 #1114 type=standard A=10140:com.coloros.filemanager}, Task{f1ec520 #1118 type=standard A=10104:com.google.android.googlequicksearchbox.LensActivity}, Task{4508365 #1054 type=standard A=10326:com.linkedin.android}, Task{98c4d46 #1144 type=standard A=10141:com.coloros.alarmclock}, Task{f8daf05 #1051 type=standard A=10449:android.task.contacts}, Task{516fd19 #1089 type=standard A=10136:com.google.android.youtube}, Task{b50aa7b #1167 type=standard A=10297:com.adobe.scan.android}, Task{c8a5ca4 #1135 type=standard A=10096:com.oppo.quicksearchbox}, Task{8e507 #1113 type=standard A=10416:com.whatsapp}, Task{fc48624 #1 type=home}, Task{3cd3370 #1176 type=standard A=10693:com.nareshkumarbalamurugan.YuvaUpdate}]
08-24 13:09:09.622  2310  2528 D VRI[YuvaUpdate]: Received frameCommittedCallback lastAttemptedDrawFrameNum=2 didProduceBuffer=false syncBuffer=false
08-24 13:09:09.622  1863  1900 D OplusFlexibleActivityTransitionManager: fixTransitType type result:1, targets: [Task{3cd3370 #1176 type=standard A=10693:com.nareshkumarbalamurugan.YuvaUpdate}, Task{fc48624 #1 type=home}]
08-24 13:09:09.622  2310  2464 D VRI[YuvaUpdate]: draw finished. seqId=0
08-24 13:09:09.624  1863  1900 D OplusTransitionAnimationManager: markLaunchFromDriveIfNeed: isFromDrive = false
08-24 13:09:09.624  1863  1900 D OplusTransitionAnimationManager: markLaunchFromDriveIfNeed: isFromDrive = false
08-24 13:09:09.624  1863  1900 D OplusTransitionController: onTransactionReady, transition: 2217, 
08-24 13:09:09.624  1863  1900 D OplusTransitionController:  info: {id=2217 t=OPEN f=0x0 trk=0 r=[0@Point(0, 0)] c=[{WCT{RemoteToken{880a4f6 Task{3cd3370 #1176 type=standard A=10693:com.nareshkumarbalamurugan.YuvaUpdate}}} m=OPEN f=NONE leash=Surface(name=Task=1176)/@0xd4d60f7 sb=Rect(0, 0 - 720, 1612) eb=Rect(0, 0 - 720, 1612) d=0 taskParent=-1},{WCT{RemoteToken{bab5a88 Task{fc48624 #1 type=home}}} m=TO_BACK f=SHOW_WALLPAPER leash=Surface(name=Task=1)/@0x70a5ece sb=Rect(0, 0 - 720, 1612) eb=Rect(0, 0 - 720, 1612) d=0 taskParent=-1}] extendInfo=[OplusTransitionExtendedInfo{mTmpFinishT=null, mInOplusCompatMode=false, mIsProcessRunning=false, mHasMismatchBoundsTarget=false, mRecentsController=null, mIsTranslucentActivityToHome=false, mAvoidInterceptKeyEventToHome=false, mIsFromHome=false, mParentLeash=null, mIsOplusAnimRes=false, mIsFromOverlay=false, mIsBalAllow=false, mTaskNotInRecent=false, mIsLaunchFromSpruce=false, mIsLaunchFromDrive=false, mAssistScreenShowing=false, mUserIdTransition=0, mInRemoteScene=false, mInPreReady=false, mPreStart=false, mToken=null, mShellApplyToken=null, mRequestTransitionTaskId=1176, mAbortTransitionOnShell=0, mTransitionId=2217, mAnimStartingPosition=[0, 0, 0, 0], mIsOpeningStkDialogActivity=false}]}, 
08-24 13:09:09.624  1863  1900 D OplusTransitionController:  targets : [Task{3cd3370 #1176 type=standard A=10693:com.nareshkumarbalamurugan.YuvaUpdate}, Task{fc48624 #1 type=home}], 
08-24 13:09:09.624  1863  1900 D OplusTransitionController:  participants: {Task{3cd3370 #1176 type=standard A=10693:com.nareshkumarbalamurugan.YuvaUpdate}, WallpaperWindowToken{65edeb8 token=android.os.Binder@dfb6508 showWhenLocked=true}, ActivityRecord{7526322 u0 com.nareshkumarbalamurugan.YuvaUpdate/.MainActivity t1176}, ActivityRecord{afbb243 u0 com.android.launcher/.Launcher t1145}, WallpaperWindowToken{ed08ecc token=android.os.Binder@61f7795 showWhenLocked=false}}, 
08-24 13:09:09.624  1863  1900 D OplusTransitionController:  playings:[TransitionRecord{387bb64 id=2217 track=0 type=OPEN flags=0x0 state=2}]
08-24 13:09:09.626  1863  1900 D callGcDesupression: java.lang.NullPointerException: Attempt to invoke virtual method 'java.lang.Object java.lang.reflect.Method.invoke(java.lang.Object, java.lang.Object[])' on a null object reference
